******************************************************************************
                  TI ARM Linker PC v18.1.1                     
******************************************************************************
>> Linked Tue Jun 26 14:55:40 2018

OUTPUT FILE NAME:   <empty_project.out>
ENTRY POINT SYMBOL: "_c_int00_noargs"  address: 00005845


MEMORY CONFIGURATION

         name            origin    length      used     unused   attr    fill
----------------------  --------  ---------  --------  --------  ----  --------
  MAIN                  00000000   00040000  00005ff8  0003a008  R  X
  INFO                  00200000   00004000  00000000  00004000  R  X
  SRAM_CODE             01000000   00010000  00000000  00010000  RW X
  SRAM_DATA             20000000   00010000  00001228  0000edd8  RW  


SEGMENT ALLOCATION MAP

run origin  load origin   length   init length attrs members
----------  ----------- ---------- ----------- ----- -------
00000000    00000000    00005ff8   00005ff8    r-x
  00000000    00000000    00000140   00000140    r-- .intvecs
  00000140    00000140    00005c38   00005c38    r-x .text
  00005d78    00005d78    00000180   00000180    r-- .const
  00005ef8    00005ef8    00000100   00000100    r-- .cinit
20000000    20000000    00001028   00000000    rw-
  20000000    20000000    00000800   00000000    rw- .sysmem
  20000800    20000800    0000059c   00000000    rw- .bss
  20000d9c    20000d9c    0000028c   00000000    rw- .data
2000fe00    2000fe00    00000200   00000000    rw-
  2000fe00    2000fe00    00000200   00000000    rw- .stack


SECTION ALLOCATION MAP

 output                                  attributes/
section   page    origin      length       input sections
--------  ----  ----------  ----------   ----------------
.intvecs   0    00000000    00000140     
                  00000000    00000140     startup_msp432p401r_ccs.obj (.intvecs:retain)

.text      0    00000140    00005c38     
                  00000140    00000f9c     main.obj (.text)
                  000010dc    00000a5e     rtsv7M4_T_le_v4SPD16_eabi.lib : _printfi.c.obj (.text:__TI_printfi)
                  00001b3a    00000002                                   : _lock.c.obj (.text:_nop)
                  00001b3c    000009c0                                   : e_pow.c.obj (.text:pow)
                  000024fc    000003e0     PinSetup.obj (.text)
                  000028dc    00000328     system_msp432p401r.obj (.text)
                  00002c04    00000270     rtsv7M4_T_le_v4SPD16_eabi.lib : _printfi.c.obj (.text:_pconv_a)
                  00002e74    000001d4     msp432p4xx_driverlib.lib : flash.o (.text:FlashCtl_verifyMemory)
                  00003048    000001d0     rtsv7M4_T_le_v4SPD16_eabi.lib : _printfi.c.obj (.text:_pconv_g)
                  00003218    000001b6                                   : fd_add_t2.asm.obj (.text)
                  000033ce    00000002                                   : div0.asm.obj (.text)
                  000033d0    00000180     msp432p4xx_driverlib.lib : flash.o (.text:_FlashCtl_ProgramBurst)
                  00003550    00000158     rtsv7M4_T_le_v4SPD16_eabi.lib : e_sqrt.c.obj (.text:sqrt)
                  000036a8    0000013c                                   : _printfi.c.obj (.text:_pconv_e)
                  000037e4    00000136                                   : fd_div_t2.asm.obj (.text)
                  0000391a    00000002     --HOLE-- [fill = 0]
                  0000391c    00000120                                   : _printfi.c.obj (.text:fcvt)
                  00003a3c    00000114                                   : fputs.c.obj (.text:fputs)
                  00003b50    00000110                                   : s_scalbn.c.obj (.text:scalbn)
                  00003c60    000000fc                                   : fd_mul_t2.asm.obj (.text)
                  00003d5c    000000fa     msp432p4xx_driverlib.lib : flash.o (.text:FlashCtl_programMemory)
                  00003e56    00000002     --HOLE-- [fill = 0]
                  00003e58    000000ec                              : flash.o (.text:FlashCtl_eraseSector)
                  00003f44    000000e4                              : flash.o (.text:__FlashCtl_remaskBurstDataPost)
                  00004028    000000e4                              : flash.o (.text:__FlashCtl_remaskBurstDataPre)
                  0000410c    000000dc     rtsv7M4_T_le_v4SPD16_eabi.lib : setvbuf.c.obj (.text:setvbuf)
                  000041e8    000000d8                                   : memory.c.obj (.text:free)
                  000042c0    000000b1                                   : _printfi.c.obj (.text:_ltostr)
                  00004371    00000003     --HOLE-- [fill = 0]
                  00004374    000000b0     msp432p4xx_driverlib.lib : flash.o (.text:_FlashCtl_Program32)
                  00004424    000000ac                              : flash.o (.text:__FlashCtl_remaskData32Post)
                  000044d0    000000ac                              : flash.o (.text:__FlashCtl_remaskData32Pre)
                  0000457c    000000a8                              : flash.o (.text:_FlashCtl_Program8)
                  00004624    0000009c                              : cs.o (.text:CS_startHFXTWithTimeout)
                  000046c0    0000009c                              : cs.o (.text:CS_startLFXTWithTimeout)
                  0000475c    0000009c     rtsv7M4_T_le_v4SPD16_eabi.lib : memcpy_t2.asm.obj (.text)
                  000047f8    00000096                                   : ull_div_t2.asm.obj (.text)
                  0000488e    00000002     --HOLE-- [fill = 0]
                  00004890    0000008c                                   : fputc.c.obj (.text:fputc)
                  0000491c    00000086                                   : fd_cmp_t2.asm.obj (.text:__aeabi_cdcmple)
                  000049a2    00000086                                   : fd_cmp_t2.asm.obj (.text:__aeabi_cdrcmple)
                  00004a28    0000007a                                   : memset_t2.asm.obj (.text)
                  00004aa2    00000002     --HOLE-- [fill = 0]
                  00004aa4    00000078                                   : memory.c.obj (.text:malloc)
                  00004b1c    00000074                                   : fclose.c.obj (.text:__TI_closefile)
                  00004b90    00000070     msp432p4xx_driverlib.lib : cs.o (.text:_CSGetHFXTFrequency)
                  00004c00    0000006e     rtsv7M4_T_le_v4SPD16_eabi.lib : _printfi.c.obj (.text:_mcpy)
                  00004c6e    00000002     --HOLE-- [fill = 0]
                  00004c70    0000006c     msp432p4xx_driverlib.lib : flash.o (.text:__FlashCtl_remaskData8Pre)
                  00004cdc    00000068     rtsv7M4_T_le_v4SPD16_eabi.lib : hostlseek.c.obj (.text:HOSTlseek)
                  00004d44    00000068                                   : hostrename.c.obj (.text:HOSTrename)
                  00004dac    00000068     msp432p4xx_driverlib.lib : flash.o (.text:__FlashCtl_remaskData8Post)
                  00004e14    00000068     rtsv7M4_T_le_v4SPD16_eabi.lib : copy_decompress_lzss.c.obj (.text:decompress:lzss:__TI_decompress_lzss)
                  00004e7c    00000068                                   : printf.c.obj (.text:printf)
                  00004ee4    00000064                                   : s_frexp.c.obj (.text:frexp)
                  00004f48    00000064                                   : fseek.c.obj (.text:fseek)
                  00004fac    00000062                                   : _io_perm.c.obj (.text:__TI_wrt_ok)
                  0000500e    00000002     --HOLE-- [fill = 0]
                  00005010    00000060                                   : hostopen.c.obj (.text:HOSTopen)
                  00005070    0000005c                                   : close.c.obj (.text:close)
                  000050cc    00000058     msp432p4xx_driverlib.lib : flash.o (.text:FlashCtl_isSectorProtected)
                  00005124    00000058                              : flash.o (.text:FlashCtl_unprotectSector)
                  0000517c    00000058     rtsv7M4_T_le_v4SPD16_eabi.lib : hostread.c.obj (.text:HOSTread)
                  000051d4    00000058                                   : hostwrite.c.obj (.text:HOSTwrite)
                  0000522c    00000056                                   : _printfi.c.obj (.text:_pconv_f)
                  00005282    00000054                                   : ltoa.c.obj (.text:ltoa)
                  000052d6    00000052                                   : _printfi.c.obj (.text:_ecpy)
                  00005328    00000050     msp432p4xx_driverlib.lib : flash.o (.text:FlashCtl_protectSector)
                  00005378    00000050                              : sysctl.o (.text:SysCtl_getTLVInfo)
                  000053c8    0000004c                              : flash.o (.text:FlashCtl_setReadMode)
                  00005414    0000004c     rtsv7M4_T_le_v4SPD16_eabi.lib : fflush.c.obj (.text:__TI_doflush)
                  00005460    0000004c                                   : atoi.c.obj (.text:atoi)
                  000054ac    0000004c                                   : snprintf.c.obj (.text:snprintf)
                  000054f8    00000048                                   : exit.c.obj (.text:exit)
                  00005540    00000048                                   : fd_toi_t2.asm.obj (.text)
                  00005588    00000044                                   : hostclose.c.obj (.text:HOSTclose)
                  000055cc    00000044                                   : hostunlink.c.obj (.text:HOSTunlink)
                  00005610    00000044                                   : autoinit.c.obj (.text:__TI_auto_init_nobinit_nopinit:__TI_auto_init_nobinit_nopinit)
                  00005654    00000044                                   : getdevice.c.obj (.text:getdevice)
                  00005698    00000044                                   : fd_tou_t2.asm.obj (.text)
                  000056dc    00000040                                   : sprintf.c.obj (.text:sprintf)
                  0000571c    0000003e                                   : _printfi.c.obj (.text:_fcpy)
                  0000575a    00000002     --HOLE-- [fill = 0]
                  0000575c    0000003c     msp432p4xx_driverlib.lib : flash.o (.text:FlashCtl_clearProgramVerification)
                  00005798    0000003c     rtsv7M4_T_le_v4SPD16_eabi.lib : memory.c.obj (.text:minsert)
                  000057d4    00000038     msp432p4xx_driverlib.lib : flash.o (.text:FlashCtl_setProgramVerification)
                  0000580c    00000038     rtsv7M4_T_le_v4SPD16_eabi.lib : trgmsg.c.obj (.text:__TI_writemsg)
                  00005844    00000038                                   : boot_cortex_m.c.obj (.text:_c_int00_noargs:_c_int00_noargs)
                  0000587c    00000038                                   : memory.c.obj (.text:minit)
                  000058b4    00000036                                   : strncpy.c.obj (.text:strncpy)
                  000058ea    00000002     --HOLE-- [fill = 0]
                  000058ec    00000034                                   : fopen.c.obj (.text:__TI_cleanup)
                  00005920    00000034                                   : trgmsg.c.obj (.text:__TI_readmsg)
                  00005954    00000030                                   : snprintf.c.obj (.text:_outs)
                  00005984    00000030                                   : getdevice.c.obj (.text:finddevice)
                  000059b4    0000002e                                   : i_tofd_t2.asm.obj (.text)
                  000059e2    0000002c                                   : strncmp.c.obj (.text:strncmp)
                  00005a0e    00000002     --HOLE-- [fill = 0]
                  00005a10    0000002c                                   : unlink.c.obj (.text:unlink)
                  00005a3c    00000028     msp432p4xx_driverlib.lib : flash.o (.text:FlashCtl_setWaitState)
                  00005a64    00000028     rtsv7M4_T_le_v4SPD16_eabi.lib : lseek.c.obj (.text:lseek)
                  00005a8c    00000028                                   : memory.c.obj (.text:mremove)
                  00005ab4    00000028                                   : write.c.obj (.text:write)
                  00005adc    00000024     msp432p4xx_driverlib.lib : flash.o (.text:FlashCtl_getReadMode)
                  00005b00    00000020                              : flash.o (.text:FlashCtl_enableWordProgramming)
                  00005b20    00000020     rtsv7M4_T_le_v4SPD16_eabi.lib : memchr.c.obj (.text:memchr)
                  00005b40    00000020                                   : u_tofd_t2.asm.obj (.text)
                  00005b60    0000001c     msp432p4xx_driverlib.lib : flash.o (.text:FlashCtl_getWaitState)
                  00005b7c    0000001c     rtsv7M4_T_le_v4SPD16_eabi.lib : memccpy.c.obj (.text:memccpy)
                  00005b98    00000018     msp432p4xx_driverlib.lib : gpio.o (.text:GPIO_setOutputLowOnPin)
                  00005bb0    00000018     rtsv7M4_T_le_v4SPD16_eabi.lib : snprintf.c.obj (.text:_outc)
                  00005bc8    00000018                                   : sprintf.c.obj (.text:_outs)
                  00005be0    00000018                                   : strcmp.c.obj (.text:strcmp)
                  00005bf8    00000016                                   : strchr.c.obj (.text:strchr)
                  00005c0e    00000002     --HOLE-- [fill = 0]
                  00005c10    00000014     msp432p4xx_driverlib.lib : cs.o (.text:CS_setExternalClockSourceFrequency)
                  00005c24    00000014                              : gpio.o (.text:GPIO_setOutputHighOnPin)
                  00005c38    00000014     rtsv7M4_T_le_v4SPD16_eabi.lib : s_copysign.c.obj (.text:copysign)
                  00005c4c    00000014                                   : strcpy.c.obj (.text:strcpy)
                  00005c60    00000014                                   : strlen.c.obj (.text:strlen)
                  00005c74    00000012     startup_msp432p401r_ccs.obj (.text)
                  00005c86    00000012     rtsv7M4_T_le_v4SPD16_eabi.lib : wcslen.c.obj (.text:wcslen)
                  00005c98    00000010     msp432p4xx_driverlib.lib : flash.o (.text:FlashCtl_disableWordProgramming)
                  00005ca8    00000010                              : interrupt.o (.text:Interrupt_disableMaster)
                  00005cb8    00000010                              : interrupt.o (.text:Interrupt_enableMaster)
                  00005cc8    00000010                              : sysctl.o (.text:SysCtl_disableNMISource)
                  00005cd8    00000010                              : sysctl.o (.text:SysCtl_enableNMISource)
                  00005ce8    0000000e     rtsv7M4_T_le_v4SPD16_eabi.lib : copy_decompress_none.c.obj (.text:decompress:none:__TI_decompress_none)
                  00005cf6    0000000c     msp432p4xx_driverlib.lib : cpu.o (.text:CPU_cpsid)
                  00005d02    0000000c                              : cpu.o (.text:CPU_cpsie)
                  00005d0e    00000002     --HOLE-- [fill = 0]
                  00005d10    0000000c                              : flash.o (.text:FlashCtl_getInterruptStatus)
                  00005d1c    0000000c                              : sysctl.o (.text:SysCtl_getFlashSize)
                  00005d28    0000000c                              : sysctl.o (.text:SysCtl_getNMISourceStatus)
                  00005d34    0000000c     rtsv7M4_T_le_v4SPD16_eabi.lib : copy_zero_init.c.obj (.text:decompress:ZI:__TI_zero_init)
                  00005d40    0000000a     msp432p4xx_driverlib.lib : cpu.o (.text:CPU_primask)
                  00005d4a    0000000a     rtsv7M4_T_le_v4SPD16_eabi.lib : sprintf.c.obj (.text:_outc)
                  00005d54    00000008                                   : errno.c.obj (.text:__aeabi_errno_addr)
                  00005d5c    00000006     msp432p4xx_driverlib.lib : cs.o (.text:CS_startHFXT)
                  00005d62    00000006                              : cs.o (.text:CS_startLFXT)
                  00005d68    00000004     rtsv7M4_T_le_v4SPD16_eabi.lib : printf.c.obj (.text:_outc)
                  00005d6c    00000004                                   : printf.c.obj (.text:_outs)
                  00005d70    00000004                                   : pre_init.c.obj (.text:_system_pre_init)
                  00005d74    00000004                                   : exit.c.obj (.text:abort:abort)

.const     0    00005d78    00000180     
                  00005d78    00000101     rtsv7M4_T_le_v4SPD16_eabi.lib : ctype.c.obj (.const:.string:_ctypes_)
                  00005e79    00000007     --HOLE-- [fill = 0]
                  00005e80    00000030                                   : e_pow.c.obj (.const:$O1$$)
                  00005eb0    00000024     PinSetup.obj (.const:$P$T0$1)
                  00005ed4    00000024     PinSetup.obj (.const:$P$T1$2)

.cinit     0    00005ef8    00000100     
                  00005ef8    000000d7     (.cinit..data.load) [load image, compression = lzss]
                  00005fcf    00000001     --HOLE-- [fill = 0]
                  00005fd0    0000000c     (__TI_handler_table)
                  00005fdc    00000004     --HOLE-- [fill = 0]
                  00005fe0    00000008     (.cinit..bss.load) [load image, compression = zero_init]
                  00005fe8    00000010     (__TI_cinit_table)

.init_array 
*          0    00000000    00000000     UNINITIALIZED

.sysmem    0    20000000    00000800     UNINITIALIZED
                  20000000    00000008     rtsv7M4_T_le_v4SPD16_eabi.lib : memory.c.obj (.sysmem)
                  20000008    000007f8     --HOLE--

.bss       0    20000800    0000059c     UNINITIALIZED
                  20000800    0000012c     (.common:GPSString)
                  2000092c    0000012c     (.common:dataString)
                  20000a58    00000120     rtsv7M4_T_le_v4SPD16_eabi.lib : trgmsg.c.obj (.bss:_CIOBUF_)
                  20000b78    000000a0     (.common:__TI_tmpnams)
                  20000c18    00000064     (.common:PCString)
                  20000c7c    00000064     (.common:PCdataString)
                  20000ce0    0000002f     main.obj (.bss:GPSinfo)
                  20000d0f    00000024     main.obj (.bss:CurrentFixSaveString)
                  20000d33    00000024     main.obj (.bss:FixRead)
                  20000d57    00000001     --HOLE--
                  20000d58    0000001c     main.obj (.bss:SetTime)
                  20000d74    0000000a     main.obj (.bss:Config)
                  20000d7e    00000008     (.common:PDOPString)
                  20000d86    00000008     (.common:parmbuf)
                  20000d8e    00000004     main.obj (.bss:FixMemoryLocator)
                  20000d92    00000002     --HOLE--
                  20000d94    00000004     (.common:hfxtFreq)
                  20000d98    00000004     (.common:lfxtFreq)

.data      0    20000d9c    0000028c     UNINITIALIZED
                  20000d9c    000000f0     rtsv7M4_T_le_v4SPD16_eabi.lib : defs.c.obj (.data:_ftable)
                  20000e8c    00000078                                   : write.c.obj (.data:_device)
                  20000f04    00000050                                   : write.c.obj (.data:_stream)
                  20000f54    00000040     msp432p4xx_driverlib.lib : flash.o (.data:__getBurstProgramRegs)
                  20000f94    00000030                              : gpio.o (.data:GPIO_PORT_TO_BASE)
                  20000fc4    00000029     main.obj (.data)
                  20000fed    00000003     --HOLE--
                  20000ff0    00000010     rtsv7M4_T_le_v4SPD16_eabi.lib : defs.c.obj (.data)
                  20001000    0000000c                                   : exit.c.obj (.data:$O1$$)
                  2000100c    0000000c                                   : memory.c.obj (.data:$O1$$)
                  20001018    00000008                                   : _lock.c.obj (.data:$O1$$)
                  20001020    00000004                                   : errno.c.obj (.data)
                  20001024    00000004     system_msp432p401r.obj (.data)

.stack     0    2000fe00    00000200     UNINITIALIZED
                  2000fe00    00000004     rtsv7M4_T_le_v4SPD16_eabi.lib : boot_cortex_m.c.obj (.stack)
                  2000fe04    000001fc     --HOLE--

MODULE SUMMARY

       Module                        code    ro data   rw data
       ------                        ----    -------   -------
    .\
       main.obj                      3996    0         1010   
       PinSetup.obj                  992     72        0      
       system_msp432p401r.obj        808     0         4      
       startup_msp432p401r_ccs.obj   18      320       0      
    +--+-----------------------------+-------+---------+---------+
       Total:                        5814    392       1014   
                                                              
    C:/ti/msp/MSP432Ware_3_50_00_02/driverlib/driverlib/MSP432P4xx/ccs/msp432p4xx_driverlib.lib
       flash.o                       3306    0         64     
       cs.o                          456     0         8      
       sysctl.o                      136     0         0      
       gpio.o                        44      0         48     
       cpu.o                         34      0         0      
       interrupt.o                   32      0         0      
    +--+-----------------------------+-------+---------+---------+
       Total:                        4008    0         120    
                                                              
    C:\ti\ccsv8\tools\compiler\ti-cgt-arm_18.1.1.LTS\lib\rtsv7M4_T_le_v4SPD16_eabi.lib
       _printfi.c.obj                4863    0         0      
       e_pow.c.obj                   2496    48        0      
       memory.c.obj                  492     0         12     
       fd_add_t2.asm.obj             438     0         0      
       defs.c.obj                    0       0         416    
       trgmsg.c.obj                  108     0         288    
       e_sqrt.c.obj                  344     0         0      
       fd_div_t2.asm.obj             310     0         0      
       fputs.c.obj                   276     0         0      
       s_scalbn.c.obj                272     0         0      
       fd_cmp_t2.asm.obj             268     0         0      
       ctype.c.obj                   0       257       0      
       fd_mul_t2.asm.obj             252     0         0      
       write.c.obj                   40      0         200    
       setvbuf.c.obj                 220     0         0      
       memcpy_t2.asm.obj             156     0         0      
       ull_div_t2.asm.obj            150     0         0      
       snprintf.c.obj                148     0         0      
       fputc.c.obj                   140     0         0      
       memset_t2.asm.obj             122     0         0      
       fclose.c.obj                  116     0         0      
       getdevice.c.obj               116     0         0      
       printf.c.obj                  112     0         0      
       copy_decompress_lzss.c.obj    104     0         0      
       hostlseek.c.obj               104     0         0      
       hostopen.c.obj                96      0         8      
       hostrename.c.obj              104     0         0      
       fseek.c.obj                   100     0         0      
       s_frexp.c.obj                 100     0         0      
       _io_perm.c.obj                98      0         0      
       sprintf.c.obj                 98      0         0      
       close.c.obj                   92      0         0      
       exit.c.obj                    76      0         12     
       hostread.c.obj                88      0         0      
       hostwrite.c.obj               88      0         0      
       ltoa.c.obj                    84      0         0      
       atoi.c.obj                    76      0         0      
       fflush.c.obj                  76      0         0      
       fd_toi_t2.asm.obj             72      0         0      
       autoinit.c.obj                68      0         0      
       fd_tou_t2.asm.obj             68      0         0      
       hostclose.c.obj               68      0         0      
       hostunlink.c.obj              68      0         0      
       boot_cortex_m.c.obj           56      0         0      
       strncpy.c.obj                 54      0         0      
       fopen.c.obj                   52      0         0      
       i_tofd_t2.asm.obj             46      0         0      
       strncmp.c.obj                 44      0         0      
       unlink.c.obj                  44      0         0      
       lseek.c.obj                   40      0         0      
       memchr.c.obj                  32      0         0      
       u_tofd_t2.asm.obj             32      0         0      
       memccpy.c.obj                 28      0         0      
       strcmp.c.obj                  24      0         0      
       strchr.c.obj                  22      0         0      
       s_copysign.c.obj              20      0         0      
       strcpy.c.obj                  20      0         0      
       strlen.c.obj                  20      0         0      
       wcslen.c.obj                  18      0         0      
       copy_decompress_none.c.obj    14      0         0      
       copy_zero_init.c.obj          12      0         0      
       errno.c.obj                   8       0         4      
       _lock.c.obj                   2       0         8      
       pre_init.c.obj                4       0         0      
       div0.asm.obj                  2       0         0      
    +--+-----------------------------+-------+---------+---------+
       Total:                        13761   305       948    
                                                              
       Heap:                         0       0         2048   
       Stack:                        0       0         512    
       Linker Generated:             0       251       0      
    +--+-----------------------------+-------+---------+---------+
       Grand Total:                  23583   948       4642   


LINKER GENERATED COPY TABLES

__TI_cinit_table @ 00005fe8 records: 2, size/record: 8, table size: 16
	.data: load addr=00005ef8, load size=000000d7 bytes, run addr=20000d9c, run size=0000028c bytes, compression=lzss
	.bss: load addr=00005fe0, load size=00000008 bytes, run addr=20000800, run size=0000059c bytes, compression=zero_init


LINKER GENERATED HANDLER TABLE

__TI_handler_table @ 00005fd0 records: 3, size/record: 4, table size: 12
	index: 0, handler: __TI_decompress_lzss
	index: 1, handler: __TI_decompress_none
	index: 2, handler: __TI_zero_init


GLOBAL SYMBOLS: SORTED ALPHABETICALLY BY Name 

address   name                              
-------   ----                              
00005d75  C$$EXIT                           
0000583b  C$$IO$$                           
00005cf7  CPU_cpsid                         
00005d03  CPU_cpsie                         
00005d41  CPU_primask                       
00005c11  CS_setExternalClockSourceFrequency
00005d5d  CS_startHFXT                      
00004625  CS_startHFXTWithTimeout           
00005d63  CS_startLFXT                      
000046c1  CS_startLFXTWithTimeout           
00000899  ClassifyString                    
0000014f  Delay1ms                          
00000549  DisableSysTick                    
00000fa5  EUSCIA0_IRQHandler                
00000ec5  EUSCIA2_IRQHandler                
00000531  EnableSysTick                     
20000fec  FixAttemptFailed                  
0000575d  FlashCtl_clearProgramVerification 
00005c99  FlashCtl_disableWordProgramming   
00005b01  FlashCtl_enableWordProgramming    
00003e59  FlashCtl_eraseSector              
00005d11  FlashCtl_getInterruptStatus       
00005add  FlashCtl_getReadMode              
00005b61  FlashCtl_getWaitState             
000050cd  FlashCtl_isSectorProtected        
00003d5d  FlashCtl_programMemory            
00005329  FlashCtl_protectSector            
000057d5  FlashCtl_setProgramVerification   
000053c9  FlashCtl_setReadMode              
00005a3d  FlashCtl_setWaitState             
00005125  FlashCtl_unprotectSector          
00002e75  FlashCtl_verifyMemory             
00005c25  GPIO_setOutputHighOnPin           
00005b99  GPIO_setOutputLowOnPin            
20000800  GPSString                         
20000fe4  GPSStringClassifyGo               
000005a1  GPS_handler                       
00002879  GPS_puts                          
00005589  HOSTclose                         
00004cdd  HOSTlseek                         
00005011  HOSTopen                          
0000517d  HOSTread                          
00004d45  HOSTrename                        
000055cd  HOSTunlink                        
000051d5  HOSTwrite                         
000024fd  IOSetup                           
00005ca9  Interrupt_disableMaster           
00005cb9  Interrupt_enableMaster            
20000fd6  MagnetRemovedFlag                 
20000fc5  MemoryFull                        
20000fc4  NoFixFlag                         
20000c18  PCString                          
20000fd0  PCStringExtractGo                 
0000283b  PC_puts                           
20000c7c  PCdataString                      
20000fcc  PCflag                            
20000fc8  PCindex                           
20000d7e  PDOPString                        
00000505  RTC_setup                         
20000fd8  RX0Data                           
20000fd9  RX1Data                           
20000fd7  RXData                            
00005cc9  SysCtl_disableNMISource           
00005cd9  SysCtl_enableNMISource            
00005d1d  SysCtl_getFlashSize               
00005d29  SysCtl_getNMISourceStatus         
00005379  SysCtl_getTLVInfo                 
20001024  SystemCoreClock                   
000028dd  SystemCoreClockUpdate             
00002b51  SystemInit                        
20000fd4  USBPresentFlag                    
20000fd5  USBPresentOns                     
4000480c  WDTCTL_SYM                        
20000a58  __CIOBUF_                         
00003f45  __FlashCtl_remaskBurstDataPost    
00004029  __FlashCtl_remaskBurstDataPre     
00004425  __FlashCtl_remaskData32Post       
000044d1  __FlashCtl_remaskData32Pre        
00004dad  __FlashCtl_remaskData8Post        
00004c71  __FlashCtl_remaskData8Pre         
20010000  __STACK_END                       
00000200  __STACK_SIZE                      
00000800  __SYSMEM_SIZE                     
00005fe8  __TI_CINIT_Base                   
00005ff8  __TI_CINIT_Limit                  
00005fd0  __TI_Handler_Table_Base           
00005fdc  __TI_Handler_Table_Limit          
00005611  __TI_auto_init_nobinit_nopinit    
000058ed  __TI_cleanup                      
20001000  __TI_cleanup_ptr                  
00004b1d  __TI_closefile                    
00004e15  __TI_decompress_lzss              
00005ce9  __TI_decompress_none              
00005415  __TI_doflush                      
20001004  __TI_dtors_ptr                    
20001008  __TI_enable_exit_profile_output   
20000ff0  __TI_ft_end                       
ffffffff  __TI_pprof_out_hndl               
000010dd  __TI_printfi                      
ffffffff  __TI_prof_data_size               
ffffffff  __TI_prof_data_start              
00005921  __TI_readmsg                      
00000000  __TI_static_base__                
20000b78  __TI_tmpnams                      
0000580d  __TI_writemsg                     
00004fad  __TI_wrt_ok                       
00005d35  __TI_zero_init                    
0000491d  __aeabi_cdcmpeq                   
0000491d  __aeabi_cdcmple                   
000049a3  __aeabi_cdrcmple                  
00005541  __aeabi_d2iz                      
00005699  __aeabi_d2uiz                     
00003223  __aeabi_dadd                      
000037e5  __aeabi_ddiv                      
00003c61  __aeabi_dmul                      
00003219  __aeabi_dsub                      
00005d55  __aeabi_errno_addr                
000059b5  __aeabi_i2d                       
000033cf  __aeabi_idiv0                     
000033cf  __aeabi_ldiv0                     
00004a29  __aeabi_memclr                    
00004a29  __aeabi_memclr4                   
00004a29  __aeabi_memclr8                   
0000475d  __aeabi_memcpy                    
0000475d  __aeabi_memcpy4                   
0000475d  __aeabi_memcpy8                   
00004a2b  __aeabi_memset                    
00004a2b  __aeabi_memset4                   
00004a2b  __aeabi_memset8                   
20000ffc  __aeabi_stderr                    
20000ff4  __aeabi_stdin                     
20000ff8  __aeabi_stdout                    
00005b41  __aeabi_ui2d                      
000047f9  __aeabi_uldivmod                  
ffffffff  __binit__                         
ffffffff  __c_args__                        
UNDEFED   __mpu_init                        
2000fe00  __stack                           
00005845  _c_int00_noargs                   
00005d78  _ctypes_                          
20000e8c  _device                           
20000d9c  _ftable                           
20001018  _lock                             
00001b3b  _nop                              
20000f04  _stream                           
20000000  _sys_memory                       
UNDEFED   _system_post_cinit                
00005d71  _system_pre_init                  
2000101c  _unlock                           
00005d75  abort                             
00005461  atoi                              
ffffffff  binit                             
00005071  close                             
00005c39  copysign                          
00005c39  copysignl                         
2000092c  dataString                        
0000275f  disableGPSUART                    
00002803  disablePCUART                     
20001020  errno                             
000054f9  exit                              
00005985  finddevice                        
20000fe0  flag                              
00004891  fputc                             
00003a3d  fputs                             
000041e9  free                              
00004ee5  frexp                             
00004ee5  frexpl                            
00004f49  fseek                             
00005655  getdevice                         
20000fe8  gpsFixFound                       
20000fdc  index                             
00000779  initClocks                        
000026f3  initGPSUART                       
00002797  initPCUART                        
00000000  interruptVectors                  
00003b51  ldexp                             
00003b51  ldexpl                            
00005a65  lseek                             
00005283  ltoa                              
00000dc9  main                              
00004aa5  malloc                            
00005b7d  memccpy                           
00005b21  memchr                            
0000475d  memcpy                            
00000701  memory_locator_init               
00004a31  memset                            
0000587d  minit                             
20000d86  parmbuf                           
00000141  parrotdelay                       
00001b3d  pow                               
00001b3d  powl                              
00004e7d  printf                            
00004891  putc                              
0000042d  readout_fix                       
0000048d  readout_last_known_location       
00005a11  remove                            
000002bb  save_current_fix                  
00003b51  scalbn                            
00003b51  scalbnl                           
0000016d  setTimeDate                       
0000410d  setvbuf                           
000054ad  snprintf                          
000056dd  sprintf                           
00003551  sqrt                              
00003551  sqrtl                             
00000395  store_config_params               
00005bf9  strchr                            
00005be1  strcmp                            
00005c4d  strcpy                            
00005c61  strlen                            
000059e3  strncmp                           
000058b5  strncpy                           
00005a11  unlink                            
00005c87  wcslen                            
00005ab5  write                             


GLOBAL SYMBOLS: SORTED BY Symbol Address 

address   name                              
-------   ----                              
00000000  __TI_static_base__                
00000000  interruptVectors                  
00000141  parrotdelay                       
0000014f  Delay1ms                          
0000016d  setTimeDate                       
00000200  __STACK_SIZE                      
000002bb  save_current_fix                  
00000395  store_config_params               
0000042d  readout_fix                       
0000048d  readout_last_known_location       
00000505  RTC_setup                         
00000531  EnableSysTick                     
00000549  DisableSysTick                    
000005a1  GPS_handler                       
00000701  memory_locator_init               
00000779  initClocks                        
00000800  __SYSMEM_SIZE                     
00000899  ClassifyString                    
00000dc9  main                              
00000ec5  EUSCIA2_IRQHandler                
00000fa5  EUSCIA0_IRQHandler                
000010dd  __TI_printfi                      
00001b3b  _nop                              
00001b3d  pow                               
00001b3d  powl                              
000024fd  IOSetup                           
000026f3  initGPSUART                       
0000275f  disableGPSUART                    
00002797  initPCUART                        
00002803  disablePCUART                     
0000283b  PC_puts                           
00002879  GPS_puts                          
000028dd  SystemCoreClockUpdate             
00002b51  SystemInit                        
00002e75  FlashCtl_verifyMemory             
00003219  __aeabi_dsub                      
00003223  __aeabi_dadd                      
000033cf  __aeabi_idiv0                     
000033cf  __aeabi_ldiv0                     
00003551  sqrt                              
00003551  sqrtl                             
000037e5  __aeabi_ddiv                      
00003a3d  fputs                             
00003b51  ldexp                             
00003b51  ldexpl                            
00003b51  scalbn                            
00003b51  scalbnl                           
00003c61  __aeabi_dmul                      
00003d5d  FlashCtl_programMemory            
00003e59  FlashCtl_eraseSector              
00003f45  __FlashCtl_remaskBurstDataPost    
00004029  __FlashCtl_remaskBurstDataPre     
0000410d  setvbuf                           
000041e9  free                              
00004425  __FlashCtl_remaskData32Post       
000044d1  __FlashCtl_remaskData32Pre        
00004625  CS_startHFXTWithTimeout           
000046c1  CS_startLFXTWithTimeout           
0000475d  __aeabi_memcpy                    
0000475d  __aeabi_memcpy4                   
0000475d  __aeabi_memcpy8                   
0000475d  memcpy                            
000047f9  __aeabi_uldivmod                  
00004891  fputc                             
00004891  putc                              
0000491d  __aeabi_cdcmpeq                   
0000491d  __aeabi_cdcmple                   
000049a3  __aeabi_cdrcmple                  
00004a29  __aeabi_memclr                    
00004a29  __aeabi_memclr4                   
00004a29  __aeabi_memclr8                   
00004a2b  __aeabi_memset                    
00004a2b  __aeabi_memset4                   
00004a2b  __aeabi_memset8                   
00004a31  memset                            
00004aa5  malloc                            
00004b1d  __TI_closefile                    
00004c71  __FlashCtl_remaskData8Pre         
00004cdd  HOSTlseek                         
00004d45  HOSTrename                        
00004dad  __FlashCtl_remaskData8Post        
00004e15  __TI_decompress_lzss              
00004e7d  printf                            
00004ee5  frexp                             
00004ee5  frexpl                            
00004f49  fseek                             
00004fad  __TI_wrt_ok                       
00005011  HOSTopen                          
00005071  close                             
000050cd  FlashCtl_isSectorProtected        
00005125  FlashCtl_unprotectSector          
0000517d  HOSTread                          
000051d5  HOSTwrite                         
00005283  ltoa                              
00005329  FlashCtl_protectSector            
00005379  SysCtl_getTLVInfo                 
000053c9  FlashCtl_setReadMode              
00005415  __TI_doflush                      
00005461  atoi                              
000054ad  snprintf                          
000054f9  exit                              
00005541  __aeabi_d2iz                      
00005589  HOSTclose                         
000055cd  HOSTunlink                        
00005611  __TI_auto_init_nobinit_nopinit    
00005655  getdevice                         
00005699  __aeabi_d2uiz                     
000056dd  sprintf                           
0000575d  FlashCtl_clearProgramVerification 
000057d5  FlashCtl_setProgramVerification   
0000580d  __TI_writemsg                     
0000583b  C$$IO$$                           
00005845  _c_int00_noargs                   
0000587d  minit                             
000058b5  strncpy                           
000058ed  __TI_cleanup                      
00005921  __TI_readmsg                      
00005985  finddevice                        
000059b5  __aeabi_i2d                       
000059e3  strncmp                           
00005a11  remove                            
00005a11  unlink                            
00005a3d  FlashCtl_setWaitState             
00005a65  lseek                             
00005ab5  write                             
00005add  FlashCtl_getReadMode              
00005b01  FlashCtl_enableWordProgramming    
00005b21  memchr                            
00005b41  __aeabi_ui2d                      
00005b61  FlashCtl_getWaitState             
00005b7d  memccpy                           
00005b99  GPIO_setOutputLowOnPin            
00005be1  strcmp                            
00005bf9  strchr                            
00005c11  CS_setExternalClockSourceFrequency
00005c25  GPIO_setOutputHighOnPin           
00005c39  copysign                          
00005c39  copysignl                         
00005c4d  strcpy                            
00005c61  strlen                            
00005c87  wcslen                            
00005c99  FlashCtl_disableWordProgramming   
00005ca9  Interrupt_disableMaster           
00005cb9  Interrupt_enableMaster            
00005cc9  SysCtl_disableNMISource           
00005cd9  SysCtl_enableNMISource            
00005ce9  __TI_decompress_none              
00005cf7  CPU_cpsid                         
00005d03  CPU_cpsie                         
00005d11  FlashCtl_getInterruptStatus       
00005d1d  SysCtl_getFlashSize               
00005d29  SysCtl_getNMISourceStatus         
00005d35  __TI_zero_init                    
00005d41  CPU_primask                       
00005d55  __aeabi_errno_addr                
00005d5d  CS_startHFXT                      
00005d63  CS_startLFXT                      
00005d71  _system_pre_init                  
00005d75  C$$EXIT                           
00005d75  abort                             
00005d78  _ctypes_                          
00005fd0  __TI_Handler_Table_Base           
00005fdc  __TI_Handler_Table_Limit          
00005fe8  __TI_CINIT_Base                   
00005ff8  __TI_CINIT_Limit                  
20000000  _sys_memory                       
20000800  GPSString                         
2000092c  dataString                        
20000a58  __CIOBUF_                         
20000b78  __TI_tmpnams                      
20000c18  PCString                          
20000c7c  PCdataString                      
20000d7e  PDOPString                        
20000d86  parmbuf                           
20000d9c  _ftable                           
20000e8c  _device                           
20000f04  _stream                           
20000fc4  NoFixFlag                         
20000fc5  MemoryFull                        
20000fc8  PCindex                           
20000fcc  PCflag                            
20000fd0  PCStringExtractGo                 
20000fd4  USBPresentFlag                    
20000fd5  USBPresentOns                     
20000fd6  MagnetRemovedFlag                 
20000fd7  RXData                            
20000fd8  RX0Data                           
20000fd9  RX1Data                           
20000fdc  index                             
20000fe0  flag                              
20000fe4  GPSStringClassifyGo               
20000fe8  gpsFixFound                       
20000fec  FixAttemptFailed                  
20000ff0  __TI_ft_end                       
20000ff4  __aeabi_stdin                     
20000ff8  __aeabi_stdout                    
20000ffc  __aeabi_stderr                    
20001000  __TI_cleanup_ptr                  
20001004  __TI_dtors_ptr                    
20001008  __TI_enable_exit_profile_output   
20001018  _lock                             
2000101c  _unlock                           
20001020  errno                             
20001024  SystemCoreClock                   
2000fe00  __stack                           
20010000  __STACK_END                       
4000480c  WDTCTL_SYM                        
ffffffff  __TI_pprof_out_hndl               
ffffffff  __TI_prof_data_size               
ffffffff  __TI_prof_data_start              
ffffffff  __binit__                         
ffffffff  __c_args__                        
ffffffff  binit                             
UNDEFED   __mpu_init                        
UNDEFED   _system_post_cinit                

[215 symbols]
