<?xml version="1.0" encoding="ISO-8859-1" ?>
<link_info>
   <banner>TI ARM Linker PC v18.1.1.LTS</banner>
   <copyright>Copyright (c) 1996-2017 Texas Instruments Incorporated</copyright>
   <link_time>0x5b328c2c</link_time>
   <link_errors>0x0</link_errors>
   <output_file>empty_project.out</output_file>
   <entry_point>
      <name>_c_int00_noargs</name>
      <address>0x5845</address>
   </entry_point>
   <input_file_list>
      <input_file id="fl-2">
         <path>.\</path>
         <kind>object</kind>
         <file>PinSetup.obj</file>
         <name>PinSetup.obj</name>
      </input_file>
      <input_file id="fl-3">
         <path>.\</path>
         <kind>object</kind>
         <file>main.obj</file>
         <name>main.obj</name>
      </input_file>
      <input_file id="fl-4">
         <path>.\</path>
         <kind>object</kind>
         <file>startup_msp432p401r_ccs.obj</file>
         <name>startup_msp432p401r_ccs.obj</name>
      </input_file>
      <input_file id="fl-5">
         <path>.\</path>
         <kind>object</kind>
         <file>system_msp432p401r.obj</file>
         <name>system_msp432p401r.obj</name>
      </input_file>
      <input_file id="fl-a">
         <kind>object</kind>
         <file>&lt;internal&gt;</file>
         <name>&lt;internal&gt;</name>
      </input_file>
      <input_file id="fl-b">
         <path>C:\ti\msp\MSP432Ware_3_50_00_02\driverlib\driverlib\MSP432P4xx\ccs\</path>
         <kind>archive</kind>
         <file>msp432p4xx_driverlib.lib</file>
         <name>cs.o</name>
      </input_file>
      <input_file id="fl-c">
         <path>C:\ti\msp\MSP432Ware_3_50_00_02\driverlib\driverlib\MSP432P4xx\ccs\</path>
         <kind>archive</kind>
         <file>msp432p4xx_driverlib.lib</file>
         <name>flash.o</name>
      </input_file>
      <input_file id="fl-d">
         <path>C:\ti\msp\MSP432Ware_3_50_00_02\driverlib\driverlib\MSP432P4xx\ccs\</path>
         <kind>archive</kind>
         <file>msp432p4xx_driverlib.lib</file>
         <name>gpio.o</name>
      </input_file>
      <input_file id="fl-e">
         <path>C:\ti\msp\MSP432Ware_3_50_00_02\driverlib\driverlib\MSP432P4xx\ccs\</path>
         <kind>archive</kind>
         <file>msp432p4xx_driverlib.lib</file>
         <name>interrupt.o</name>
      </input_file>
      <input_file id="fl-f">
         <path>C:\ti\msp\MSP432Ware_3_50_00_02\driverlib\driverlib\MSP432P4xx\ccs\</path>
         <kind>archive</kind>
         <file>msp432p4xx_driverlib.lib</file>
         <name>sysctl.o</name>
      </input_file>
      <input_file id="fl-10">
         <path>C:\ti\msp\MSP432Ware_3_50_00_02\driverlib\driverlib\MSP432P4xx\ccs\</path>
         <kind>archive</kind>
         <file>msp432p4xx_driverlib.lib</file>
         <name>cpu.o</name>
      </input_file>
      <input_file id="fl-c6">
         <path>C:\ti\ccsv8\tools\compiler\ti-cgt-arm_18.1.1.LTS\lib\</path>
         <kind>archive</kind>
         <file>rtsv7M4_T_le_v4SPD16_eabi.lib</file>
         <name>e_pow.c.obj</name>
      </input_file>
      <input_file id="fl-c7">
         <path>C:\ti\ccsv8\tools\compiler\ti-cgt-arm_18.1.1.LTS\lib\</path>
         <kind>archive</kind>
         <file>rtsv7M4_T_le_v4SPD16_eabi.lib</file>
         <name>e_sqrt.c.obj</name>
      </input_file>
      <input_file id="fl-c8">
         <path>C:\ti\ccsv8\tools\compiler\ti-cgt-arm_18.1.1.LTS\lib\</path>
         <kind>archive</kind>
         <file>rtsv7M4_T_le_v4SPD16_eabi.lib</file>
         <name>s_scalbn.c.obj</name>
      </input_file>
      <input_file id="fl-c9">
         <path>C:\ti\ccsv8\tools\compiler\ti-cgt-arm_18.1.1.LTS\lib\</path>
         <kind>archive</kind>
         <file>rtsv7M4_T_le_v4SPD16_eabi.lib</file>
         <name>s_copysign.c.obj</name>
      </input_file>
      <input_file id="fl-ca">
         <path>C:\ti\ccsv8\tools\compiler\ti-cgt-arm_18.1.1.LTS\lib\</path>
         <kind>archive</kind>
         <file>rtsv7M4_T_le_v4SPD16_eabi.lib</file>
         <name>fd_add_t2.asm.obj</name>
      </input_file>
      <input_file id="fl-cb">
         <path>C:\ti\ccsv8\tools\compiler\ti-cgt-arm_18.1.1.LTS\lib\</path>
         <kind>archive</kind>
         <file>rtsv7M4_T_le_v4SPD16_eabi.lib</file>
         <name>fd_cmp_t2.asm.obj</name>
      </input_file>
      <input_file id="fl-cc">
         <path>C:\ti\ccsv8\tools\compiler\ti-cgt-arm_18.1.1.LTS\lib\</path>
         <kind>archive</kind>
         <file>rtsv7M4_T_le_v4SPD16_eabi.lib</file>
         <name>fd_div_t2.asm.obj</name>
      </input_file>
      <input_file id="fl-cd">
         <path>C:\ti\ccsv8\tools\compiler\ti-cgt-arm_18.1.1.LTS\lib\</path>
         <kind>archive</kind>
         <file>rtsv7M4_T_le_v4SPD16_eabi.lib</file>
         <name>fd_mul_t2.asm.obj</name>
      </input_file>
      <input_file id="fl-ce">
         <path>C:\ti\ccsv8\tools\compiler\ti-cgt-arm_18.1.1.LTS\lib\</path>
         <kind>archive</kind>
         <file>rtsv7M4_T_le_v4SPD16_eabi.lib</file>
         <name>fd_tou_t2.asm.obj</name>
      </input_file>
      <input_file id="fl-cf">
         <path>C:\ti\ccsv8\tools\compiler\ti-cgt-arm_18.1.1.LTS\lib\</path>
         <kind>archive</kind>
         <file>rtsv7M4_T_le_v4SPD16_eabi.lib</file>
         <name>i_tofd_t2.asm.obj</name>
      </input_file>
      <input_file id="fl-d0">
         <path>C:\ti\ccsv8\tools\compiler\ti-cgt-arm_18.1.1.LTS\lib\</path>
         <kind>archive</kind>
         <file>rtsv7M4_T_le_v4SPD16_eabi.lib</file>
         <name>u_tofd_t2.asm.obj</name>
      </input_file>
      <input_file id="fl-d1">
         <path>C:\ti\ccsv8\tools\compiler\ti-cgt-arm_18.1.1.LTS\lib\</path>
         <kind>archive</kind>
         <file>rtsv7M4_T_le_v4SPD16_eabi.lib</file>
         <name>memset_t2.asm.obj</name>
      </input_file>
      <input_file id="fl-d2">
         <path>C:\ti\ccsv8\tools\compiler\ti-cgt-arm_18.1.1.LTS\lib\</path>
         <kind>archive</kind>
         <file>rtsv7M4_T_le_v4SPD16_eabi.lib</file>
         <name>copy_zero_init.c.obj</name>
      </input_file>
      <input_file id="fl-d3">
         <path>C:\ti\ccsv8\tools\compiler\ti-cgt-arm_18.1.1.LTS\lib\</path>
         <kind>archive</kind>
         <file>rtsv7M4_T_le_v4SPD16_eabi.lib</file>
         <name>copy_decompress_none.c.obj</name>
      </input_file>
      <input_file id="fl-d4">
         <path>C:\ti\ccsv8\tools\compiler\ti-cgt-arm_18.1.1.LTS\lib\</path>
         <kind>archive</kind>
         <file>rtsv7M4_T_le_v4SPD16_eabi.lib</file>
         <name>copy_decompress_lzss.c.obj</name>
      </input_file>
      <input_file id="fl-d5">
         <path>C:\ti\ccsv8\tools\compiler\ti-cgt-arm_18.1.1.LTS\lib\</path>
         <kind>archive</kind>
         <file>rtsv7M4_T_le_v4SPD16_eabi.lib</file>
         <name>boot_cortex_m.c.obj</name>
      </input_file>
      <input_file id="fl-d6">
         <path>C:\ti\ccsv8\tools\compiler\ti-cgt-arm_18.1.1.LTS\lib\</path>
         <kind>archive</kind>
         <file>rtsv7M4_T_le_v4SPD16_eabi.lib</file>
         <name>errno.c.obj</name>
      </input_file>
      <input_file id="fl-d7">
         <path>C:\ti\ccsv8\tools\compiler\ti-cgt-arm_18.1.1.LTS\lib\</path>
         <kind>archive</kind>
         <file>rtsv7M4_T_le_v4SPD16_eabi.lib</file>
         <name>exit.c.obj</name>
      </input_file>
      <input_file id="fl-d8">
         <path>C:\ti\ccsv8\tools\compiler\ti-cgt-arm_18.1.1.LTS\lib\</path>
         <kind>archive</kind>
         <file>rtsv7M4_T_le_v4SPD16_eabi.lib</file>
         <name>_lock.c.obj</name>
      </input_file>
      <input_file id="fl-d9">
         <path>C:\ti\ccsv8\tools\compiler\ti-cgt-arm_18.1.1.LTS\lib\</path>
         <kind>archive</kind>
         <file>rtsv7M4_T_le_v4SPD16_eabi.lib</file>
         <name>args_main.c.obj</name>
      </input_file>
      <input_file id="fl-da">
         <path>C:\ti\ccsv8\tools\compiler\ti-cgt-arm_18.1.1.LTS\lib\</path>
         <kind>archive</kind>
         <file>rtsv7M4_T_le_v4SPD16_eabi.lib</file>
         <name>printf.c.obj</name>
      </input_file>
      <input_file id="fl-db">
         <path>C:\ti\ccsv8\tools\compiler\ti-cgt-arm_18.1.1.LTS\lib\</path>
         <kind>archive</kind>
         <file>rtsv7M4_T_le_v4SPD16_eabi.lib</file>
         <name>snprintf.c.obj</name>
      </input_file>
      <input_file id="fl-dc">
         <path>C:\ti\ccsv8\tools\compiler\ti-cgt-arm_18.1.1.LTS\lib\</path>
         <kind>archive</kind>
         <file>rtsv7M4_T_le_v4SPD16_eabi.lib</file>
         <name>sprintf.c.obj</name>
      </input_file>
      <input_file id="fl-dd">
         <path>C:\ti\ccsv8\tools\compiler\ti-cgt-arm_18.1.1.LTS\lib\</path>
         <kind>archive</kind>
         <file>rtsv7M4_T_le_v4SPD16_eabi.lib</file>
         <name>strcpy.c.obj</name>
      </input_file>
      <input_file id="fl-de">
         <path>C:\ti\ccsv8\tools\compiler\ti-cgt-arm_18.1.1.LTS\lib\</path>
         <kind>archive</kind>
         <file>rtsv7M4_T_le_v4SPD16_eabi.lib</file>
         <name>strlen.c.obj</name>
      </input_file>
      <input_file id="fl-df">
         <path>C:\ti\ccsv8\tools\compiler\ti-cgt-arm_18.1.1.LTS\lib\</path>
         <kind>archive</kind>
         <file>rtsv7M4_T_le_v4SPD16_eabi.lib</file>
         <name>strncmp.c.obj</name>
      </input_file>
      <input_file id="fl-e0">
         <path>C:\ti\ccsv8\tools\compiler\ti-cgt-arm_18.1.1.LTS\lib\</path>
         <kind>archive</kind>
         <file>rtsv7M4_T_le_v4SPD16_eabi.lib</file>
         <name>strncpy.c.obj</name>
      </input_file>
      <input_file id="fl-e1">
         <path>C:\ti\ccsv8\tools\compiler\ti-cgt-arm_18.1.1.LTS\lib\</path>
         <kind>archive</kind>
         <file>rtsv7M4_T_le_v4SPD16_eabi.lib</file>
         <name>memcpy_t2.asm.obj</name>
      </input_file>
      <input_file id="fl-e2">
         <path>C:\ti\ccsv8\tools\compiler\ti-cgt-arm_18.1.1.LTS\lib\</path>
         <kind>archive</kind>
         <file>rtsv7M4_T_le_v4SPD16_eabi.lib</file>
         <name>autoinit.c.obj</name>
      </input_file>
      <input_file id="fl-e3">
         <path>C:\ti\ccsv8\tools\compiler\ti-cgt-arm_18.1.1.LTS\lib\</path>
         <kind>archive</kind>
         <file>rtsv7M4_T_le_v4SPD16_eabi.lib</file>
         <name>pre_init.c.obj</name>
      </input_file>
      <input_file id="fl-e4">
         <path>C:\ti\ccsv8\tools\compiler\ti-cgt-arm_18.1.1.LTS\lib\</path>
         <kind>archive</kind>
         <file>rtsv7M4_T_le_v4SPD16_eabi.lib</file>
         <name>cpy_tbl.c.obj</name>
      </input_file>
      <input_file id="fl-e5">
         <path>C:\ti\ccsv8\tools\compiler\ti-cgt-arm_18.1.1.LTS\lib\</path>
         <kind>archive</kind>
         <file>rtsv7M4_T_le_v4SPD16_eabi.lib</file>
         <name>_printfi.c.obj</name>
      </input_file>
      <input_file id="fl-e6">
         <path>C:\ti\ccsv8\tools\compiler\ti-cgt-arm_18.1.1.LTS\lib\</path>
         <kind>archive</kind>
         <file>rtsv7M4_T_le_v4SPD16_eabi.lib</file>
         <name>atoi.c.obj</name>
      </input_file>
      <input_file id="fl-e7">
         <path>C:\ti\ccsv8\tools\compiler\ti-cgt-arm_18.1.1.LTS\lib\</path>
         <kind>archive</kind>
         <file>rtsv7M4_T_le_v4SPD16_eabi.lib</file>
         <name>ctype.c.obj</name>
      </input_file>
      <input_file id="fl-e8">
         <path>C:\ti\ccsv8\tools\compiler\ti-cgt-arm_18.1.1.LTS\lib\</path>
         <kind>archive</kind>
         <file>rtsv7M4_T_le_v4SPD16_eabi.lib</file>
         <name>defs.c.obj</name>
      </input_file>
      <input_file id="fl-e9">
         <path>C:\ti\ccsv8\tools\compiler\ti-cgt-arm_18.1.1.LTS\lib\</path>
         <kind>archive</kind>
         <file>rtsv7M4_T_le_v4SPD16_eabi.lib</file>
         <name>fputc.c.obj</name>
      </input_file>
      <input_file id="fl-ea">
         <path>C:\ti\ccsv8\tools\compiler\ti-cgt-arm_18.1.1.LTS\lib\</path>
         <kind>archive</kind>
         <file>rtsv7M4_T_le_v4SPD16_eabi.lib</file>
         <name>fputs.c.obj</name>
      </input_file>
      <input_file id="fl-eb">
         <path>C:\ti\ccsv8\tools\compiler\ti-cgt-arm_18.1.1.LTS\lib\</path>
         <kind>archive</kind>
         <file>rtsv7M4_T_le_v4SPD16_eabi.lib</file>
         <name>ltoa.c.obj</name>
      </input_file>
      <input_file id="fl-ec">
         <path>C:\ti\ccsv8\tools\compiler\ti-cgt-arm_18.1.1.LTS\lib\</path>
         <kind>archive</kind>
         <file>rtsv7M4_T_le_v4SPD16_eabi.lib</file>
         <name>memccpy.c.obj</name>
      </input_file>
      <input_file id="fl-ed">
         <path>C:\ti\ccsv8\tools\compiler\ti-cgt-arm_18.1.1.LTS\lib\</path>
         <kind>archive</kind>
         <file>rtsv7M4_T_le_v4SPD16_eabi.lib</file>
         <name>memchr.c.obj</name>
      </input_file>
      <input_file id="fl-ee">
         <path>C:\ti\ccsv8\tools\compiler\ti-cgt-arm_18.1.1.LTS\lib\</path>
         <kind>archive</kind>
         <file>rtsv7M4_T_le_v4SPD16_eabi.lib</file>
         <name>strchr.c.obj</name>
      </input_file>
      <input_file id="fl-ef">
         <path>C:\ti\ccsv8\tools\compiler\ti-cgt-arm_18.1.1.LTS\lib\</path>
         <kind>archive</kind>
         <file>rtsv7M4_T_le_v4SPD16_eabi.lib</file>
         <name>write.c.obj</name>
      </input_file>
      <input_file id="fl-f0">
         <path>C:\ti\ccsv8\tools\compiler\ti-cgt-arm_18.1.1.LTS\lib\</path>
         <kind>archive</kind>
         <file>rtsv7M4_T_le_v4SPD16_eabi.lib</file>
         <name>s_frexp.c.obj</name>
      </input_file>
      <input_file id="fl-f1">
         <path>C:\ti\ccsv8\tools\compiler\ti-cgt-arm_18.1.1.LTS\lib\</path>
         <kind>archive</kind>
         <file>rtsv7M4_T_le_v4SPD16_eabi.lib</file>
         <name>wcslen.c.obj</name>
      </input_file>
      <input_file id="fl-f2">
         <path>C:\ti\ccsv8\tools\compiler\ti-cgt-arm_18.1.1.LTS\lib\</path>
         <kind>archive</kind>
         <file>rtsv7M4_T_le_v4SPD16_eabi.lib</file>
         <name>fd_toi_t2.asm.obj</name>
      </input_file>
      <input_file id="fl-f3">
         <path>C:\ti\ccsv8\tools\compiler\ti-cgt-arm_18.1.1.LTS\lib\</path>
         <kind>archive</kind>
         <file>rtsv7M4_T_le_v4SPD16_eabi.lib</file>
         <name>ull_div_t2.asm.obj</name>
      </input_file>
      <input_file id="fl-f4">
         <path>C:\ti\ccsv8\tools\compiler\ti-cgt-arm_18.1.1.LTS\lib\</path>
         <kind>archive</kind>
         <file>rtsv7M4_T_le_v4SPD16_eabi.lib</file>
         <name>_io_perm.c.obj</name>
      </input_file>
      <input_file id="fl-f5">
         <path>C:\ti\ccsv8\tools\compiler\ti-cgt-arm_18.1.1.LTS\lib\</path>
         <kind>archive</kind>
         <file>rtsv7M4_T_le_v4SPD16_eabi.lib</file>
         <name>fflush.c.obj</name>
      </input_file>
      <input_file id="fl-f6">
         <path>C:\ti\ccsv8\tools\compiler\ti-cgt-arm_18.1.1.LTS\lib\</path>
         <kind>archive</kind>
         <file>rtsv7M4_T_le_v4SPD16_eabi.lib</file>
         <name>fseek.c.obj</name>
      </input_file>
      <input_file id="fl-f7">
         <path>C:\ti\ccsv8\tools\compiler\ti-cgt-arm_18.1.1.LTS\lib\</path>
         <kind>archive</kind>
         <file>rtsv7M4_T_le_v4SPD16_eabi.lib</file>
         <name>lseek.c.obj</name>
      </input_file>
      <input_file id="fl-f8">
         <path>C:\ti\ccsv8\tools\compiler\ti-cgt-arm_18.1.1.LTS\lib\</path>
         <kind>archive</kind>
         <file>rtsv7M4_T_le_v4SPD16_eabi.lib</file>
         <name>setvbuf.c.obj</name>
      </input_file>
      <input_file id="fl-f9">
         <path>C:\ti\ccsv8\tools\compiler\ti-cgt-arm_18.1.1.LTS\lib\</path>
         <kind>archive</kind>
         <file>rtsv7M4_T_le_v4SPD16_eabi.lib</file>
         <name>hostclose.c.obj</name>
      </input_file>
      <input_file id="fl-fa">
         <path>C:\ti\ccsv8\tools\compiler\ti-cgt-arm_18.1.1.LTS\lib\</path>
         <kind>archive</kind>
         <file>rtsv7M4_T_le_v4SPD16_eabi.lib</file>
         <name>hostlseek.c.obj</name>
      </input_file>
      <input_file id="fl-fb">
         <path>C:\ti\ccsv8\tools\compiler\ti-cgt-arm_18.1.1.LTS\lib\</path>
         <kind>archive</kind>
         <file>rtsv7M4_T_le_v4SPD16_eabi.lib</file>
         <name>hostopen.c.obj</name>
      </input_file>
      <input_file id="fl-fc">
         <path>C:\ti\ccsv8\tools\compiler\ti-cgt-arm_18.1.1.LTS\lib\</path>
         <kind>archive</kind>
         <file>rtsv7M4_T_le_v4SPD16_eabi.lib</file>
         <name>hostread.c.obj</name>
      </input_file>
      <input_file id="fl-fd">
         <path>C:\ti\ccsv8\tools\compiler\ti-cgt-arm_18.1.1.LTS\lib\</path>
         <kind>archive</kind>
         <file>rtsv7M4_T_le_v4SPD16_eabi.lib</file>
         <name>hostrename.c.obj</name>
      </input_file>
      <input_file id="fl-fe">
         <path>C:\ti\ccsv8\tools\compiler\ti-cgt-arm_18.1.1.LTS\lib\</path>
         <kind>archive</kind>
         <file>rtsv7M4_T_le_v4SPD16_eabi.lib</file>
         <name>hostunlink.c.obj</name>
      </input_file>
      <input_file id="fl-ff">
         <path>C:\ti\ccsv8\tools\compiler\ti-cgt-arm_18.1.1.LTS\lib\</path>
         <kind>archive</kind>
         <file>rtsv7M4_T_le_v4SPD16_eabi.lib</file>
         <name>hostwrite.c.obj</name>
      </input_file>
      <input_file id="fl-100">
         <path>C:\ti\ccsv8\tools\compiler\ti-cgt-arm_18.1.1.LTS\lib\</path>
         <kind>archive</kind>
         <file>rtsv7M4_T_le_v4SPD16_eabi.lib</file>
         <name>trgmsg.c.obj</name>
      </input_file>
      <input_file id="fl-101">
         <path>C:\ti\ccsv8\tools\compiler\ti-cgt-arm_18.1.1.LTS\lib\</path>
         <kind>archive</kind>
         <file>rtsv7M4_T_le_v4SPD16_eabi.lib</file>
         <name>div0.asm.obj</name>
      </input_file>
      <input_file id="fl-102">
         <path>C:\ti\ccsv8\tools\compiler\ti-cgt-arm_18.1.1.LTS\lib\</path>
         <kind>archive</kind>
         <file>rtsv7M4_T_le_v4SPD16_eabi.lib</file>
         <name>memory.c.obj</name>
      </input_file>
      <input_file id="fl-103">
         <path>C:\ti\ccsv8\tools\compiler\ti-cgt-arm_18.1.1.LTS\lib\</path>
         <kind>archive</kind>
         <file>rtsv7M4_T_le_v4SPD16_eabi.lib</file>
         <name>fopen.c.obj</name>
      </input_file>
      <input_file id="fl-104">
         <path>C:\ti\ccsv8\tools\compiler\ti-cgt-arm_18.1.1.LTS\lib\</path>
         <kind>archive</kind>
         <file>rtsv7M4_T_le_v4SPD16_eabi.lib</file>
         <name>open.c.obj</name>
      </input_file>
      <input_file id="fl-105">
         <path>C:\ti\ccsv8\tools\compiler\ti-cgt-arm_18.1.1.LTS\lib\</path>
         <kind>archive</kind>
         <file>rtsv7M4_T_le_v4SPD16_eabi.lib</file>
         <name>fclose.c.obj</name>
      </input_file>
      <input_file id="fl-106">
         <path>C:\ti\ccsv8\tools\compiler\ti-cgt-arm_18.1.1.LTS\lib\</path>
         <kind>archive</kind>
         <file>rtsv7M4_T_le_v4SPD16_eabi.lib</file>
         <name>getdevice.c.obj</name>
      </input_file>
      <input_file id="fl-107">
         <path>C:\ti\ccsv8\tools\compiler\ti-cgt-arm_18.1.1.LTS\lib\</path>
         <kind>archive</kind>
         <file>rtsv7M4_T_le_v4SPD16_eabi.lib</file>
         <name>remove.c.obj</name>
      </input_file>
      <input_file id="fl-108">
         <path>C:\ti\ccsv8\tools\compiler\ti-cgt-arm_18.1.1.LTS\lib\</path>
         <kind>archive</kind>
         <file>rtsv7M4_T_le_v4SPD16_eabi.lib</file>
         <name>strcmp.c.obj</name>
      </input_file>
      <input_file id="fl-109">
         <path>C:\ti\ccsv8\tools\compiler\ti-cgt-arm_18.1.1.LTS\lib\</path>
         <kind>archive</kind>
         <file>rtsv7M4_T_le_v4SPD16_eabi.lib</file>
         <name>unlink.c.obj</name>
      </input_file>
      <input_file id="fl-10a">
         <path>C:\ti\ccsv8\tools\compiler\ti-cgt-arm_18.1.1.LTS\lib\</path>
         <kind>archive</kind>
         <file>rtsv7M4_T_le_v4SPD16_eabi.lib</file>
         <name>close.c.obj</name>
      </input_file>
   </input_file_list>
   <object_component_list>
      <object_component id="oc-1f">
         <name>.intvecs:retain</name>
         <load_address>0x0</load_address>
         <run_address>0x0</run_address>
         <size>0x140</size>
         <input_file_ref idref="fl-4"/>
      </object_component>
      <object_component id="oc-69">
         <name>.text</name>
         <load_address>0x140</load_address>
         <run_address>0x140</run_address>
         <size>0xf9c</size>
         <input_file_ref idref="fl-3"/>
      </object_component>
      <object_component id="oc-250">
         <name>.text:__TI_printfi</name>
         <load_address>0x10dc</load_address>
         <run_address>0x10dc</run_address>
         <size>0xa5e</size>
         <input_file_ref idref="fl-e5"/>
      </object_component>
      <object_component id="oc-410">
         <name>.text:_nop</name>
         <load_address>0x1b3a</load_address>
         <run_address>0x1b3a</run_address>
         <size>0x2</size>
         <input_file_ref idref="fl-d8"/>
      </object_component>
      <object_component id="oc-b1">
         <name>.text:pow</name>
         <load_address>0x1b3c</load_address>
         <run_address>0x1b3c</run_address>
         <size>0x9c0</size>
         <input_file_ref idref="fl-c6"/>
      </object_component>
      <object_component id="oc-dd">
         <name>.text</name>
         <load_address>0x24fc</load_address>
         <run_address>0x24fc</run_address>
         <size>0x3e0</size>
         <input_file_ref idref="fl-2"/>
      </object_component>
      <object_component id="oc-a5">
         <name>.text</name>
         <load_address>0x28dc</load_address>
         <run_address>0x28dc</run_address>
         <size>0x328</size>
         <input_file_ref idref="fl-5"/>
      </object_component>
      <object_component id="oc-3cc">
         <name>.text:_pconv_a</name>
         <load_address>0x2c04</load_address>
         <run_address>0x2c04</run_address>
         <size>0x270</size>
         <input_file_ref idref="fl-e5"/>
      </object_component>
      <object_component id="oc-231">
         <name>.text:FlashCtl_verifyMemory</name>
         <load_address>0x2e74</load_address>
         <run_address>0x2e74</run_address>
         <size>0x1d4</size>
         <input_file_ref idref="fl-c"/>
      </object_component>
      <object_component id="oc-3ba">
         <name>.text:_pconv_g</name>
         <load_address>0x3048</load_address>
         <run_address>0x3048</run_address>
         <size>0x1d0</size>
         <input_file_ref idref="fl-e5"/>
      </object_component>
      <object_component id="oc-1b5">
         <name>.text</name>
         <load_address>0x3218</load_address>
         <run_address>0x3218</run_address>
         <size>0x1b6</size>
         <input_file_ref idref="fl-ca"/>
      </object_component>
      <object_component id="oc-4fb">
         <name>.text</name>
         <load_address>0x33ce</load_address>
         <run_address>0x33ce</run_address>
         <size>0x2</size>
         <input_file_ref idref="fl-101"/>
      </object_component>
      <object_component id="oc-21d">
         <name>.text:_FlashCtl_ProgramBurst</name>
         <load_address>0x33d0</load_address>
         <run_address>0x33d0</run_address>
         <size>0x180</size>
         <input_file_ref idref="fl-c"/>
      </object_component>
      <object_component id="oc-1bf">
         <name>.text:sqrt</name>
         <load_address>0x3550</load_address>
         <run_address>0x3550</run_address>
         <size>0x158</size>
         <input_file_ref idref="fl-c7"/>
      </object_component>
      <object_component id="oc-3c6">
         <name>.text:_pconv_e</name>
         <load_address>0x36a8</load_address>
         <run_address>0x36a8</run_address>
         <size>0x13c</size>
         <input_file_ref idref="fl-e5"/>
      </object_component>
      <object_component id="oc-1ba">
         <name>.text</name>
         <load_address>0x37e4</load_address>
         <run_address>0x37e4</run_address>
         <size>0x136</size>
         <input_file_ref idref="fl-cc"/>
      </object_component>
      <object_component id="oc-495">
         <name>.text:fcvt</name>
         <load_address>0x391c</load_address>
         <run_address>0x391c</run_address>
         <size>0x120</size>
         <input_file_ref idref="fl-e5"/>
      </object_component>
      <object_component id="oc-41e">
         <name>.text:fputs</name>
         <load_address>0x3a3c</load_address>
         <run_address>0x3a3c</run_address>
         <size>0x114</size>
         <input_file_ref idref="fl-ea"/>
      </object_component>
      <object_component id="oc-1e2">
         <name>.text:scalbn</name>
         <load_address>0x3b50</load_address>
         <run_address>0x3b50</run_address>
         <size>0x110</size>
         <input_file_ref idref="fl-c8"/>
      </object_component>
      <object_component id="oc-1cb">
         <name>.text</name>
         <load_address>0x3c60</load_address>
         <run_address>0x3c60</run_address>
         <size>0xfc</size>
         <input_file_ref idref="fl-cd"/>
      </object_component>
      <object_component id="oc-c8">
         <name>.text:FlashCtl_programMemory</name>
         <load_address>0x3d5c</load_address>
         <run_address>0x3d5c</run_address>
         <size>0xfa</size>
         <input_file_ref idref="fl-c"/>
      </object_component>
      <object_component id="oc-d4">
         <name>.text:FlashCtl_eraseSector</name>
         <load_address>0x3e58</load_address>
         <run_address>0x3e58</run_address>
         <size>0xec</size>
         <input_file_ref idref="fl-c"/>
      </object_component>
      <object_component id="oc-369">
         <name>.text:__FlashCtl_remaskBurstDataPost</name>
         <load_address>0x3f44</load_address>
         <run_address>0x3f44</run_address>
         <size>0xe4</size>
         <input_file_ref idref="fl-c"/>
      </object_component>
      <object_component id="oc-363">
         <name>.text:__FlashCtl_remaskBurstDataPre</name>
         <load_address>0x4028</load_address>
         <run_address>0x4028</run_address>
         <size>0xe4</size>
         <input_file_ref idref="fl-c"/>
      </object_component>
      <object_component id="oc-520">
         <name>.text:setvbuf</name>
         <load_address>0x410c</load_address>
         <run_address>0x410c</run_address>
         <size>0xdc</size>
         <input_file_ref idref="fl-f8"/>
      </object_component>
      <object_component id="oc-546">
         <name>.text:free</name>
         <load_address>0x41e8</load_address>
         <run_address>0x41e8</run_address>
         <size>0xd8</size>
         <input_file_ref idref="fl-102"/>
      </object_component>
      <object_component id="oc-3b4">
         <name>.text:_ltostr</name>
         <load_address>0x42c0</load_address>
         <run_address>0x42c0</run_address>
         <size>0xb1</size>
         <input_file_ref idref="fl-e5"/>
      </object_component>
      <object_component id="oc-217">
         <name>.text:_FlashCtl_Program32</name>
         <load_address>0x4374</load_address>
         <run_address>0x4374</run_address>
         <size>0xb0</size>
         <input_file_ref idref="fl-c"/>
      </object_component>
      <object_component id="oc-35c">
         <name>.text:__FlashCtl_remaskData32Post</name>
         <load_address>0x4424</load_address>
         <run_address>0x4424</run_address>
         <size>0xac</size>
         <input_file_ref idref="fl-c"/>
      </object_component>
      <object_component id="oc-356">
         <name>.text:__FlashCtl_remaskData32Pre</name>
         <load_address>0x44d0</load_address>
         <run_address>0x44d0</run_address>
         <size>0xac</size>
         <input_file_ref idref="fl-c"/>
      </object_component>
      <object_component id="oc-211">
         <name>.text:_FlashCtl_Program8</name>
         <load_address>0x457c</load_address>
         <run_address>0x457c</run_address>
         <size>0xa8</size>
         <input_file_ref idref="fl-c"/>
      </object_component>
      <object_component id="oc-288">
         <name>.text:CS_startHFXTWithTimeout</name>
         <load_address>0x4624</load_address>
         <run_address>0x4624</run_address>
         <size>0x9c</size>
         <input_file_ref idref="fl-b"/>
      </object_component>
      <object_component id="oc-28f">
         <name>.text:CS_startLFXTWithTimeout</name>
         <load_address>0x46c0</load_address>
         <run_address>0x46c0</run_address>
         <size>0x9c</size>
         <input_file_ref idref="fl-b"/>
      </object_component>
      <object_component id="oc-33">
         <name>.text</name>
         <load_address>0x475c</load_address>
         <run_address>0x475c</run_address>
         <size>0x9c</size>
         <input_file_ref idref="fl-e1"/>
      </object_component>
      <object_component id="oc-477">
         <name>.text</name>
         <load_address>0x47f8</load_address>
         <run_address>0x47f8</run_address>
         <size>0x96</size>
         <input_file_ref idref="fl-f3"/>
      </object_component>
      <object_component id="oc-425">
         <name>.text:fputc</name>
         <load_address>0x4890</load_address>
         <run_address>0x4890</run_address>
         <size>0x8c</size>
         <input_file_ref idref="fl-e9"/>
      </object_component>
      <object_component id="oc-1d8">
         <name>.text:__aeabi_cdcmple</name>
         <load_address>0x491c</load_address>
         <run_address>0x491c</run_address>
         <size>0x86</size>
         <input_file_ref idref="fl-cb"/>
      </object_component>
      <object_component id="oc-1dd">
         <name>.text:__aeabi_cdrcmple</name>
         <load_address>0x49a2</load_address>
         <run_address>0x49a2</run_address>
         <size>0x86</size>
         <input_file_ref idref="fl-cb"/>
      </object_component>
      <object_component id="oc-8d">
         <name>.text</name>
         <load_address>0x4a28</load_address>
         <run_address>0x4a28</run_address>
         <size>0x7a</size>
         <input_file_ref idref="fl-d1"/>
      </object_component>
      <object_component id="oc-54c">
         <name>.text:malloc</name>
         <load_address>0x4aa4</load_address>
         <run_address>0x4aa4</run_address>
         <size>0x78</size>
         <input_file_ref idref="fl-102"/>
      </object_component>
      <object_component id="oc-591">
         <name>.text:__TI_closefile</name>
         <load_address>0x4b1c</load_address>
         <run_address>0x4b1c</run_address>
         <size>0x74</size>
         <input_file_ref idref="fl-105"/>
      </object_component>
      <object_component id="oc-400">
         <name>.text:_CSGetHFXTFrequency</name>
         <load_address>0x4b90</load_address>
         <run_address>0x4b90</run_address>
         <size>0x70</size>
         <input_file_ref idref="fl-b"/>
      </object_component>
      <object_component id="oc-48e">
         <name>.text:_mcpy</name>
         <load_address>0x4c00</load_address>
         <run_address>0x4c00</run_address>
         <size>0x6e</size>
         <input_file_ref idref="fl-e5"/>
      </object_component>
      <object_component id="oc-349">
         <name>.text:__FlashCtl_remaskData8Pre</name>
         <load_address>0x4c70</load_address>
         <run_address>0x4c70</run_address>
         <size>0x6c</size>
         <input_file_ref idref="fl-c"/>
      </object_component>
      <object_component id="oc-5b5">
         <name>.text:HOSTlseek</name>
         <load_address>0x4cdc</load_address>
         <run_address>0x4cdc</run_address>
         <size>0x68</size>
         <input_file_ref idref="fl-fa"/>
      </object_component>
      <object_component id="oc-5c1">
         <name>.text:HOSTrename</name>
         <load_address>0x4d44</load_address>
         <run_address>0x4d44</run_address>
         <size>0x68</size>
         <input_file_ref idref="fl-fd"/>
      </object_component>
      <object_component id="oc-34f">
         <name>.text:__FlashCtl_remaskData8Post</name>
         <load_address>0x4dac</load_address>
         <run_address>0x4dac</run_address>
         <size>0x68</size>
         <input_file_ref idref="fl-c"/>
      </object_component>
      <object_component id="oc-10">
         <name>.text:decompress:lzss:__TI_decompress_lzss</name>
         <load_address>0x4e14</load_address>
         <run_address>0x4e14</run_address>
         <size>0x68</size>
         <input_file_ref idref="fl-d4"/>
      </object_component>
      <object_component id="oc-125">
         <name>.text:printf</name>
         <load_address>0x4e7c</load_address>
         <run_address>0x4e7c</run_address>
         <size>0x68</size>
         <input_file_ref idref="fl-da"/>
      </object_component>
      <object_component id="oc-4a3">
         <name>.text:frexp</name>
         <load_address>0x4ee4</load_address>
         <run_address>0x4ee4</run_address>
         <size>0x64</size>
         <input_file_ref idref="fl-f0"/>
      </object_component>
      <object_component id="oc-51a">
         <name>.text:fseek</name>
         <load_address>0x4f48</load_address>
         <run_address>0x4f48</run_address>
         <size>0x64</size>
         <input_file_ref idref="fl-f6"/>
      </object_component>
      <object_component id="oc-4ce">
         <name>.text:__TI_wrt_ok</name>
         <load_address>0x4fac</load_address>
         <run_address>0x4fac</run_address>
         <size>0x62</size>
         <input_file_ref idref="fl-f4"/>
      </object_component>
      <object_component id="oc-59d">
         <name>.text:HOSTopen</name>
         <load_address>0x5010</load_address>
         <run_address>0x5010</run_address>
         <size>0x60</size>
         <input_file_ref idref="fl-fb"/>
      </object_component>
      <object_component id="oc-5d0">
         <name>.text:close</name>
         <load_address>0x5070</load_address>
         <run_address>0x5070</run_address>
         <size>0x5c</size>
         <input_file_ref idref="fl-10a"/>
      </object_component>
      <object_component id="oc-1f1">
         <name>.text:FlashCtl_isSectorProtected</name>
         <load_address>0x50cc</load_address>
         <run_address>0x50cc</run_address>
         <size>0x58</size>
         <input_file_ref idref="fl-c"/>
      </object_component>
      <object_component id="oc-bc">
         <name>.text:FlashCtl_unprotectSector</name>
         <load_address>0x5124</load_address>
         <run_address>0x5124</run_address>
         <size>0x58</size>
         <input_file_ref idref="fl-c"/>
      </object_component>
      <object_component id="oc-5a9">
         <name>.text:HOSTread</name>
         <load_address>0x517c</load_address>
         <run_address>0x517c</run_address>
         <size>0x58</size>
         <input_file_ref idref="fl-fc"/>
      </object_component>
      <object_component id="oc-5af">
         <name>.text:HOSTwrite</name>
         <load_address>0x51d4</load_address>
         <run_address>0x51d4</run_address>
         <size>0x58</size>
         <input_file_ref idref="fl-ff"/>
      </object_component>
      <object_component id="oc-3c0">
         <name>.text:_pconv_f</name>
         <load_address>0x522c</load_address>
         <run_address>0x522c</run_address>
         <size>0x56</size>
         <input_file_ref idref="fl-e5"/>
      </object_component>
      <object_component id="oc-482">
         <name>.text:ltoa</name>
         <load_address>0x5282</load_address>
         <run_address>0x5282</run_address>
         <size>0x54</size>
         <input_file_ref idref="fl-eb"/>
      </object_component>
      <object_component id="oc-488">
         <name>.text:_ecpy</name>
         <load_address>0x52d6</load_address>
         <run_address>0x52d6</run_address>
         <size>0x52</size>
         <input_file_ref idref="fl-e5"/>
      </object_component>
      <object_component id="oc-ce">
         <name>.text:FlashCtl_protectSector</name>
         <load_address>0x5328</load_address>
         <run_address>0x5328</run_address>
         <size>0x50</size>
         <input_file_ref idref="fl-c"/>
      </object_component>
      <object_component id="oc-20b">
         <name>.text:SysCtl_getTLVInfo</name>
         <load_address>0x5378</load_address>
         <run_address>0x5378</run_address>
         <size>0x50</size>
         <input_file_ref idref="fl-f"/>
      </object_component>
      <object_component id="oc-393">
         <name>.text:FlashCtl_setReadMode</name>
         <load_address>0x53c8</load_address>
         <run_address>0x53c8</run_address>
         <size>0x4c</size>
         <input_file_ref idref="fl-c"/>
      </object_component>
      <object_component id="oc-4da">
         <name>.text:__TI_doflush</name>
         <load_address>0x5414</load_address>
         <run_address>0x5414</run_address>
         <size>0x4c</size>
         <input_file_ref idref="fl-f5"/>
      </object_component>
      <object_component id="oc-3ae">
         <name>.text:atoi</name>
         <load_address>0x5460</load_address>
         <run_address>0x5460</run_address>
         <size>0x4c</size>
         <input_file_ref idref="fl-e6"/>
      </object_component>
      <object_component id="oc-fe">
         <name>.text:snprintf</name>
         <load_address>0x54ac</load_address>
         <run_address>0x54ac</run_address>
         <size>0x4c</size>
         <input_file_ref idref="fl-db"/>
      </object_component>
      <object_component id="oc-178">
         <name>.text:exit</name>
         <load_address>0x54f8</load_address>
         <run_address>0x54f8</run_address>
         <size>0x48</size>
         <input_file_ref idref="fl-d7"/>
      </object_component>
      <object_component id="oc-47d">
         <name>.text</name>
         <load_address>0x5540</load_address>
         <run_address>0x5540</run_address>
         <size>0x48</size>
         <input_file_ref idref="fl-f2"/>
      </object_component>
      <object_component id="oc-5a3">
         <name>.text:HOSTclose</name>
         <load_address>0x5588</load_address>
         <run_address>0x5588</run_address>
         <size>0x44</size>
         <input_file_ref idref="fl-f9"/>
      </object_component>
      <object_component id="oc-5bb">
         <name>.text:HOSTunlink</name>
         <load_address>0x55cc</load_address>
         <run_address>0x55cc</run_address>
         <size>0x44</size>
         <input_file_ref idref="fl-fe"/>
      </object_component>
      <object_component id="oc-17e">
         <name>.text:__TI_auto_init_nobinit_nopinit:__TI_auto_init_nobinit_nopinit</name>
         <load_address>0x5610</load_address>
         <run_address>0x5610</run_address>
         <size>0x44</size>
         <input_file_ref idref="fl-e2"/>
      </object_component>
      <object_component id="oc-5ff">
         <name>.text:getdevice</name>
         <load_address>0x5654</load_address>
         <run_address>0x5654</run_address>
         <size>0x44</size>
         <input_file_ref idref="fl-106"/>
      </object_component>
      <object_component id="oc-b7">
         <name>.text</name>
         <load_address>0x5698</load_address>
         <run_address>0x5698</run_address>
         <size>0x44</size>
         <input_file_ref idref="fl-ce"/>
      </object_component>
      <object_component id="oc-104">
         <name>.text:sprintf</name>
         <load_address>0x56dc</load_address>
         <run_address>0x56dc</run_address>
         <size>0x40</size>
         <input_file_ref idref="fl-dc"/>
      </object_component>
      <object_component id="oc-49b">
         <name>.text:_fcpy</name>
         <load_address>0x571c</load_address>
         <run_address>0x571c</run_address>
         <size>0x3e</size>
         <input_file_ref idref="fl-e5"/>
      </object_component>
      <object_component id="oc-33d">
         <name>.text:FlashCtl_clearProgramVerification</name>
         <load_address>0x575c</load_address>
         <run_address>0x575c</run_address>
         <size>0x3c</size>
         <input_file_ref idref="fl-c"/>
      </object_component>
      <object_component id="oc-586">
         <name>.text:minsert</name>
         <load_address>0x5798</load_address>
         <run_address>0x5798</run_address>
         <size>0x3c</size>
         <input_file_ref idref="fl-102"/>
      </object_component>
      <object_component id="oc-337">
         <name>.text:FlashCtl_setProgramVerification</name>
         <load_address>0x57d4</load_address>
         <run_address>0x57d4</run_address>
         <size>0x38</size>
         <input_file_ref idref="fl-c"/>
      </object_component>
      <object_component id="oc-5e1">
         <name>.text:__TI_writemsg</name>
         <load_address>0x580c</load_address>
         <run_address>0x580c</run_address>
         <size>0x38</size>
         <input_file_ref idref="fl-100"/>
      </object_component>
      <object_component id="oc-51">
         <name>.text:_c_int00_noargs:_c_int00_noargs</name>
         <load_address>0x5844</load_address>
         <run_address>0x5844</run_address>
         <size>0x38</size>
         <input_file_ref idref="fl-d5"/>
      </object_component>
      <object_component id="oc-57a">
         <name>.text:minit</name>
         <load_address>0x587c</load_address>
         <run_address>0x587c</run_address>
         <size>0x38</size>
         <input_file_ref idref="fl-102"/>
      </object_component>
      <object_component id="oc-f2">
         <name>.text:strncpy</name>
         <load_address>0x58b4</load_address>
         <run_address>0x58b4</run_address>
         <size>0x36</size>
         <input_file_ref idref="fl-e0"/>
      </object_component>
      <object_component id="oc-552">
         <name>.text:__TI_cleanup</name>
         <load_address>0x58ec</load_address>
         <run_address>0x58ec</run_address>
         <size>0x34</size>
         <input_file_ref idref="fl-103"/>
      </object_component>
      <object_component id="oc-5e7">
         <name>.text:__TI_readmsg</name>
         <load_address>0x5920</load_address>
         <run_address>0x5920</run_address>
         <size>0x34</size>
         <input_file_ref idref="fl-100"/>
      </object_component>
      <object_component id="oc-256">
         <name>.text:_outs</name>
         <load_address>0x5954</load_address>
         <run_address>0x5954</run_address>
         <size>0x30</size>
         <input_file_ref idref="fl-db"/>
      </object_component>
      <object_component id="oc-61f">
         <name>.text:finddevice</name>
         <load_address>0x5984</load_address>
         <run_address>0x5984</run_address>
         <size>0x30</size>
         <input_file_ref idref="fl-106"/>
      </object_component>
      <object_component id="oc-1d0">
         <name>.text</name>
         <load_address>0x59b4</load_address>
         <run_address>0x59b4</run_address>
         <size>0x2e</size>
         <input_file_ref idref="fl-cf"/>
      </object_component>
      <object_component id="oc-12b">
         <name>.text:strncmp</name>
         <load_address>0x59e2</load_address>
         <run_address>0x59e2</run_address>
         <size>0x2c</size>
         <input_file_ref idref="fl-df"/>
      </object_component>
      <object_component id="oc-5d6">
         <name>.text:unlink</name>
         <load_address>0x5a10</load_address>
         <run_address>0x5a10</run_address>
         <size>0x2c</size>
         <input_file_ref idref="fl-109"/>
      </object_component>
      <object_component id="oc-38d">
         <name>.text:FlashCtl_setWaitState</name>
         <load_address>0x5a3c</load_address>
         <run_address>0x5a3c</run_address>
         <size>0x28</size>
         <input_file_ref idref="fl-c"/>
      </object_component>
      <object_component id="oc-53e">
         <name>.text:lseek</name>
         <load_address>0x5a64</load_address>
         <run_address>0x5a64</run_address>
         <size>0x28</size>
         <input_file_ref idref="fl-f7"/>
      </object_component>
      <object_component id="oc-580">
         <name>.text:mremove</name>
         <load_address>0x5a8c</load_address>
         <run_address>0x5a8c</run_address>
         <size>0x28</size>
         <input_file_ref idref="fl-102"/>
      </object_component>
      <object_component id="oc-4e0">
         <name>.text:write</name>
         <load_address>0x5ab4</load_address>
         <run_address>0x5ab4</run_address>
         <size>0x28</size>
         <input_file_ref idref="fl-ef"/>
      </object_component>
      <object_component id="oc-387">
         <name>.text:FlashCtl_getReadMode</name>
         <load_address>0x5adc</load_address>
         <run_address>0x5adc</run_address>
         <size>0x24</size>
         <input_file_ref idref="fl-c"/>
      </object_component>
      <object_component id="oc-c2">
         <name>.text:FlashCtl_enableWordProgramming</name>
         <load_address>0x5b00</load_address>
         <run_address>0x5b00</run_address>
         <size>0x20</size>
         <input_file_ref idref="fl-c"/>
      </object_component>
      <object_component id="oc-4d4">
         <name>.text:memchr</name>
         <load_address>0x5b20</load_address>
         <run_address>0x5b20</run_address>
         <size>0x20</size>
         <input_file_ref idref="fl-ed"/>
      </object_component>
      <object_component id="oc-ac">
         <name>.text</name>
         <load_address>0x5b40</load_address>
         <run_address>0x5b40</run_address>
         <size>0x20</size>
         <input_file_ref idref="fl-d0"/>
      </object_component>
      <object_component id="oc-381">
         <name>.text:FlashCtl_getWaitState</name>
         <load_address>0x5b60</load_address>
         <run_address>0x5b60</run_address>
         <size>0x1c</size>
         <input_file_ref idref="fl-c"/>
      </object_component>
      <object_component id="oc-3d2">
         <name>.text:memccpy</name>
         <load_address>0x5b7c</load_address>
         <run_address>0x5b7c</run_address>
         <size>0x1c</size>
         <input_file_ref idref="fl-ec"/>
      </object_component>
      <object_component id="oc-134">
         <name>.text:GPIO_setOutputLowOnPin</name>
         <load_address>0x5b98</load_address>
         <run_address>0x5b98</run_address>
         <size>0x18</size>
         <input_file_ref idref="fl-d"/>
      </object_component>
      <object_component id="oc-25c">
         <name>.text:_outc</name>
         <load_address>0x5bb0</load_address>
         <run_address>0x5bb0</run_address>
         <size>0x18</size>
         <input_file_ref idref="fl-db"/>
      </object_component>
      <object_component id="oc-273">
         <name>.text:_outs</name>
         <load_address>0x5bc8</load_address>
         <run_address>0x5bc8</run_address>
         <size>0x18</size>
         <input_file_ref idref="fl-dc"/>
      </object_component>
      <object_component id="oc-632">
         <name>.text:strcmp</name>
         <load_address>0x5be0</load_address>
         <run_address>0x5be0</run_address>
         <size>0x18</size>
         <input_file_ref idref="fl-108"/>
      </object_component>
      <object_component id="oc-4a9">
         <name>.text:strchr</name>
         <load_address>0x5bf8</load_address>
         <run_address>0x5bf8</run_address>
         <size>0x16</size>
         <input_file_ref idref="fl-ee"/>
      </object_component>
      <object_component id="oc-10d">
         <name>.text:CS_setExternalClockSourceFrequency</name>
         <load_address>0x5c10</load_address>
         <run_address>0x5c10</run_address>
         <size>0x14</size>
         <input_file_ref idref="fl-b"/>
      </object_component>
      <object_component id="oc-13a">
         <name>.text:GPIO_setOutputHighOnPin</name>
         <load_address>0x5c24</load_address>
         <run_address>0x5c24</run_address>
         <size>0x14</size>
         <input_file_ref idref="fl-d"/>
      </object_component>
      <object_component id="oc-30c">
         <name>.text:copysign</name>
         <load_address>0x5c38</load_address>
         <run_address>0x5c38</run_address>
         <size>0x14</size>
         <input_file_ref idref="fl-c9"/>
      </object_component>
      <object_component id="oc-f8">
         <name>.text:strcpy</name>
         <load_address>0x5c4c</load_address>
         <run_address>0x5c4c</run_address>
         <size>0x14</size>
         <input_file_ref idref="fl-dd"/>
      </object_component>
      <object_component id="oc-11f">
         <name>.text:strlen</name>
         <load_address>0x5c60</load_address>
         <run_address>0x5c60</run_address>
         <size>0x14</size>
         <input_file_ref idref="fl-de"/>
      </object_component>
      <object_component id="oc-63">
         <name>.text</name>
         <load_address>0x5c74</load_address>
         <run_address>0x5c74</run_address>
         <size>0x12</size>
         <input_file_ref idref="fl-4"/>
      </object_component>
      <object_component id="oc-3d8">
         <name>.text:wcslen</name>
         <load_address>0x5c86</load_address>
         <run_address>0x5c86</run_address>
         <size>0x12</size>
         <input_file_ref idref="fl-f1"/>
      </object_component>
      <object_component id="oc-229">
         <name>.text:FlashCtl_disableWordProgramming</name>
         <load_address>0x5c98</load_address>
         <run_address>0x5c98</run_address>
         <size>0x10</size>
         <input_file_ref idref="fl-c"/>
      </object_component>
      <object_component id="oc-205">
         <name>.text:Interrupt_disableMaster</name>
         <load_address>0x5ca8</load_address>
         <run_address>0x5ca8</run_address>
         <size>0x10</size>
         <input_file_ref idref="fl-e"/>
      </object_component>
      <object_component id="oc-223">
         <name>.text:Interrupt_enableMaster</name>
         <load_address>0x5cb8</load_address>
         <run_address>0x5cb8</run_address>
         <size>0x10</size>
         <input_file_ref idref="fl-e"/>
      </object_component>
      <object_component id="oc-3fa">
         <name>.text:SysCtl_disableNMISource</name>
         <load_address>0x5cc8</load_address>
         <run_address>0x5cc8</run_address>
         <size>0x10</size>
         <input_file_ref idref="fl-f"/>
      </object_component>
      <object_component id="oc-406">
         <name>.text:SysCtl_enableNMISource</name>
         <load_address>0x5cd8</load_address>
         <run_address>0x5cd8</run_address>
         <size>0x10</size>
         <input_file_ref idref="fl-f"/>
      </object_component>
      <object_component id="oc-16">
         <name>.text:decompress:none:__TI_decompress_none</name>
         <load_address>0x5ce8</load_address>
         <run_address>0x5ce8</run_address>
         <size>0xe</size>
         <input_file_ref idref="fl-d3"/>
      </object_component>
      <object_component id="oc-32e">
         <name>.text:CPU_cpsid</name>
         <load_address>0x5cf6</load_address>
         <run_address>0x5cf6</run_address>
         <size>0xc</size>
         <input_file_ref idref="fl-10"/>
      </object_component>
      <object_component id="oc-373">
         <name>.text:CPU_cpsie</name>
         <load_address>0x5d02</load_address>
         <run_address>0x5d02</run_address>
         <size>0xc</size>
         <input_file_ref idref="fl-10"/>
      </object_component>
      <object_component id="oc-343">
         <name>.text:FlashCtl_getInterruptStatus</name>
         <load_address>0x5d10</load_address>
         <run_address>0x5d10</run_address>
         <size>0xc</size>
         <input_file_ref idref="fl-c"/>
      </object_component>
      <object_component id="oc-37b">
         <name>.text:SysCtl_getFlashSize</name>
         <load_address>0x5d1c</load_address>
         <run_address>0x5d1c</run_address>
         <size>0xc</size>
         <input_file_ref idref="fl-f"/>
      </object_component>
      <object_component id="oc-3f4">
         <name>.text:SysCtl_getNMISourceStatus</name>
         <load_address>0x5d28</load_address>
         <run_address>0x5d28</run_address>
         <size>0xc</size>
         <input_file_ref idref="fl-f"/>
      </object_component>
      <object_component id="oc-45">
         <name>.text:decompress:ZI:__TI_zero_init</name>
         <load_address>0x5d34</load_address>
         <run_address>0x5d34</run_address>
         <size>0xc</size>
         <input_file_ref idref="fl-d2"/>
      </object_component>
      <object_component id="oc-1ff">
         <name>.text:CPU_primask</name>
         <load_address>0x5d40</load_address>
         <run_address>0x5d40</run_address>
         <size>0xa</size>
         <input_file_ref idref="fl-10"/>
      </object_component>
      <object_component id="oc-279">
         <name>.text:_outc</name>
         <load_address>0x5d4a</load_address>
         <run_address>0x5d4a</run_address>
         <size>0xa</size>
         <input_file_ref idref="fl-dc"/>
      </object_component>
      <object_component id="oc-1c5">
         <name>.text:__aeabi_errno_addr</name>
         <load_address>0x5d54</load_address>
         <run_address>0x5d54</run_address>
         <size>0x8</size>
         <input_file_ref idref="fl-d6"/>
      </object_component>
      <object_component id="oc-113">
         <name>.text:CS_startHFXT</name>
         <load_address>0x5d5c</load_address>
         <run_address>0x5d5c</run_address>
         <size>0x6</size>
         <input_file_ref idref="fl-b"/>
      </object_component>
      <object_component id="oc-119">
         <name>.text:CS_startLFXT</name>
         <load_address>0x5d62</load_address>
         <run_address>0x5d62</run_address>
         <size>0x6</size>
         <input_file_ref idref="fl-b"/>
      </object_component>
      <object_component id="oc-2a4">
         <name>.text:_outc</name>
         <load_address>0x5d68</load_address>
         <run_address>0x5d68</run_address>
         <size>0x4</size>
         <input_file_ref idref="fl-da"/>
      </object_component>
      <object_component id="oc-29e">
         <name>.text:_outs</name>
         <load_address>0x5d6c</load_address>
         <run_address>0x5d6c</run_address>
         <size>0x4</size>
         <input_file_ref idref="fl-da"/>
      </object_component>
      <object_component id="oc-93">
         <name>.text:_system_pre_init</name>
         <load_address>0x5d70</load_address>
         <run_address>0x5d70</run_address>
         <size>0x4</size>
         <input_file_ref idref="fl-e3"/>
      </object_component>
      <object_component id="oc-172">
         <name>.text:abort:abort</name>
         <load_address>0x5d74</load_address>
         <run_address>0x5d74</run_address>
         <size>0x4</size>
         <input_file_ref idref="fl-d7"/>
      </object_component>
      <object_component id="oc-472">
         <name>.const:.string:_ctypes_</name>
         <load_address>0x5d78</load_address>
         <run_address>0x5d78</run_address>
         <size>0x101</size>
         <input_file_ref idref="fl-e7"/>
      </object_component>
      <object_component id="oc-1d5">
         <name>.const:$O1$$</name>
         <load_address>0x5e80</load_address>
         <run_address>0x5e80</run_address>
         <size>0x30</size>
         <input_file_ref idref="fl-c6"/>
      </object_component>
      <object_component id="oc-23a">
         <name>.const:$P$T0$1</name>
         <load_address>0x5eb0</load_address>
         <run_address>0x5eb0</run_address>
         <size>0x24</size>
         <input_file_ref idref="fl-2"/>
      </object_component>
      <object_component id="oc-23d">
         <name>.const:$P$T1$2</name>
         <load_address>0x5ed4</load_address>
         <run_address>0x5ed4</run_address>
         <size>0x24</size>
         <input_file_ref idref="fl-2"/>
      </object_component>
      <object_component id="oc-669">
         <name>.cinit..data.load</name>
         <load_address>0x5ef8</load_address>
         <run_address>0x5ef8</run_address>
         <size>0xd7</size>
      </object_component>
      <object_component id="oc-667">
         <name>__TI_handler_table</name>
         <load_address>0x5fd0</load_address>
         <run_address>0x5fd0</run_address>
         <size>0xc</size>
      </object_component>
      <object_component id="oc-66a">
         <name>.cinit..bss.load</name>
         <load_address>0x5fe0</load_address>
         <run_address>0x5fe0</run_address>
         <size>0x8</size>
      </object_component>
      <object_component id="oc-668">
         <name>__TI_cinit_table</name>
         <load_address>0x5fe8</load_address>
         <run_address>0x5fe8</run_address>
         <size>0x10</size>
      </object_component>
      <object_component id="oc-e6">
         <name>.data</name>
         <load_address>0x20000fc4</load_address>
         <run_address>0x20000fc4</run_address>
         <size>0x29</size>
         <input_file_ref idref="fl-3"/>
      </object_component>
      <object_component id="oc-1b0">
         <name>.data</name>
         <load_address>0x20001024</load_address>
         <run_address>0x20001024</run_address>
         <size>0x4</size>
         <input_file_ref idref="fl-5"/>
      </object_component>
      <object_component id="oc-36f">
         <name>.data:__getBurstProgramRegs</name>
         <load_address>0x20000f54</load_address>
         <run_address>0x20000f54</run_address>
         <size>0x40</size>
         <input_file_ref idref="fl-c"/>
      </object_component>
      <object_component id="oc-2d3">
         <name>.data:GPIO_PORT_TO_BASE</name>
         <load_address>0x20000f94</load_address>
         <run_address>0x20000f94</run_address>
         <size>0x30</size>
         <input_file_ref idref="fl-d"/>
      </object_component>
      <object_component id="oc-301">
         <name>.data</name>
         <load_address>0x20001020</load_address>
         <run_address>0x20001020</run_address>
         <size>0x4</size>
         <input_file_ref idref="fl-d6"/>
      </object_component>
      <object_component id="oc-2df">
         <name>.data:$O1$$</name>
         <load_address>0x20001000</load_address>
         <run_address>0x20001000</run_address>
         <size>0xc</size>
         <input_file_ref idref="fl-d7"/>
      </object_component>
      <object_component id="oc-298">
         <name>.data:$O1$$</name>
         <load_address>0x20001018</load_address>
         <run_address>0x20001018</run_address>
         <size>0x8</size>
         <input_file_ref idref="fl-d8"/>
      </object_component>
      <object_component id="oc-29b">
         <name>.data:_ftable</name>
         <load_address>0x20000d9c</load_address>
         <run_address>0x20000d9c</run_address>
         <size>0xf0</size>
         <input_file_ref idref="fl-e8"/>
      </object_component>
      <object_component id="oc-597">
         <name>.data</name>
         <load_address>0x20000ff0</load_address>
         <run_address>0x20000ff0</run_address>
         <size>0x10</size>
         <input_file_ref idref="fl-e8"/>
      </object_component>
      <object_component id="oc-565">
         <name>.data:_device</name>
         <load_address>0x20000e8c</load_address>
         <run_address>0x20000e8c</run_address>
         <size>0x78</size>
         <input_file_ref idref="fl-ef"/>
      </object_component>
      <object_component id="oc-52c">
         <name>.data:_stream</name>
         <load_address>0x20000f04</load_address>
         <run_address>0x20000f04</run_address>
         <size>0x50</size>
         <input_file_ref idref="fl-ef"/>
      </object_component>
      <object_component id="oc-58c">
         <name>.data:$O1$$</name>
         <load_address>0x2000100c</load_address>
         <run_address>0x2000100c</run_address>
         <size>0xc</size>
         <input_file_ref idref="fl-102"/>
      </object_component>
      <object_component id="oc-e9">
         <name>.bss:CurrentFixSaveString</name>
         <uninitialized>true</uninitialized>
         <run_address>0x20000d0f</run_address>
         <size>0x24</size>
         <input_file_ref idref="fl-3"/>
      </object_component>
      <object_component id="oc-10a">
         <name>.bss:FixRead</name>
         <uninitialized>true</uninitialized>
         <run_address>0x20000d33</run_address>
         <size>0x24</size>
         <input_file_ref idref="fl-3"/>
      </object_component>
      <object_component id="oc-ec">
         <name>.bss:FixMemoryLocator</name>
         <uninitialized>true</uninitialized>
         <run_address>0x20000d8e</run_address>
         <size>0x4</size>
         <input_file_ref idref="fl-3"/>
      </object_component>
      <object_component id="oc-ef">
         <name>.bss:Config</name>
         <uninitialized>true</uninitialized>
         <run_address>0x20000d74</run_address>
         <size>0xa</size>
         <input_file_ref idref="fl-3"/>
      </object_component>
      <object_component id="oc-da">
         <name>.bss:GPSinfo</name>
         <uninitialized>true</uninitialized>
         <run_address>0x20000ce0</run_address>
         <size>0x2f</size>
         <input_file_ref idref="fl-3"/>
      </object_component>
      <object_component id="oc-e3">
         <name>.bss:SetTime</name>
         <uninitialized>true</uninitialized>
         <run_address>0x20000d58</run_address>
         <size>0x1c</size>
         <input_file_ref idref="fl-3"/>
      </object_component>
      <object_component id="oc-609">
         <name>.bss:_CIOBUF_</name>
         <uninitialized>true</uninitialized>
         <run_address>0x20000a58</run_address>
         <size>0x120</size>
         <input_file_ref idref="fl-100"/>
      </object_component>
      <object_component id="oc-143">
         <name>.common:PCdataString</name>
         <uninitialized>true</uninitialized>
         <run_address>0x20000c7c</run_address>
         <size>0x64</size>
      </object_component>
      <object_component id="oc-142">
         <name>.common:PCString</name>
         <uninitialized>true</uninitialized>
         <run_address>0x20000c18</run_address>
         <size>0x64</size>
      </object_component>
      <object_component id="oc-140">
         <name>.common:PDOPString</name>
         <uninitialized>true</uninitialized>
         <run_address>0x20000d7e</run_address>
         <size>0x8</size>
      </object_component>
      <object_component id="oc-141">
         <name>.common:dataString</name>
         <uninitialized>true</uninitialized>
         <run_address>0x2000092c</run_address>
         <size>0x12c</size>
      </object_component>
      <object_component id="oc-131">
         <name>.common:GPSString</name>
         <uninitialized>true</uninitialized>
         <run_address>0x20000800</run_address>
         <size>0x12c</size>
      </object_component>
      <object_component id="oc-286">
         <name>.common:hfxtFreq</name>
         <uninitialized>true</uninitialized>
         <run_address>0x20000d94</run_address>
         <size>0x4</size>
      </object_component>
      <object_component id="oc-283">
         <name>.common:lfxtFreq</name>
         <uninitialized>true</uninitialized>
         <run_address>0x20000d98</run_address>
         <size>0x4</size>
      </object_component>
      <object_component id="oc-5dc">
         <name>.common:__TI_tmpnams</name>
         <uninitialized>true</uninitialized>
         <run_address>0x20000b78</run_address>
         <size>0xa0</size>
      </object_component>
      <object_component id="oc-5ed">
         <name>.common:parmbuf</name>
         <uninitialized>true</uninitialized>
         <run_address>0x20000d86</run_address>
         <size>0x8</size>
      </object_component>
      <object_component id="oc-25">
         <name>.sysmem</name>
         <uninitialized>true</uninitialized>
         <run_address>0x20000000</run_address>
         <size>0x8</size>
         <input_file_ref idref="fl-102"/>
      </object_component>
      <object_component id="oc-66c">
         <name>.sysmem</name>
         <uninitialized>true</uninitialized>
         <run_address>0x20000000</run_address>
         <size>0x0</size>
      </object_component>
      <object_component id="oc-22">
         <name>.stack</name>
         <uninitialized>true</uninitialized>
         <run_address>0x2000fe00</run_address>
         <size>0x4</size>
         <input_file_ref idref="fl-d5"/>
      </object_component>
      <object_component id="oc-66b">
         <name>.stack</name>
         <uninitialized>true</uninitialized>
         <run_address>0x2000fe00</run_address>
         <size>0x0</size>
      </object_component>
      <object_component id="oc-241">
         <name>.debug_info</name>
         <load_address>0x0</load_address>
         <run_address>0x0</run_address>
         <size>0x571</size>
         <input_file_ref idref="fl-2"/>
      </object_component>
      <object_component id="oc-23b">
         <name>.debug_info</name>
         <load_address>0x571</load_address>
         <run_address>0x571</run_address>
         <size>0xce</size>
         <input_file_ref idref="fl-2"/>
      </object_component>
      <object_component id="oc-23e">
         <name>.debug_info</name>
         <load_address>0x63f</load_address>
         <run_address>0x63f</run_address>
         <size>0xce</size>
         <input_file_ref idref="fl-2"/>
      </object_component>
      <object_component id="oc-de">
         <name>.debug_info</name>
         <load_address>0x70d</load_address>
         <run_address>0x70d</run_address>
         <size>0x55e</size>
         <input_file_ref idref="fl-2"/>
      </object_component>
      <object_component id="oc-151">
         <name>.debug_info</name>
         <load_address>0xc6b</load_address>
         <run_address>0xc6b</run_address>
         <size>0x26b</size>
         <input_file_ref idref="fl-2"/>
      </object_component>
      <object_component id="oc-2b5">
         <name>.debug_info</name>
         <load_address>0xed6</load_address>
         <run_address>0xed6</run_address>
         <size>0x1055</size>
         <input_file_ref idref="fl-2"/>
      </object_component>
      <object_component id="oc-3a0">
         <name>.debug_info</name>
         <load_address>0x1f2b</load_address>
         <run_address>0x1f2b</run_address>
         <size>0x37e2</size>
         <input_file_ref idref="fl-2"/>
      </object_component>
      <object_component id="oc-2c4">
         <name>.debug_info</name>
         <load_address>0x570d</load_address>
         <run_address>0x570d</run_address>
         <size>0xc6</size>
         <input_file_ref idref="fl-2"/>
      </object_component>
      <object_component id="oc-145">
         <name>.debug_info</name>
         <load_address>0x57d3</load_address>
         <run_address>0x57d3</run_address>
         <size>0x8b</size>
         <input_file_ref idref="fl-2"/>
      </object_component>
      <object_component id="oc-2d9">
         <name>.debug_info</name>
         <load_address>0x585e</load_address>
         <run_address>0x585e</run_address>
         <size>0x297</size>
         <input_file_ref idref="fl-2"/>
      </object_component>
      <object_component id="oc-2ce">
         <name>.debug_info</name>
         <load_address>0x5af5</load_address>
         <run_address>0x5af5</run_address>
         <size>0xef</size>
         <input_file_ref idref="fl-2"/>
      </object_component>
      <object_component id="oc-14a">
         <name>.debug_info</name>
         <load_address>0x5be4</load_address>
         <run_address>0x5be4</run_address>
         <size>0xbb</size>
         <input_file_ref idref="fl-2"/>
      </object_component>
      <object_component id="oc-2c9">
         <name>.debug_info</name>
         <load_address>0x5c9f</load_address>
         <run_address>0x5c9f</run_address>
         <size>0xcc</size>
         <input_file_ref idref="fl-2"/>
      </object_component>
      <object_component id="oc-26e">
         <name>.debug_info</name>
         <load_address>0x5d6b</load_address>
         <run_address>0x5d6b</run_address>
         <size>0x2c</size>
         <input_file_ref idref="fl-2"/>
      </object_component>
      <object_component id="oc-3a5">
         <name>.debug_info</name>
         <load_address>0x5d97</load_address>
         <run_address>0x5d97</run_address>
         <size>0xee</size>
         <input_file_ref idref="fl-2"/>
      </object_component>
      <object_component id="oc-132">
         <name>.debug_info</name>
         <load_address>0x5e85</load_address>
         <run_address>0x5e85</run_address>
         <size>0xb6e</size>
         <input_file_ref idref="fl-3"/>
      </object_component>
      <object_component id="oc-e7">
         <name>.debug_info</name>
         <load_address>0x69f3</load_address>
         <run_address>0x69f3</run_address>
         <size>0x30c</size>
         <input_file_ref idref="fl-3"/>
      </object_component>
      <object_component id="oc-ea">
         <name>.debug_info</name>
         <load_address>0x6cff</load_address>
         <run_address>0x6cff</run_address>
         <size>0xe4</size>
         <input_file_ref idref="fl-3"/>
      </object_component>
      <object_component id="oc-10b">
         <name>.debug_info</name>
         <load_address>0x6de3</load_address>
         <run_address>0x6de3</run_address>
         <size>0xca</size>
         <input_file_ref idref="fl-3"/>
      </object_component>
      <object_component id="oc-ed">
         <name>.debug_info</name>
         <load_address>0x6ead</load_address>
         <run_address>0x6ead</run_address>
         <size>0xdc</size>
         <input_file_ref idref="fl-3"/>
      </object_component>
      <object_component id="oc-f0">
         <name>.debug_info</name>
         <load_address>0x6f89</load_address>
         <run_address>0x6f89</run_address>
         <size>0xc8</size>
         <input_file_ref idref="fl-3"/>
      </object_component>
      <object_component id="oc-db">
         <name>.debug_info</name>
         <load_address>0x7051</load_address>
         <run_address>0x7051</run_address>
         <size>0xca</size>
         <input_file_ref idref="fl-3"/>
      </object_component>
      <object_component id="oc-e4">
         <name>.debug_info</name>
         <load_address>0x711b</load_address>
         <run_address>0x711b</run_address>
         <size>0xca</size>
         <input_file_ref idref="fl-3"/>
      </object_component>
      <object_component id="oc-6a">
         <name>.debug_info</name>
         <load_address>0x71e5</load_address>
         <run_address>0x71e5</run_address>
         <size>0x14be</size>
         <input_file_ref idref="fl-3"/>
      </object_component>
      <object_component id="oc-2b0">
         <name>.debug_info</name>
         <load_address>0x86a3</load_address>
         <run_address>0x86a3</run_address>
         <size>0x37e2</size>
         <input_file_ref idref="fl-3"/>
      </object_component>
      <object_component id="oc-2ba">
         <name>.debug_info</name>
         <load_address>0xbe85</load_address>
         <run_address>0xbe85</run_address>
         <size>0x102</size>
         <input_file_ref idref="fl-3"/>
      </object_component>
      <object_component id="oc-2bf">
         <name>.debug_info</name>
         <load_address>0xbf87</load_address>
         <run_address>0xbf87</run_address>
         <size>0xda</size>
         <input_file_ref idref="fl-3"/>
      </object_component>
      <object_component id="oc-71">
         <name>.debug_info</name>
         <load_address>0xc061</load_address>
         <run_address>0xc061</run_address>
         <size>0x31d</size>
         <input_file_ref idref="fl-4"/>
      </object_component>
      <object_component id="oc-20">
         <name>.debug_info</name>
         <load_address>0xc37e</load_address>
         <run_address>0xc37e</run_address>
         <size>0xf0</size>
         <input_file_ref idref="fl-4"/>
      </object_component>
      <object_component id="oc-64">
         <name>.debug_info</name>
         <load_address>0xc46e</load_address>
         <run_address>0xc46e</run_address>
         <size>0x257</size>
         <input_file_ref idref="fl-4"/>
      </object_component>
      <object_component id="oc-2e">
         <name>.debug_info</name>
         <load_address>0xc6c5</load_address>
         <run_address>0xc6c5</run_address>
         <size>0x84</size>
         <input_file_ref idref="fl-4"/>
      </object_component>
      <object_component id="oc-1b1">
         <name>.debug_info</name>
         <load_address>0xc749</load_address>
         <run_address>0xc749</run_address>
         <size>0xe9</size>
         <input_file_ref idref="fl-5"/>
      </object_component>
      <object_component id="oc-a6">
         <name>.debug_info</name>
         <load_address>0xc832</load_address>
         <run_address>0xc832</run_address>
         <size>0x25b</size>
         <input_file_ref idref="fl-5"/>
      </object_component>
      <object_component id="oc-284">
         <name>.debug_info</name>
         <load_address>0xca8d</load_address>
         <run_address>0xca8d</run_address>
         <size>0x5ef</size>
         <input_file_ref idref="fl-b"/>
      </object_component>
      <object_component id="oc-293">
         <name>.debug_info</name>
         <load_address>0xd07c</load_address>
         <run_address>0xd07c</run_address>
         <size>0x21a</size>
         <input_file_ref idref="fl-b"/>
      </object_component>
      <object_component id="oc-11d">
         <name>.debug_info</name>
         <load_address>0xd296</load_address>
         <run_address>0xd296</run_address>
         <size>0x11c</size>
         <input_file_ref idref="fl-b"/>
      </object_component>
      <object_component id="oc-404">
         <name>.debug_info</name>
         <load_address>0xd3b2</load_address>
         <run_address>0xd3b2</run_address>
         <size>0xfc</size>
         <input_file_ref idref="fl-b"/>
      </object_component>
      <object_component id="oc-28c">
         <name>.debug_info</name>
         <load_address>0xd4ae</load_address>
         <run_address>0xd4ae</run_address>
         <size>0x23c</size>
         <input_file_ref idref="fl-b"/>
      </object_component>
      <object_component id="oc-117">
         <name>.debug_info</name>
         <load_address>0xd6ea</load_address>
         <run_address>0xd6ea</run_address>
         <size>0x122</size>
         <input_file_ref idref="fl-b"/>
      </object_component>
      <object_component id="oc-111">
         <name>.debug_info</name>
         <load_address>0xd80c</load_address>
         <run_address>0xd80c</run_address>
         <size>0x1dd</size>
         <input_file_ref idref="fl-b"/>
      </object_component>
      <object_component id="oc-323">
         <name>.debug_info</name>
         <load_address>0xd9e9</load_address>
         <run_address>0xd9e9</run_address>
         <size>0x1b5</size>
         <input_file_ref idref="fl-b"/>
      </object_component>
      <object_component id="oc-328">
         <name>.debug_info</name>
         <load_address>0xdb9e</load_address>
         <run_address>0xdb9e</run_address>
         <size>0x103e</size>
         <input_file_ref idref="fl-b"/>
      </object_component>
      <object_component id="oc-1f8">
         <name>.debug_info</name>
         <load_address>0xebdc</load_address>
         <run_address>0xebdc</run_address>
         <size>0x18b</size>
         <input_file_ref idref="fl-b"/>
      </object_component>
      <object_component id="oc-1fd">
         <name>.debug_info</name>
         <load_address>0xed67</load_address>
         <run_address>0xed67</run_address>
         <size>0x5c8</size>
         <input_file_ref idref="fl-c"/>
      </object_component>
      <object_component id="oc-370">
         <name>.debug_info</name>
         <load_address>0xf32f</load_address>
         <run_address>0xf32f</run_address>
         <size>0xd9</size>
         <input_file_ref idref="fl-c"/>
      </object_component>
      <object_component id="oc-382">
         <name>.debug_info</name>
         <load_address>0xf408</load_address>
         <run_address>0xf408</run_address>
         <size>0x13d</size>
         <input_file_ref idref="fl-c"/>
      </object_component>
      <object_component id="oc-388">
         <name>.debug_info</name>
         <load_address>0xf545</load_address>
         <run_address>0xf545</run_address>
         <size>0x141</size>
         <input_file_ref idref="fl-c"/>
      </object_component>
      <object_component id="oc-38e">
         <name>.debug_info</name>
         <load_address>0xf686</load_address>
         <run_address>0xf686</run_address>
         <size>0x175</size>
         <input_file_ref idref="fl-c"/>
      </object_component>
      <object_component id="oc-394">
         <name>.debug_info</name>
         <load_address>0xf7fb</load_address>
         <run_address>0xf7fb</run_address>
         <size>0x173</size>
         <input_file_ref idref="fl-c"/>
      </object_component>
      <object_component id="oc-34a">
         <name>.debug_info</name>
         <load_address>0xf96e</load_address>
         <run_address>0xf96e</run_address>
         <size>0x281</size>
         <input_file_ref idref="fl-c"/>
      </object_component>
      <object_component id="oc-350">
         <name>.debug_info</name>
         <load_address>0xfbef</load_address>
         <run_address>0xfbef</run_address>
         <size>0x283</size>
         <input_file_ref idref="fl-c"/>
      </object_component>
      <object_component id="oc-357">
         <name>.debug_info</name>
         <load_address>0xfe72</load_address>
         <run_address>0xfe72</run_address>
         <size>0x3b6</size>
         <input_file_ref idref="fl-c"/>
      </object_component>
      <object_component id="oc-35d">
         <name>.debug_info</name>
         <load_address>0x10228</load_address>
         <run_address>0x10228</run_address>
         <size>0x3b8</size>
         <input_file_ref idref="fl-c"/>
      </object_component>
      <object_component id="oc-364">
         <name>.debug_info</name>
         <load_address>0x105e0</load_address>
         <run_address>0x105e0</run_address>
         <size>0x3b8</size>
         <input_file_ref idref="fl-c"/>
      </object_component>
      <object_component id="oc-36a">
         <name>.debug_info</name>
         <load_address>0x10998</load_address>
         <run_address>0x10998</run_address>
         <size>0x3ba</size>
[...]
         <value>0x5c25</value>
         <object_component_ref idref="oc-13a"/>
      </symbol>
      <symbol id="sm-4cb">
         <name>GPIO_setOutputLowOnPin</name>
         <value>0x5b99</value>
         <object_component_ref idref="oc-134"/>
      </symbol>
      <symbol id="sm-4df">
         <name>Interrupt_disableMaster</name>
         <value>0x5ca9</value>
         <object_component_ref idref="oc-205"/>
      </symbol>
      <symbol id="sm-4e0">
         <name>Interrupt_enableMaster</name>
         <value>0x5cb9</value>
         <object_component_ref idref="oc-223"/>
      </symbol>
      <symbol id="sm-51d">
         <name>SysCtl_getNMISourceStatus</name>
         <value>0x5d29</value>
         <object_component_ref idref="oc-3f4"/>
      </symbol>
      <symbol id="sm-51e">
         <name>SysCtl_enableNMISource</name>
         <value>0x5cd9</value>
         <object_component_ref idref="oc-406"/>
      </symbol>
      <symbol id="sm-51f">
         <name>SysCtl_disableNMISource</name>
         <value>0x5cc9</value>
         <object_component_ref idref="oc-3fa"/>
      </symbol>
      <symbol id="sm-520">
         <name>SysCtl_getFlashSize</name>
         <value>0x5d1d</value>
         <object_component_ref idref="oc-37b"/>
      </symbol>
      <symbol id="sm-521">
         <name>SysCtl_getTLVInfo</name>
         <value>0x5379</value>
         <object_component_ref idref="oc-20b"/>
      </symbol>
      <symbol id="sm-53b">
         <name>CPU_cpsie</name>
         <value>0x5d03</value>
         <object_component_ref idref="oc-373"/>
      </symbol>
      <symbol id="sm-53c">
         <name>CPU_cpsid</name>
         <value>0x5cf7</value>
         <object_component_ref idref="oc-32e"/>
      </symbol>
      <symbol id="sm-53d">
         <name>CPU_primask</name>
         <value>0x5d41</value>
         <object_component_ref idref="oc-1ff"/>
      </symbol>
      <symbol id="sm-5d2">
         <name>pow</name>
         <value>0x1b3d</value>
         <object_component_ref idref="oc-b1"/>
      </symbol>
      <symbol id="sm-5d3">
         <name>powl</name>
         <value>0x1b3d</value>
         <object_component_ref idref="oc-b1"/>
      </symbol>
      <symbol id="sm-5f5">
         <name>sqrtl</name>
         <value>0x3551</value>
         <object_component_ref idref="oc-1bf"/>
      </symbol>
      <symbol id="sm-5f6">
         <name>sqrt</name>
         <value>0x3551</value>
         <object_component_ref idref="oc-1bf"/>
      </symbol>
      <symbol id="sm-61d">
         <name>scalbn</name>
         <value>0x3b51</value>
         <object_component_ref idref="oc-1e2"/>
      </symbol>
      <symbol id="sm-61e">
         <name>scalbnl</name>
         <value>0x3b51</value>
         <object_component_ref idref="oc-1e2"/>
      </symbol>
      <symbol id="sm-61f">
         <name>ldexpl</name>
         <value>0x3b51</value>
         <object_component_ref idref="oc-1e2"/>
      </symbol>
      <symbol id="sm-620">
         <name>ldexp</name>
         <value>0x3b51</value>
         <object_component_ref idref="oc-1e2"/>
      </symbol>
      <symbol id="sm-62a">
         <name>copysign</name>
         <value>0x5c39</value>
         <object_component_ref idref="oc-30c"/>
      </symbol>
      <symbol id="sm-62b">
         <name>copysignl</name>
         <value>0x5c39</value>
         <object_component_ref idref="oc-30c"/>
      </symbol>
      <symbol id="sm-642">
         <name>__aeabi_dsub</name>
         <value>0x3219</value>
         <object_component_ref idref="oc-1b5"/>
      </symbol>
      <symbol id="sm-643">
         <name>__aeabi_dadd</name>
         <value>0x3223</value>
         <object_component_ref idref="oc-1b5"/>
      </symbol>
      <symbol id="sm-665">
         <name>__aeabi_cdcmpeq</name>
         <value>0x491d</value>
         <object_component_ref idref="oc-1d8"/>
      </symbol>
      <symbol id="sm-666">
         <name>__aeabi_cdcmple</name>
         <value>0x491d</value>
         <object_component_ref idref="oc-1d8"/>
      </symbol>
      <symbol id="sm-667">
         <name>__aeabi_cdrcmple</name>
         <value>0x49a3</value>
         <object_component_ref idref="oc-1dd"/>
      </symbol>
      <symbol id="sm-67b">
         <name>__aeabi_ddiv</name>
         <value>0x37e5</value>
         <object_component_ref idref="oc-1ba"/>
      </symbol>
      <symbol id="sm-686">
         <name>__aeabi_dmul</name>
         <value>0x3c61</value>
         <object_component_ref idref="oc-1cb"/>
      </symbol>
      <symbol id="sm-690">
         <name>__aeabi_d2uiz</name>
         <value>0x5699</value>
         <object_component_ref idref="oc-b7"/>
      </symbol>
      <symbol id="sm-69a">
         <name>__aeabi_i2d</name>
         <value>0x59b5</value>
         <object_component_ref idref="oc-1d0"/>
      </symbol>
      <symbol id="sm-6a4">
         <name>__aeabi_ui2d</name>
         <value>0x5b41</value>
         <object_component_ref idref="oc-ac"/>
      </symbol>
      <symbol id="sm-6b3">
         <name>__aeabi_memset</name>
         <value>0x4a2b</value>
         <object_component_ref idref="oc-8d"/>
      </symbol>
      <symbol id="sm-6b4">
         <name>memset</name>
         <value>0x4a31</value>
         <object_component_ref idref="oc-8d"/>
      </symbol>
      <symbol id="sm-6b5">
         <name>__aeabi_memset8</name>
         <value>0x4a2b</value>
         <object_component_ref idref="oc-8d"/>
      </symbol>
      <symbol id="sm-6b6">
         <name>__aeabi_memset4</name>
         <value>0x4a2b</value>
         <object_component_ref idref="oc-8d"/>
      </symbol>
      <symbol id="sm-6b7">
         <name>__aeabi_memclr8</name>
         <value>0x4a29</value>
         <object_component_ref idref="oc-8d"/>
      </symbol>
      <symbol id="sm-6b8">
         <name>__aeabi_memclr4</name>
         <value>0x4a29</value>
         <object_component_ref idref="oc-8d"/>
      </symbol>
      <symbol id="sm-6b9">
         <name>__aeabi_memclr</name>
         <value>0x4a29</value>
         <object_component_ref idref="oc-8d"/>
      </symbol>
      <symbol id="sm-6d0">
         <name>__TI_zero_init</name>
         <value>0x5d35</value>
         <object_component_ref idref="oc-45"/>
      </symbol>
      <symbol id="sm-6e7">
         <name>__TI_decompress_none</name>
         <value>0x5ce9</value>
         <object_component_ref idref="oc-16"/>
      </symbol>
      <symbol id="sm-70a">
         <name>__TI_decompress_lzss</name>
         <value>0x4e15</value>
         <object_component_ref idref="oc-10"/>
      </symbol>
      <symbol id="sm-71d">
         <name>__stack</name>
         <value>0x2000fe00</value>
         <object_component_ref idref="oc-22"/>
      </symbol>
      <symbol id="sm-71e">
         <name>_c_int00_noargs</name>
         <value>0x5845</value>
         <object_component_ref idref="oc-51"/>
      </symbol>
      <symbol id="sm-734">
         <name>__aeabi_errno_addr</name>
         <value>0x5d55</value>
         <object_component_ref idref="oc-1c5"/>
      </symbol>
      <symbol id="sm-735">
         <name>errno</name>
         <value>0x20001020</value>
         <object_component_ref idref="oc-301"/>
      </symbol>
      <symbol id="sm-75b">
         <name>C$$EXIT</name>
         <value>0x5d75</value>
         <object_component_ref idref="oc-172"/>
      </symbol>
      <symbol id="sm-75c">
         <name>abort</name>
         <value>0x5d75</value>
         <object_component_ref idref="oc-172"/>
      </symbol>
      <symbol id="sm-75d">
         <name>__TI_dtors_ptr</name>
         <value>0x20001004</value>
         <object_component_ref idref="oc-2df"/>
      </symbol>
      <symbol id="sm-75e">
         <name>__TI_cleanup_ptr</name>
         <value>0x20001000</value>
         <object_component_ref idref="oc-2df"/>
      </symbol>
      <symbol id="sm-75f">
         <name>__TI_enable_exit_profile_output</name>
         <value>0x20001008</value>
         <object_component_ref idref="oc-2df"/>
      </symbol>
      <symbol id="sm-760">
         <name>exit</name>
         <value>0x54f9</value>
         <object_component_ref idref="oc-178"/>
      </symbol>
      <symbol id="sm-775">
         <name>_nop</name>
         <value>0x1b3b</value>
         <object_component_ref idref="oc-410"/>
      </symbol>
      <symbol id="sm-776">
         <name>_lock</name>
         <value>0x20001018</value>
         <object_component_ref idref="oc-298"/>
      </symbol>
      <symbol id="sm-777">
         <name>_unlock</name>
         <value>0x2000101c</value>
         <object_component_ref idref="oc-298"/>
      </symbol>
      <symbol id="sm-7a4">
         <name>printf</name>
         <value>0x4e7d</value>
         <object_component_ref idref="oc-125"/>
      </symbol>
      <symbol id="sm-7d3">
         <name>snprintf</name>
         <value>0x54ad</value>
         <object_component_ref idref="oc-fe"/>
      </symbol>
      <symbol id="sm-7f5">
         <name>sprintf</name>
         <value>0x56dd</value>
         <object_component_ref idref="oc-104"/>
      </symbol>
      <symbol id="sm-803">
         <name>strcpy</name>
         <value>0x5c4d</value>
         <object_component_ref idref="oc-f8"/>
      </symbol>
      <symbol id="sm-811">
         <name>strlen</name>
         <value>0x5c61</value>
         <object_component_ref idref="oc-11f"/>
      </symbol>
      <symbol id="sm-821">
         <name>strncmp</name>
         <value>0x59e3</value>
         <object_component_ref idref="oc-12b"/>
      </symbol>
      <symbol id="sm-831">
         <name>strncpy</name>
         <value>0x58b5</value>
         <object_component_ref idref="oc-f2"/>
      </symbol>
      <symbol id="sm-84c">
         <name>memcpy</name>
         <value>0x475d</value>
         <object_component_ref idref="oc-33"/>
      </symbol>
      <symbol id="sm-84d">
         <name>__aeabi_memcpy</name>
         <value>0x475d</value>
         <object_component_ref idref="oc-33"/>
      </symbol>
      <symbol id="sm-84e">
         <name>__aeabi_memcpy8</name>
         <value>0x475d</value>
         <object_component_ref idref="oc-33"/>
      </symbol>
      <symbol id="sm-84f">
         <name>__aeabi_memcpy4</name>
         <value>0x475d</value>
         <object_component_ref idref="oc-33"/>
      </symbol>
      <symbol id="sm-877">
         <name>__TI_auto_init_nobinit_nopinit</name>
         <value>0x5611</value>
         <object_component_ref idref="oc-17e"/>
      </symbol>
      <symbol id="sm-881">
         <name>_system_pre_init</name>
         <value>0x5d71</value>
         <object_component_ref idref="oc-93"/>
      </symbol>
      <symbol id="sm-9e7">
         <name>__TI_printfi</name>
         <value>0x10dd</value>
         <object_component_ref idref="oc-250"/>
      </symbol>
      <symbol id="sm-9fd">
         <name>atoi</name>
         <value>0x5461</value>
         <object_component_ref idref="oc-3ae"/>
      </symbol>
      <symbol id="sm-a08">
         <name>_ctypes_</name>
         <value>0x5d78</value>
         <object_component_ref idref="oc-472"/>
      </symbol>
      <symbol id="sm-a1d">
         <name>__TI_tmpnams</name>
         <value>0x20000b78</value>
      </symbol>
      <symbol id="sm-a1e">
         <name>__aeabi_stdout</name>
         <value>0x20000ff8</value>
         <object_component_ref idref="oc-597"/>
      </symbol>
      <symbol id="sm-a1f">
         <name>__aeabi_stderr</name>
         <value>0x20000ffc</value>
         <object_component_ref idref="oc-597"/>
      </symbol>
      <symbol id="sm-a20">
         <name>__aeabi_stdin</name>
         <value>0x20000ff4</value>
         <object_component_ref idref="oc-597"/>
      </symbol>
      <symbol id="sm-a21">
         <name>_ftable</name>
         <value>0x20000d9c</value>
         <object_component_ref idref="oc-29b"/>
      </symbol>
      <symbol id="sm-a22">
         <name>__TI_ft_end</name>
         <value>0x20000ff0</value>
         <object_component_ref idref="oc-597"/>
      </symbol>
      <symbol id="sm-a37">
         <name>putc</name>
         <value>0x4891</value>
         <object_component_ref idref="oc-425"/>
      </symbol>
      <symbol id="sm-a38">
         <name>fputc</name>
         <value>0x4891</value>
         <object_component_ref idref="oc-425"/>
      </symbol>
      <symbol id="sm-a56">
         <name>fputs</name>
         <value>0x3a3d</value>
         <object_component_ref idref="oc-41e"/>
      </symbol>
      <symbol id="sm-a65">
         <name>ltoa</name>
         <value>0x5283</value>
         <object_component_ref idref="oc-482"/>
      </symbol>
      <symbol id="sm-a75">
         <name>memccpy</name>
         <value>0x5b7d</value>
         <object_component_ref idref="oc-3d2"/>
      </symbol>
      <symbol id="sm-a85">
         <name>memchr</name>
         <value>0x5b21</value>
         <object_component_ref idref="oc-4d4"/>
      </symbol>
      <symbol id="sm-a95">
         <name>strchr</name>
         <value>0x5bf9</value>
         <object_component_ref idref="oc-4a9"/>
      </symbol>
      <symbol id="sm-abb">
         <name>_stream</name>
         <value>0x20000f04</value>
         <object_component_ref idref="oc-52c"/>
      </symbol>
      <symbol id="sm-abc">
         <name>_device</name>
         <value>0x20000e8c</value>
         <object_component_ref idref="oc-565"/>
      </symbol>
      <symbol id="sm-abd">
         <name>write</name>
         <value>0x5ab5</value>
         <object_component_ref idref="oc-4e0"/>
      </symbol>
      <symbol id="sm-ad3">
         <name>frexpl</name>
         <value>0x4ee5</value>
         <object_component_ref idref="oc-4a3"/>
      </symbol>
      <symbol id="sm-ad4">
         <name>frexp</name>
         <value>0x4ee5</value>
         <object_component_ref idref="oc-4a3"/>
      </symbol>
      <symbol id="sm-aed">
         <name>wcslen</name>
         <value>0x5c87</value>
         <object_component_ref idref="oc-3d8"/>
      </symbol>
      <symbol id="sm-af7">
         <name>__aeabi_d2iz</name>
         <value>0x5541</value>
         <object_component_ref idref="oc-47d"/>
      </symbol>
      <symbol id="sm-b04">
         <name>__aeabi_uldivmod</name>
         <value>0x47f9</value>
         <object_component_ref idref="oc-477"/>
      </symbol>
      <symbol id="sm-b1c">
         <name>__TI_wrt_ok</name>
         <value>0x4fad</value>
         <object_component_ref idref="oc-4ce"/>
      </symbol>
      <symbol id="sm-b2c">
         <name>__TI_doflush</name>
         <value>0x5415</value>
         <object_component_ref idref="oc-4da"/>
      </symbol>
      <symbol id="sm-b3e">
         <name>fseek</name>
         <value>0x4f49</value>
         <object_component_ref idref="oc-51a"/>
      </symbol>
      <symbol id="sm-b4e">
         <name>lseek</name>
         <value>0x5a65</value>
         <object_component_ref idref="oc-53e"/>
      </symbol>
      <symbol id="sm-b6a">
         <name>setvbuf</name>
         <value>0x410d</value>
         <object_component_ref idref="oc-520"/>
      </symbol>
      <symbol id="sm-b7b">
         <name>HOSTclose</name>
         <value>0x5589</value>
         <object_component_ref idref="oc-5a3"/>
      </symbol>
      <symbol id="sm-b8c">
         <name>HOSTlseek</name>
         <value>0x4cdd</value>
         <object_component_ref idref="oc-5b5"/>
      </symbol>
      <symbol id="sm-b9e">
         <name>parmbuf</name>
         <value>0x20000d86</value>
      </symbol>
      <symbol id="sm-b9f">
         <name>HOSTopen</name>
         <value>0x5011</value>
         <object_component_ref idref="oc-59d"/>
      </symbol>
      <symbol id="sm-bb0">
         <name>HOSTread</name>
         <value>0x517d</value>
         <object_component_ref idref="oc-5a9"/>
      </symbol>
      <symbol id="sm-bc1">
         <name>HOSTrename</name>
         <value>0x4d45</value>
         <object_component_ref idref="oc-5c1"/>
      </symbol>
      <symbol id="sm-bd2">
         <name>HOSTunlink</name>
         <value>0x55cd</value>
         <object_component_ref idref="oc-5bb"/>
      </symbol>
      <symbol id="sm-be3">
         <name>HOSTwrite</name>
         <value>0x51d5</value>
         <object_component_ref idref="oc-5af"/>
      </symbol>
      <symbol id="sm-c07">
         <name>__TI_readmsg</name>
         <value>0x5921</value>
         <object_component_ref idref="oc-5e7"/>
      </symbol>
      <symbol id="sm-c08">
         <name>C$$IO$$</name>
         <value>0x583b</value>
         <object_component_ref idref="oc-5e1"/>
      </symbol>
      <symbol id="sm-c09">
         <name>__CIOBUF_</name>
         <value>0x20000a58</value>
         <object_component_ref idref="oc-609"/>
      </symbol>
      <symbol id="sm-c0a">
         <name>__TI_writemsg</name>
         <value>0x580d</value>
         <object_component_ref idref="oc-5e1"/>
      </symbol>
      <symbol id="sm-c14">
         <name>__aeabi_idiv0</name>
         <value>0x33cf</value>
         <object_component_ref idref="oc-4fb"/>
      </symbol>
      <symbol id="sm-c15">
         <name>__aeabi_ldiv0</name>
         <value>0x33cf</value>
         <object_component_ref idref="oc-4fb"/>
      </symbol>
      <symbol id="sm-c90">
         <name>_sys_memory</name>
         <value>0x20000000</value>
         <object_component_ref idref="oc-25"/>
      </symbol>
      <symbol id="sm-c91">
         <name>free</name>
         <value>0x41e9</value>
         <object_component_ref idref="oc-546"/>
      </symbol>
      <symbol id="sm-c92">
         <name>malloc</name>
         <value>0x4aa5</value>
         <object_component_ref idref="oc-54c"/>
      </symbol>
      <symbol id="sm-c93">
         <name>minit</name>
         <value>0x587d</value>
         <object_component_ref idref="oc-57a"/>
      </symbol>
      <symbol id="sm-ca3">
         <name>__TI_cleanup</name>
         <value>0x58ed</value>
         <object_component_ref idref="oc-552"/>
      </symbol>
      <symbol id="sm-cb9">
         <name>__TI_closefile</name>
         <value>0x4b1d</value>
         <object_component_ref idref="oc-591"/>
      </symbol>
      <symbol id="sm-cdc">
         <name>finddevice</name>
         <value>0x5985</value>
         <object_component_ref idref="oc-61f"/>
      </symbol>
      <symbol id="sm-cdd">
         <name>getdevice</name>
         <value>0x5655</value>
         <object_component_ref idref="oc-5ff"/>
      </symbol>
      <symbol id="sm-ced">
         <name>strcmp</name>
         <value>0x5be1</value>
         <object_component_ref idref="oc-632"/>
      </symbol>
      <symbol id="sm-cfd">
         <name>unlink</name>
         <value>0x5a11</value>
         <object_component_ref idref="oc-5d6"/>
      </symbol>
      <symbol id="sm-d11">
         <name>close</name>
         <value>0x5071</value>
         <object_component_ref idref="oc-5d0"/>
      </symbol>
      <symbol id="sm-d12">
         <name>__TI_static_base__</name>
         <value>0x0</value>
      </symbol>
      <symbol id="sm-d15">
         <name>__mpu_init</name>
         <value>0x0</value>
      </symbol>
      <symbol id="sm-d16">
         <name>_system_post_cinit</name>
         <value>0x0</value>
      </symbol>
      <symbol id="sm-d17">
         <name>remove</name>
         <value>0x5a11</value>
      </symbol>
   </symbol_table>
   <title>Link successful</title>
</link_info>
