<?xml version="1.0" encoding="ISO-8859-1" ?>
<link_info>
   <banner>TI ARM Linker PC v18.1.1.LTS</banner>
   <copyright>Copyright (c) 1996-2017 Texas Instruments Incorporated</copyright>
   <link_time>0x5b33fbee</link_time>
   <link_errors>0x0</link_errors>
   <output_file>GPS_Test.out</output_file>
   <entry_point>
      <name>_c_int00_noargs</name>
      <address>0x32ad</address>
   </entry_point>
   <input_file_list>
      <input_file id="fl-2">
         <path>.\</path>
         <kind>object</kind>
         <file>PinSetup.obj</file>
         <name>PinSetup.obj</name>
      </input_file>
      <input_file id="fl-3">
         <path>.\</path>
         <kind>object</kind>
         <file>main.obj</file>
         <name>main.obj</name>
      </input_file>
      <input_file id="fl-4">
         <path>.\</path>
         <kind>object</kind>
         <file>startup_msp432p401r_ccs.obj</file>
         <name>startup_msp432p401r_ccs.obj</name>
      </input_file>
      <input_file id="fl-5">
         <path>.\</path>
         <kind>object</kind>
         <file>system_msp432p401r.obj</file>
         <name>system_msp432p401r.obj</name>
      </input_file>
      <input_file id="fl-a">
         <kind>object</kind>
         <file>&lt;internal&gt;</file>
         <name>&lt;internal&gt;</name>
      </input_file>
      <input_file id="fl-b">
         <path>C:\ti\msp\MSP432Ware_3_50_00_02\driverlib\driverlib\MSP432P4xx\ccs\</path>
         <kind>archive</kind>
         <file>msp432p4xx_driverlib.lib</file>
         <name>cs.o</name>
      </input_file>
      <input_file id="fl-c">
         <path>C:\ti\msp\MSP432Ware_3_50_00_02\driverlib\driverlib\MSP432P4xx\ccs\</path>
         <kind>archive</kind>
         <file>msp432p4xx_driverlib.lib</file>
         <name>gpio.o</name>
      </input_file>
      <input_file id="fl-d">
         <path>C:\ti\msp\MSP432Ware_3_50_00_02\driverlib\driverlib\MSP432P4xx\ccs\</path>
         <kind>archive</kind>
         <file>msp432p4xx_driverlib.lib</file>
         <name>interrupt.o</name>
      </input_file>
      <input_file id="fl-e">
         <path>C:\ti\msp\MSP432Ware_3_50_00_02\driverlib\driverlib\MSP432P4xx\ccs\</path>
         <kind>archive</kind>
         <file>msp432p4xx_driverlib.lib</file>
         <name>sysctl.o</name>
      </input_file>
      <input_file id="fl-f">
         <path>C:\ti\msp\MSP432Ware_3_50_00_02\driverlib\driverlib\MSP432P4xx\ccs\</path>
         <kind>archive</kind>
         <file>msp432p4xx_driverlib.lib</file>
         <name>uart.o</name>
      </input_file>
      <input_file id="fl-10">
         <path>C:\ti\msp\MSP432Ware_3_50_00_02\driverlib\driverlib\MSP432P4xx\ccs\</path>
         <kind>archive</kind>
         <file>msp432p4xx_driverlib.lib</file>
         <name>cpu.o</name>
      </input_file>
      <input_file id="fl-c6">
         <path>C:\ti\ccsv8\tools\compiler\ti-cgt-arm_18.1.1.LTS\lib\</path>
         <kind>archive</kind>
         <file>rtsv7M4_T_le_v4SPD16_eabi.lib</file>
         <name>copy_zero_init.c.obj</name>
      </input_file>
      <input_file id="fl-c7">
         <path>C:\ti\ccsv8\tools\compiler\ti-cgt-arm_18.1.1.LTS\lib\</path>
         <kind>archive</kind>
         <file>rtsv7M4_T_le_v4SPD16_eabi.lib</file>
         <name>copy_decompress_none.c.obj</name>
      </input_file>
      <input_file id="fl-c8">
         <path>C:\ti\ccsv8\tools\compiler\ti-cgt-arm_18.1.1.LTS\lib\</path>
         <kind>archive</kind>
         <file>rtsv7M4_T_le_v4SPD16_eabi.lib</file>
         <name>copy_decompress_lzss.c.obj</name>
      </input_file>
      <input_file id="fl-c9">
         <path>C:\ti\ccsv8\tools\compiler\ti-cgt-arm_18.1.1.LTS\lib\</path>
         <kind>archive</kind>
         <file>rtsv7M4_T_le_v4SPD16_eabi.lib</file>
         <name>boot_cortex_m.c.obj</name>
      </input_file>
      <input_file id="fl-ca">
         <path>C:\ti\ccsv8\tools\compiler\ti-cgt-arm_18.1.1.LTS\lib\</path>
         <kind>archive</kind>
         <file>rtsv7M4_T_le_v4SPD16_eabi.lib</file>
         <name>exit.c.obj</name>
      </input_file>
      <input_file id="fl-cb">
         <path>C:\ti\ccsv8\tools\compiler\ti-cgt-arm_18.1.1.LTS\lib\</path>
         <kind>archive</kind>
         <file>rtsv7M4_T_le_v4SPD16_eabi.lib</file>
         <name>_lock.c.obj</name>
      </input_file>
      <input_file id="fl-cc">
         <path>C:\ti\ccsv8\tools\compiler\ti-cgt-arm_18.1.1.LTS\lib\</path>
         <kind>archive</kind>
         <file>rtsv7M4_T_le_v4SPD16_eabi.lib</file>
         <name>args_main.c.obj</name>
      </input_file>
      <input_file id="fl-cd">
         <path>C:\ti\ccsv8\tools\compiler\ti-cgt-arm_18.1.1.LTS\lib\</path>
         <kind>archive</kind>
         <file>rtsv7M4_T_le_v4SPD16_eabi.lib</file>
         <name>printf.c.obj</name>
      </input_file>
      <input_file id="fl-ce">
         <path>C:\ti\ccsv8\tools\compiler\ti-cgt-arm_18.1.1.LTS\lib\</path>
         <kind>archive</kind>
         <file>rtsv7M4_T_le_v4SPD16_eabi.lib</file>
         <name>strlen.c.obj</name>
      </input_file>
      <input_file id="fl-cf">
         <path>C:\ti\ccsv8\tools\compiler\ti-cgt-arm_18.1.1.LTS\lib\</path>
         <kind>archive</kind>
         <file>rtsv7M4_T_le_v4SPD16_eabi.lib</file>
         <name>strncpy.c.obj</name>
      </input_file>
      <input_file id="fl-d0">
         <path>C:\ti\ccsv8\tools\compiler\ti-cgt-arm_18.1.1.LTS\lib\</path>
         <kind>archive</kind>
         <file>rtsv7M4_T_le_v4SPD16_eabi.lib</file>
         <name>memcpy_t2.asm.obj</name>
      </input_file>
      <input_file id="fl-d1">
         <path>C:\ti\ccsv8\tools\compiler\ti-cgt-arm_18.1.1.LTS\lib\</path>
         <kind>archive</kind>
         <file>rtsv7M4_T_le_v4SPD16_eabi.lib</file>
         <name>memset_t2.asm.obj</name>
      </input_file>
      <input_file id="fl-d2">
         <path>C:\ti\ccsv8\tools\compiler\ti-cgt-arm_18.1.1.LTS\lib\</path>
         <kind>archive</kind>
         <file>rtsv7M4_T_le_v4SPD16_eabi.lib</file>
         <name>autoinit.c.obj</name>
      </input_file>
      <input_file id="fl-d3">
         <path>C:\ti\ccsv8\tools\compiler\ti-cgt-arm_18.1.1.LTS\lib\</path>
         <kind>archive</kind>
         <file>rtsv7M4_T_le_v4SPD16_eabi.lib</file>
         <name>pre_init.c.obj</name>
      </input_file>
      <input_file id="fl-d4">
         <path>C:\ti\ccsv8\tools\compiler\ti-cgt-arm_18.1.1.LTS\lib\</path>
         <kind>archive</kind>
         <file>rtsv7M4_T_le_v4SPD16_eabi.lib</file>
         <name>cpy_tbl.c.obj</name>
      </input_file>
      <input_file id="fl-d5">
         <path>C:\ti\ccsv8\tools\compiler\ti-cgt-arm_18.1.1.LTS\lib\</path>
         <kind>archive</kind>
         <file>rtsv7M4_T_le_v4SPD16_eabi.lib</file>
         <name>_printfi.c.obj</name>
      </input_file>
      <input_file id="fl-d6">
         <path>C:\ti\ccsv8\tools\compiler\ti-cgt-arm_18.1.1.LTS\lib\</path>
         <kind>archive</kind>
         <file>rtsv7M4_T_le_v4SPD16_eabi.lib</file>
         <name>atoi.c.obj</name>
      </input_file>
      <input_file id="fl-d7">
         <path>C:\ti\ccsv8\tools\compiler\ti-cgt-arm_18.1.1.LTS\lib\</path>
         <kind>archive</kind>
         <file>rtsv7M4_T_le_v4SPD16_eabi.lib</file>
         <name>ctype.c.obj</name>
      </input_file>
      <input_file id="fl-d8">
         <path>C:\ti\ccsv8\tools\compiler\ti-cgt-arm_18.1.1.LTS\lib\</path>
         <kind>archive</kind>
         <file>rtsv7M4_T_le_v4SPD16_eabi.lib</file>
         <name>defs.c.obj</name>
      </input_file>
      <input_file id="fl-d9">
         <path>C:\ti\ccsv8\tools\compiler\ti-cgt-arm_18.1.1.LTS\lib\</path>
         <kind>archive</kind>
         <file>rtsv7M4_T_le_v4SPD16_eabi.lib</file>
         <name>fputc.c.obj</name>
      </input_file>
      <input_file id="fl-da">
         <path>C:\ti\ccsv8\tools\compiler\ti-cgt-arm_18.1.1.LTS\lib\</path>
         <kind>archive</kind>
         <file>rtsv7M4_T_le_v4SPD16_eabi.lib</file>
         <name>fputs.c.obj</name>
      </input_file>
      <input_file id="fl-db">
         <path>C:\ti\ccsv8\tools\compiler\ti-cgt-arm_18.1.1.LTS\lib\</path>
         <kind>archive</kind>
         <file>rtsv7M4_T_le_v4SPD16_eabi.lib</file>
         <name>ltoa.c.obj</name>
      </input_file>
      <input_file id="fl-dc">
         <path>C:\ti\ccsv8\tools\compiler\ti-cgt-arm_18.1.1.LTS\lib\</path>
         <kind>archive</kind>
         <file>rtsv7M4_T_le_v4SPD16_eabi.lib</file>
         <name>memccpy.c.obj</name>
      </input_file>
      <input_file id="fl-dd">
         <path>C:\ti\ccsv8\tools\compiler\ti-cgt-arm_18.1.1.LTS\lib\</path>
         <kind>archive</kind>
         <file>rtsv7M4_T_le_v4SPD16_eabi.lib</file>
         <name>memchr.c.obj</name>
      </input_file>
      <input_file id="fl-de">
         <path>C:\ti\ccsv8\tools\compiler\ti-cgt-arm_18.1.1.LTS\lib\</path>
         <kind>archive</kind>
         <file>rtsv7M4_T_le_v4SPD16_eabi.lib</file>
         <name>strchr.c.obj</name>
      </input_file>
      <input_file id="fl-df">
         <path>C:\ti\ccsv8\tools\compiler\ti-cgt-arm_18.1.1.LTS\lib\</path>
         <kind>archive</kind>
         <file>rtsv7M4_T_le_v4SPD16_eabi.lib</file>
         <name>write.c.obj</name>
      </input_file>
      <input_file id="fl-e0">
         <path>C:\ti\ccsv8\tools\compiler\ti-cgt-arm_18.1.1.LTS\lib\</path>
         <kind>archive</kind>
         <file>rtsv7M4_T_le_v4SPD16_eabi.lib</file>
         <name>s_frexp.c.obj</name>
      </input_file>
      <input_file id="fl-e1">
         <path>C:\ti\ccsv8\tools\compiler\ti-cgt-arm_18.1.1.LTS\lib\</path>
         <kind>archive</kind>
         <file>rtsv7M4_T_le_v4SPD16_eabi.lib</file>
         <name>s_scalbn.c.obj</name>
      </input_file>
      <input_file id="fl-e2">
         <path>C:\ti\ccsv8\tools\compiler\ti-cgt-arm_18.1.1.LTS\lib\</path>
         <kind>archive</kind>
         <file>rtsv7M4_T_le_v4SPD16_eabi.lib</file>
         <name>s_copysign.c.obj</name>
      </input_file>
      <input_file id="fl-e3">
         <path>C:\ti\ccsv8\tools\compiler\ti-cgt-arm_18.1.1.LTS\lib\</path>
         <kind>archive</kind>
         <file>rtsv7M4_T_le_v4SPD16_eabi.lib</file>
         <name>wcslen.c.obj</name>
      </input_file>
      <input_file id="fl-e4">
         <path>C:\ti\ccsv8\tools\compiler\ti-cgt-arm_18.1.1.LTS\lib\</path>
         <kind>archive</kind>
         <file>rtsv7M4_T_le_v4SPD16_eabi.lib</file>
         <name>fd_add_t2.asm.obj</name>
      </input_file>
      <input_file id="fl-e5">
         <path>C:\ti\ccsv8\tools\compiler\ti-cgt-arm_18.1.1.LTS\lib\</path>
         <kind>archive</kind>
         <file>rtsv7M4_T_le_v4SPD16_eabi.lib</file>
         <name>fd_cmp_t2.asm.obj</name>
      </input_file>
      <input_file id="fl-e6">
         <path>C:\ti\ccsv8\tools\compiler\ti-cgt-arm_18.1.1.LTS\lib\</path>
         <kind>archive</kind>
         <file>rtsv7M4_T_le_v4SPD16_eabi.lib</file>
         <name>fd_div_t2.asm.obj</name>
      </input_file>
      <input_file id="fl-e7">
         <path>C:\ti\ccsv8\tools\compiler\ti-cgt-arm_18.1.1.LTS\lib\</path>
         <kind>archive</kind>
         <file>rtsv7M4_T_le_v4SPD16_eabi.lib</file>
         <name>fd_mul_t2.asm.obj</name>
      </input_file>
      <input_file id="fl-e8">
         <path>C:\ti\ccsv8\tools\compiler\ti-cgt-arm_18.1.1.LTS\lib\</path>
         <kind>archive</kind>
         <file>rtsv7M4_T_le_v4SPD16_eabi.lib</file>
         <name>fd_toi_t2.asm.obj</name>
      </input_file>
      <input_file id="fl-e9">
         <path>C:\ti\ccsv8\tools\compiler\ti-cgt-arm_18.1.1.LTS\lib\</path>
         <kind>archive</kind>
         <file>rtsv7M4_T_le_v4SPD16_eabi.lib</file>
         <name>i_tofd_t2.asm.obj</name>
      </input_file>
      <input_file id="fl-ea">
         <path>C:\ti\ccsv8\tools\compiler\ti-cgt-arm_18.1.1.LTS\lib\</path>
         <kind>archive</kind>
         <file>rtsv7M4_T_le_v4SPD16_eabi.lib</file>
         <name>ull_div_t2.asm.obj</name>
      </input_file>
      <input_file id="fl-eb">
         <path>C:\ti\ccsv8\tools\compiler\ti-cgt-arm_18.1.1.LTS\lib\</path>
         <kind>archive</kind>
         <file>rtsv7M4_T_le_v4SPD16_eabi.lib</file>
         <name>errno.c.obj</name>
      </input_file>
      <input_file id="fl-ec">
         <path>C:\ti\ccsv8\tools\compiler\ti-cgt-arm_18.1.1.LTS\lib\</path>
         <kind>archive</kind>
         <file>rtsv7M4_T_le_v4SPD16_eabi.lib</file>
         <name>_io_perm.c.obj</name>
      </input_file>
      <input_file id="fl-ed">
         <path>C:\ti\ccsv8\tools\compiler\ti-cgt-arm_18.1.1.LTS\lib\</path>
         <kind>archive</kind>
         <file>rtsv7M4_T_le_v4SPD16_eabi.lib</file>
         <name>fflush.c.obj</name>
      </input_file>
      <input_file id="fl-ee">
         <path>C:\ti\ccsv8\tools\compiler\ti-cgt-arm_18.1.1.LTS\lib\</path>
         <kind>archive</kind>
         <file>rtsv7M4_T_le_v4SPD16_eabi.lib</file>
         <name>fseek.c.obj</name>
      </input_file>
      <input_file id="fl-ef">
         <path>C:\ti\ccsv8\tools\compiler\ti-cgt-arm_18.1.1.LTS\lib\</path>
         <kind>archive</kind>
         <file>rtsv7M4_T_le_v4SPD16_eabi.lib</file>
         <name>lseek.c.obj</name>
      </input_file>
      <input_file id="fl-f0">
         <path>C:\ti\ccsv8\tools\compiler\ti-cgt-arm_18.1.1.LTS\lib\</path>
         <kind>archive</kind>
         <file>rtsv7M4_T_le_v4SPD16_eabi.lib</file>
         <name>setvbuf.c.obj</name>
      </input_file>
      <input_file id="fl-f1">
         <path>C:\ti\ccsv8\tools\compiler\ti-cgt-arm_18.1.1.LTS\lib\</path>
         <kind>archive</kind>
         <file>rtsv7M4_T_le_v4SPD16_eabi.lib</file>
         <name>hostclose.c.obj</name>
      </input_file>
      <input_file id="fl-f2">
         <path>C:\ti\ccsv8\tools\compiler\ti-cgt-arm_18.1.1.LTS\lib\</path>
         <kind>archive</kind>
         <file>rtsv7M4_T_le_v4SPD16_eabi.lib</file>
         <name>hostlseek.c.obj</name>
      </input_file>
      <input_file id="fl-f3">
         <path>C:\ti\ccsv8\tools\compiler\ti-cgt-arm_18.1.1.LTS\lib\</path>
         <kind>archive</kind>
         <file>rtsv7M4_T_le_v4SPD16_eabi.lib</file>
         <name>hostopen.c.obj</name>
      </input_file>
      <input_file id="fl-f4">
         <path>C:\ti\ccsv8\tools\compiler\ti-cgt-arm_18.1.1.LTS\lib\</path>
         <kind>archive</kind>
         <file>rtsv7M4_T_le_v4SPD16_eabi.lib</file>
         <name>hostread.c.obj</name>
      </input_file>
      <input_file id="fl-f5">
         <path>C:\ti\ccsv8\tools\compiler\ti-cgt-arm_18.1.1.LTS\lib\</path>
         <kind>archive</kind>
         <file>rtsv7M4_T_le_v4SPD16_eabi.lib</file>
         <name>hostrename.c.obj</name>
      </input_file>
      <input_file id="fl-f6">
         <path>C:\ti\ccsv8\tools\compiler\ti-cgt-arm_18.1.1.LTS\lib\</path>
         <kind>archive</kind>
         <file>rtsv7M4_T_le_v4SPD16_eabi.lib</file>
         <name>hostunlink.c.obj</name>
      </input_file>
      <input_file id="fl-f7">
         <path>C:\ti\ccsv8\tools\compiler\ti-cgt-arm_18.1.1.LTS\lib\</path>
         <kind>archive</kind>
         <file>rtsv7M4_T_le_v4SPD16_eabi.lib</file>
         <name>hostwrite.c.obj</name>
      </input_file>
      <input_file id="fl-f8">
         <path>C:\ti\ccsv8\tools\compiler\ti-cgt-arm_18.1.1.LTS\lib\</path>
         <kind>archive</kind>
         <file>rtsv7M4_T_le_v4SPD16_eabi.lib</file>
         <name>trgmsg.c.obj</name>
      </input_file>
      <input_file id="fl-f9">
         <path>C:\ti\ccsv8\tools\compiler\ti-cgt-arm_18.1.1.LTS\lib\</path>
         <kind>archive</kind>
         <file>rtsv7M4_T_le_v4SPD16_eabi.lib</file>
         <name>div0.asm.obj</name>
      </input_file>
      <input_file id="fl-fa">
         <path>C:\ti\ccsv8\tools\compiler\ti-cgt-arm_18.1.1.LTS\lib\</path>
         <kind>archive</kind>
         <file>rtsv7M4_T_le_v4SPD16_eabi.lib</file>
         <name>memory.c.obj</name>
      </input_file>
      <input_file id="fl-fb">
         <path>C:\ti\ccsv8\tools\compiler\ti-cgt-arm_18.1.1.LTS\lib\</path>
         <kind>archive</kind>
         <file>rtsv7M4_T_le_v4SPD16_eabi.lib</file>
         <name>fopen.c.obj</name>
      </input_file>
      <input_file id="fl-fc">
         <path>C:\ti\ccsv8\tools\compiler\ti-cgt-arm_18.1.1.LTS\lib\</path>
         <kind>archive</kind>
         <file>rtsv7M4_T_le_v4SPD16_eabi.lib</file>
         <name>open.c.obj</name>
      </input_file>
      <input_file id="fl-fd">
         <path>C:\ti\ccsv8\tools\compiler\ti-cgt-arm_18.1.1.LTS\lib\</path>
         <kind>archive</kind>
         <file>rtsv7M4_T_le_v4SPD16_eabi.lib</file>
         <name>strcpy.c.obj</name>
      </input_file>
      <input_file id="fl-fe">
         <path>C:\ti\ccsv8\tools\compiler\ti-cgt-arm_18.1.1.LTS\lib\</path>
         <kind>archive</kind>
         <file>rtsv7M4_T_le_v4SPD16_eabi.lib</file>
         <name>fclose.c.obj</name>
      </input_file>
      <input_file id="fl-ff">
         <path>C:\ti\ccsv8\tools\compiler\ti-cgt-arm_18.1.1.LTS\lib\</path>
         <kind>archive</kind>
         <file>rtsv7M4_T_le_v4SPD16_eabi.lib</file>
         <name>getdevice.c.obj</name>
      </input_file>
      <input_file id="fl-100">
         <path>C:\ti\ccsv8\tools\compiler\ti-cgt-arm_18.1.1.LTS\lib\</path>
         <kind>archive</kind>
         <file>rtsv7M4_T_le_v4SPD16_eabi.lib</file>
         <name>remove.c.obj</name>
      </input_file>
      <input_file id="fl-101">
         <path>C:\ti\ccsv8\tools\compiler\ti-cgt-arm_18.1.1.LTS\lib\</path>
         <kind>archive</kind>
         <file>rtsv7M4_T_le_v4SPD16_eabi.lib</file>
         <name>strcmp.c.obj</name>
      </input_file>
      <input_file id="fl-102">
         <path>C:\ti\ccsv8\tools\compiler\ti-cgt-arm_18.1.1.LTS\lib\</path>
         <kind>archive</kind>
         <file>rtsv7M4_T_le_v4SPD16_eabi.lib</file>
         <name>unlink.c.obj</name>
      </input_file>
      <input_file id="fl-103">
         <path>C:\ti\ccsv8\tools\compiler\ti-cgt-arm_18.1.1.LTS\lib\</path>
         <kind>archive</kind>
         <file>rtsv7M4_T_le_v4SPD16_eabi.lib</file>
         <name>close.c.obj</name>
      </input_file>
   </input_file_list>
   <object_component_list>
      <object_component id="oc-1f">
         <name>.intvecs:retain</name>
         <load_address>0x0</load_address>
         <run_address>0x0</run_address>
         <size>0x140</size>
         <input_file_ref idref="fl-4"/>
      </object_component>
      <object_component id="oc-177">
         <name>.text:__TI_printfi</name>
         <load_address>0x140</load_address>
         <run_address>0x140</run_address>
         <size>0xa5e</size>
         <input_file_ref idref="fl-d5"/>
      </object_component>
      <object_component id="oc-24e">
         <name>.text:_nop</name>
         <load_address>0xb9e</load_address>
         <run_address>0xb9e</run_address>
         <size>0x2</size>
         <input_file_ref idref="fl-cb"/>
      </object_component>
      <object_component id="oc-d0">
         <name>.text</name>
         <load_address>0xba0</load_address>
         <run_address>0xba0</run_address>
         <size>0x3e0</size>
         <input_file_ref idref="fl-2"/>
      </object_component>
      <object_component id="oc-a5">
         <name>.text</name>
         <load_address>0xf80</load_address>
         <run_address>0xf80</run_address>
         <size>0x328</size>
         <input_file_ref idref="fl-5"/>
      </object_component>
      <object_component id="oc-69">
         <name>.text</name>
         <load_address>0x12a8</load_address>
         <run_address>0x12a8</run_address>
         <size>0x284</size>
         <input_file_ref idref="fl-3"/>
      </object_component>
      <object_component id="oc-22a">
         <name>.text:_pconv_a</name>
         <load_address>0x152c</load_address>
         <run_address>0x152c</run_address>
         <size>0x270</size>
         <input_file_ref idref="fl-d5"/>
      </object_component>
      <object_component id="oc-218">
         <name>.text:_pconv_g</name>
         <load_address>0x179c</load_address>
         <run_address>0x179c</run_address>
         <size>0x1d0</size>
         <input_file_ref idref="fl-d5"/>
      </object_component>
      <object_component id="oc-2dc">
         <name>.text</name>
         <load_address>0x196c</load_address>
         <run_address>0x196c</run_address>
         <size>0x1b6</size>
         <input_file_ref idref="fl-e4"/>
      </object_component>
      <object_component id="oc-362">
         <name>.text</name>
         <load_address>0x1b22</load_address>
         <run_address>0x1b22</run_address>
         <size>0x2</size>
         <input_file_ref idref="fl-f9"/>
      </object_component>
      <object_component id="oc-224">
         <name>.text:_pconv_e</name>
         <load_address>0x1b24</load_address>
         <run_address>0x1b24</run_address>
         <size>0x13c</size>
         <input_file_ref idref="fl-d5"/>
      </object_component>
      <object_component id="oc-2c2">
         <name>.text</name>
         <load_address>0x1c60</load_address>
         <run_address>0x1c60</run_address>
         <size>0x136</size>
         <input_file_ref idref="fl-e6"/>
      </object_component>
      <object_component id="oc-2ee">
         <name>.text:fcvt</name>
         <load_address>0x1d98</load_address>
         <run_address>0x1d98</run_address>
         <size>0x120</size>
         <input_file_ref idref="fl-d5"/>
      </object_component>
      <object_component id="oc-25c">
         <name>.text:fputs</name>
         <load_address>0x1eb8</load_address>
         <run_address>0x1eb8</run_address>
         <size>0x114</size>
         <input_file_ref idref="fl-da"/>
      </object_component>
      <object_component id="oc-302">
         <name>.text:scalbn</name>
         <load_address>0x1fcc</load_address>
         <run_address>0x1fcc</run_address>
         <size>0x110</size>
         <input_file_ref idref="fl-e1"/>
      </object_component>
      <object_component id="oc-2bd">
         <name>.text</name>
         <load_address>0x20dc</load_address>
         <run_address>0x20dc</run_address>
         <size>0xfc</size>
         <input_file_ref idref="fl-e7"/>
      </object_component>
      <object_component id="oc-39d">
         <name>.text:setvbuf</name>
         <load_address>0x21d8</load_address>
         <run_address>0x21d8</run_address>
         <size>0xdc</size>
         <input_file_ref idref="fl-f0"/>
      </object_component>
      <object_component id="oc-3cb">
         <name>.text:free</name>
         <load_address>0x22b4</load_address>
         <run_address>0x22b4</run_address>
         <size>0xd8</size>
         <input_file_ref idref="fl-fa"/>
      </object_component>
      <object_component id="oc-20d">
         <name>.text:_ltostr</name>
         <load_address>0x238c</load_address>
         <run_address>0x238c</run_address>
         <size>0xb1</size>
         <input_file_ref idref="fl-d5"/>
      </object_component>
      <object_component id="oc-169">
         <name>.text:CS_startHFXTWithTimeout</name>
         <load_address>0x2440</load_address>
         <run_address>0x2440</run_address>
         <size>0x9c</size>
         <input_file_ref idref="fl-b"/>
      </object_component>
      <object_component id="oc-170">
         <name>.text:CS_startLFXTWithTimeout</name>
         <load_address>0x24dc</load_address>
         <run_address>0x24dc</run_address>
         <size>0x9c</size>
         <input_file_ref idref="fl-b"/>
      </object_component>
      <object_component id="oc-33">
         <name>.text</name>
         <load_address>0x2578</load_address>
         <run_address>0x2578</run_address>
         <size>0x9c</size>
         <input_file_ref idref="fl-d0"/>
      </object_component>
      <object_component id="oc-2b6">
         <name>.text</name>
         <load_address>0x2614</load_address>
         <run_address>0x2614</run_address>
         <size>0x96</size>
         <input_file_ref idref="fl-ea"/>
      </object_component>
      <object_component id="oc-263">
         <name>.text:fputc</name>
         <load_address>0x26ac</load_address>
         <run_address>0x26ac</run_address>
         <size>0x8c</size>
         <input_file_ref idref="fl-d9"/>
      </object_component>
      <object_component id="oc-213">
         <name>.text:__aeabi_cdcmple</name>
         <load_address>0x2738</load_address>
         <run_address>0x2738</run_address>
         <size>0x86</size>
         <input_file_ref idref="fl-e5"/>
      </object_component>
      <object_component id="oc-2c7">
         <name>.text:__aeabi_cdrcmple</name>
         <load_address>0x27be</load_address>
         <run_address>0x27be</run_address>
         <size>0x86</size>
         <input_file_ref idref="fl-e5"/>
      </object_component>
      <object_component id="oc-8d">
         <name>.text</name>
         <load_address>0x2844</load_address>
         <run_address>0x2844</run_address>
         <size>0x7a</size>
         <input_file_ref idref="fl-d1"/>
      </object_component>
      <object_component id="oc-3d1">
         <name>.text:malloc</name>
         <load_address>0x28c0</load_address>
         <run_address>0x28c0</run_address>
         <size>0x78</size>
         <input_file_ref idref="fl-fa"/>
      </object_component>
      <object_component id="oc-416">
         <name>.text:__TI_closefile</name>
         <load_address>0x2938</load_address>
         <run_address>0x2938</run_address>
         <size>0x74</size>
         <input_file_ref idref="fl-fe"/>
      </object_component>
      <object_component id="oc-1f9">
         <name>.text:_CSGetHFXTFrequency</name>
         <load_address>0x29ac</load_address>
         <run_address>0x29ac</run_address>
         <size>0x70</size>
         <input_file_ref idref="fl-b"/>
      </object_component>
      <object_component id="oc-2e7">
         <name>.text:_mcpy</name>
         <load_address>0x2a1c</load_address>
         <run_address>0x2a1c</run_address>
         <size>0x6e</size>
         <input_file_ref idref="fl-d5"/>
      </object_component>
      <object_component id="oc-43a">
         <name>.text:HOSTlseek</name>
         <load_address>0x2a8c</load_address>
         <run_address>0x2a8c</run_address>
         <size>0x68</size>
         <input_file_ref idref="fl-f2"/>
      </object_component>
      <object_component id="oc-446">
         <name>.text:HOSTrename</name>
         <load_address>0x2af4</load_address>
         <run_address>0x2af4</run_address>
         <size>0x68</size>
         <input_file_ref idref="fl-f5"/>
      </object_component>
      <object_component id="oc-10">
         <name>.text:decompress:lzss:__TI_decompress_lzss</name>
         <load_address>0x2b5c</load_address>
         <run_address>0x2b5c</run_address>
         <size>0x68</size>
         <input_file_ref idref="fl-c8"/>
      </object_component>
      <object_component id="oc-be">
         <name>.text:printf</name>
         <load_address>0x2bc4</load_address>
         <run_address>0x2bc4</run_address>
         <size>0x68</size>
         <input_file_ref idref="fl-cd"/>
      </object_component>
      <object_component id="oc-2fc">
         <name>.text:frexp</name>
         <load_address>0x2c2c</load_address>
         <run_address>0x2c2c</run_address>
         <size>0x64</size>
         <input_file_ref idref="fl-e0"/>
      </object_component>
      <object_component id="oc-397">
         <name>.text:fseek</name>
         <load_address>0x2c90</load_address>
         <run_address>0x2c90</run_address>
         <size>0x64</size>
         <input_file_ref idref="fl-ee"/>
      </object_component>
      <object_component id="oc-333">
         <name>.text:__TI_wrt_ok</name>
         <load_address>0x2cf4</load_address>
         <run_address>0x2cf4</run_address>
         <size>0x62</size>
         <input_file_ref idref="fl-ec"/>
      </object_component>
      <object_component id="oc-422">
         <name>.text:HOSTopen</name>
         <load_address>0x2d58</load_address>
         <run_address>0x2d58</run_address>
         <size>0x60</size>
         <input_file_ref idref="fl-f3"/>
      </object_component>
      <object_component id="oc-455">
         <name>.text:close</name>
         <load_address>0x2db8</load_address>
         <run_address>0x2db8</run_address>
         <size>0x5c</size>
         <input_file_ref idref="fl-103"/>
      </object_component>
      <object_component id="oc-42e">
         <name>.text:HOSTread</name>
         <load_address>0x2e14</load_address>
         <run_address>0x2e14</run_address>
         <size>0x58</size>
         <input_file_ref idref="fl-f4"/>
      </object_component>
      <object_component id="oc-434">
         <name>.text:HOSTwrite</name>
         <load_address>0x2e6c</load_address>
         <run_address>0x2e6c</run_address>
         <size>0x58</size>
         <input_file_ref idref="fl-f7"/>
      </object_component>
      <object_component id="oc-21e">
         <name>.text:_pconv_f</name>
         <load_address>0x2ec4</load_address>
         <run_address>0x2ec4</run_address>
         <size>0x56</size>
         <input_file_ref idref="fl-d5"/>
      </object_component>
      <object_component id="oc-2d1">
         <name>.text:ltoa</name>
         <load_address>0x2f1a</load_address>
         <run_address>0x2f1a</run_address>
         <size>0x54</size>
         <input_file_ref idref="fl-db"/>
      </object_component>
      <object_component id="oc-2e1">
         <name>.text:_ecpy</name>
         <load_address>0x2f6e</load_address>
         <run_address>0x2f6e</run_address>
         <size>0x52</size>
         <input_file_ref idref="fl-d5"/>
      </object_component>
      <object_component id="oc-33f">
         <name>.text:__TI_doflush</name>
         <load_address>0x2fc0</load_address>
         <run_address>0x2fc0</run_address>
         <size>0x4c</size>
         <input_file_ref idref="fl-ed"/>
      </object_component>
      <object_component id="oc-207">
         <name>.text:atoi</name>
         <load_address>0x300c</load_address>
         <run_address>0x300c</run_address>
         <size>0x4c</size>
         <input_file_ref idref="fl-d6"/>
      </object_component>
      <object_component id="oc-123">
         <name>.text:exit</name>
         <load_address>0x3058</load_address>
         <run_address>0x3058</run_address>
         <size>0x48</size>
         <input_file_ref idref="fl-ca"/>
      </object_component>
      <object_component id="oc-2cc">
         <name>.text</name>
         <load_address>0x30a0</load_address>
         <run_address>0x30a0</run_address>
         <size>0x48</size>
         <input_file_ref idref="fl-e8"/>
      </object_component>
      <object_component id="oc-428">
         <name>.text:HOSTclose</name>
         <load_address>0x30e8</load_address>
         <run_address>0x30e8</run_address>
         <size>0x44</size>
         <input_file_ref idref="fl-f1"/>
      </object_component>
      <object_component id="oc-440">
         <name>.text:HOSTunlink</name>
         <load_address>0x312c</load_address>
         <run_address>0x312c</run_address>
         <size>0x44</size>
         <input_file_ref idref="fl-f6"/>
      </object_component>
      <object_component id="oc-129">
         <name>.text:__TI_auto_init_nobinit_nopinit:__TI_auto_init_nobinit_nopinit</name>
         <load_address>0x3170</load_address>
         <run_address>0x3170</run_address>
         <size>0x44</size>
         <input_file_ref idref="fl-d2"/>
      </object_component>
      <object_component id="oc-48a">
         <name>.text:getdevice</name>
         <load_address>0x31b4</load_address>
         <run_address>0x31b4</run_address>
         <size>0x44</size>
         <input_file_ref idref="fl-ff"/>
      </object_component>
      <object_component id="oc-2f4">
         <name>.text:_fcpy</name>
         <load_address>0x31f8</load_address>
         <run_address>0x31f8</run_address>
         <size>0x3e</size>
         <input_file_ref idref="fl-d5"/>
      </object_component>
      <object_component id="oc-40b">
         <name>.text:minsert</name>
         <load_address>0x3238</load_address>
         <run_address>0x3238</run_address>
         <size>0x3c</size>
         <input_file_ref idref="fl-fa"/>
      </object_component>
      <object_component id="oc-466">
         <name>.text:__TI_writemsg</name>
         <load_address>0x3274</load_address>
         <run_address>0x3274</run_address>
         <size>0x38</size>
         <input_file_ref idref="fl-f8"/>
      </object_component>
      <object_component id="oc-51">
         <name>.text:_c_int00_noargs:_c_int00_noargs</name>
         <load_address>0x32ac</load_address>
         <run_address>0x32ac</run_address>
         <size>0x38</size>
         <input_file_ref idref="fl-c9"/>
      </object_component>
      <object_component id="oc-3ff">
         <name>.text:minit</name>
         <load_address>0x32e4</load_address>
         <run_address>0x32e4</run_address>
         <size>0x38</size>
         <input_file_ref idref="fl-fa"/>
      </object_component>
      <object_component id="oc-e2">
         <name>.text:strncpy</name>
         <load_address>0x331c</load_address>
         <run_address>0x331c</run_address>
         <size>0x36</size>
         <input_file_ref idref="fl-cf"/>
      </object_component>
      <object_component id="oc-3d7">
         <name>.text:__TI_cleanup</name>
         <load_address>0x3354</load_address>
         <run_address>0x3354</run_address>
         <size>0x34</size>
         <input_file_ref idref="fl-fb"/>
      </object_component>
      <object_component id="oc-46c">
         <name>.text:__TI_readmsg</name>
         <load_address>0x3388</load_address>
         <run_address>0x3388</run_address>
         <size>0x34</size>
         <input_file_ref idref="fl-f8"/>
      </object_component>
      <object_component id="oc-4ac">
         <name>.text:finddevice</name>
         <load_address>0x33bc</load_address>
         <run_address>0x33bc</run_address>
         <size>0x30</size>
         <input_file_ref idref="fl-ff"/>
      </object_component>
      <object_component id="oc-2d7">
         <name>.text</name>
         <load_address>0x33ec</load_address>
         <run_address>0x33ec</run_address>
         <size>0x2e</size>
         <input_file_ref idref="fl-e9"/>
      </object_component>
      <object_component id="oc-45b">
         <name>.text:unlink</name>
         <load_address>0x341c</load_address>
         <run_address>0x341c</run_address>
         <size>0x2c</size>
         <input_file_ref idref="fl-102"/>
      </object_component>
      <object_component id="oc-3c3">
         <name>.text:lseek</name>
         <load_address>0x3448</load_address>
         <run_address>0x3448</run_address>
         <size>0x28</size>
         <input_file_ref idref="fl-ef"/>
      </object_component>
      <object_component id="oc-405">
         <name>.text:mremove</name>
         <load_address>0x3470</load_address>
         <run_address>0x3470</run_address>
         <size>0x28</size>
         <input_file_ref idref="fl-fa"/>
      </object_component>
      <object_component id="oc-345">
         <name>.text:write</name>
         <load_address>0x3498</load_address>
         <run_address>0x3498</run_address>
         <size>0x28</size>
         <input_file_ref idref="fl-df"/>
      </object_component>
      <object_component id="oc-ca">
         <name>.text:UART_transmitData</name>
         <load_address>0x34c0</load_address>
         <run_address>0x34c0</run_address>
         <size>0x24</size>
         <input_file_ref idref="fl-f"/>
      </object_component>
      <object_component id="oc-339">
         <name>.text:memchr</name>
         <load_address>0x34e4</load_address>
         <run_address>0x34e4</run_address>
         <size>0x20</size>
         <input_file_ref idref="fl-dd"/>
      </object_component>
      <object_component id="oc-230">
         <name>.text:memccpy</name>
         <load_address>0x3504</load_address>
         <run_address>0x3504</run_address>
         <size>0x1c</size>
         <input_file_ref idref="fl-dc"/>
      </object_component>
      <object_component id="oc-d6">
         <name>.text:GPIO_setOutputLowOnPin</name>
         <load_address>0x3520</load_address>
         <run_address>0x3520</run_address>
         <size>0x18</size>
         <input_file_ref idref="fl-c"/>
      </object_component>
      <object_component id="oc-4c1">
         <name>.text:strcmp</name>
         <load_address>0x3538</load_address>
         <run_address>0x3538</run_address>
         <size>0x18</size>
         <input_file_ref idref="fl-101"/>
      </object_component>
      <object_component id="oc-308">
         <name>.text:strchr</name>
         <load_address>0x3550</load_address>
         <run_address>0x3550</run_address>
         <size>0x16</size>
         <input_file_ref idref="fl-de"/>
      </object_component>
      <object_component id="oc-ac">
         <name>.text:CS_setExternalClockSourceFrequency</name>
         <load_address>0x3568</load_address>
         <run_address>0x3568</run_address>
         <size>0x14</size>
         <input_file_ref idref="fl-b"/>
      </object_component>
      <object_component id="oc-dc">
         <name>.text:GPIO_setOutputHighOnPin</name>
         <load_address>0x357c</load_address>
         <run_address>0x357c</run_address>
         <size>0x14</size>
         <input_file_ref idref="fl-c"/>
      </object_component>
      <object_component id="oc-37b">
         <name>.text:copysign</name>
         <load_address>0x3590</load_address>
         <run_address>0x3590</run_address>
         <size>0x14</size>
         <input_file_ref idref="fl-e2"/>
      </object_component>
      <object_component id="oc-480">
         <name>.text:strcpy</name>
         <load_address>0x35a4</load_address>
         <run_address>0x35a4</run_address>
         <size>0x14</size>
         <input_file_ref idref="fl-fd"/>
      </object_component>
      <object_component id="oc-c4">
         <name>.text:strlen</name>
         <load_address>0x35b8</load_address>
         <run_address>0x35b8</run_address>
         <size>0x14</size>
         <input_file_ref idref="fl-ce"/>
      </object_component>
      <object_component id="oc-63">
         <name>.text</name>
         <load_address>0x35cc</load_address>
         <run_address>0x35cc</run_address>
         <size>0x12</size>
         <input_file_ref idref="fl-4"/>
      </object_component>
      <object_component id="oc-236">
         <name>.text:wcslen</name>
         <load_address>0x35de</load_address>
         <run_address>0x35de</run_address>
         <size>0x12</size>
         <input_file_ref idref="fl-e3"/>
      </object_component>
      <object_component id="oc-1f3">
         <name>.text:SysCtl_disableNMISource</name>
         <load_address>0x35f0</load_address>
         <run_address>0x35f0</run_address>
         <size>0x10</size>
         <input_file_ref idref="fl-e"/>
      </object_component>
      <object_component id="oc-1ff">
         <name>.text:SysCtl_enableNMISource</name>
         <load_address>0x3600</load_address>
         <run_address>0x3600</run_address>
         <size>0x10</size>
         <input_file_ref idref="fl-e"/>
      </object_component>
      <object_component id="oc-16">
         <name>.text:decompress:none:__TI_decompress_none</name>
         <load_address>0x3610</load_address>
         <run_address>0x3610</run_address>
         <size>0xe</size>
         <input_file_ref idref="fl-c7"/>
      </object_component>
      <object_component id="oc-1ed">
         <name>.text:SysCtl_getNMISourceStatus</name>
         <load_address>0x3620</load_address>
         <run_address>0x3620</run_address>
         <size>0xc</size>
         <input_file_ref idref="fl-e"/>
      </object_component>
      <object_component id="oc-45">
         <name>.text:decompress:ZI:__TI_zero_init</name>
         <load_address>0x362c</load_address>
         <run_address>0x362c</run_address>
         <size>0xc</size>
         <input_file_ref idref="fl-c6"/>
      </object_component>
      <object_component id="oc-23c">
         <name>.text:__aeabi_errno_addr</name>
         <load_address>0x3638</load_address>
         <run_address>0x3638</run_address>
         <size>0x8</size>
         <input_file_ref idref="fl-eb"/>
      </object_component>
      <object_component id="oc-b2">
         <name>.text:CS_startHFXT</name>
         <load_address>0x3640</load_address>
         <run_address>0x3640</run_address>
         <size>0x6</size>
         <input_file_ref idref="fl-b"/>
      </object_component>
      <object_component id="oc-b8">
         <name>.text:CS_startLFXT</name>
         <load_address>0x3646</load_address>
         <run_address>0x3646</run_address>
         <size>0x6</size>
         <input_file_ref idref="fl-b"/>
      </object_component>
      <object_component id="oc-189">
         <name>.text:_outc</name>
         <load_address>0x364c</load_address>
         <run_address>0x364c</run_address>
         <size>0x4</size>
         <input_file_ref idref="fl-cd"/>
      </object_component>
      <object_component id="oc-183">
         <name>.text:_outs</name>
         <load_address>0x3650</load_address>
         <run_address>0x3650</run_address>
         <size>0x4</size>
         <input_file_ref idref="fl-cd"/>
      </object_component>
      <object_component id="oc-93">
         <name>.text:_system_pre_init</name>
         <load_address>0x3654</load_address>
         <run_address>0x3654</run_address>
         <size>0x4</size>
         <input_file_ref idref="fl-d3"/>
      </object_component>
      <object_component id="oc-11d">
         <name>.text:abort:abort</name>
         <load_address>0x3658</load_address>
         <run_address>0x3658</run_address>
         <size>0x4</size>
         <input_file_ref idref="fl-ca"/>
      </object_component>
      <object_component id="oc-2b1">
         <name>.const:.string:_ctypes_</name>
         <load_address>0x365c</load_address>
         <run_address>0x365c</run_address>
         <size>0x101</size>
         <input_file_ref idref="fl-d7"/>
      </object_component>
      <object_component id="oc-19a">
         <name>.const:$P$T0$1</name>
         <load_address>0x3760</load_address>
         <run_address>0x3760</run_address>
         <size>0x24</size>
         <input_file_ref idref="fl-2"/>
      </object_component>
      <object_component id="oc-19d">
         <name>.const:$P$T1$2</name>
         <load_address>0x3784</load_address>
         <run_address>0x3784</run_address>
         <size>0x24</size>
         <input_file_ref idref="fl-2"/>
      </object_component>
      <object_component id="oc-4f8">
         <name>.cinit..data.load</name>
         <load_address>0x37a8</load_address>
         <run_address>0x37a8</run_address>
         <size>0xa3</size>
      </object_component>
      <object_component id="oc-4f6">
         <name>__TI_handler_table</name>
         <load_address>0x384c</load_address>
         <run_address>0x384c</run_address>
         <size>0xc</size>
      </object_component>
      <object_component id="oc-4f9">
         <name>.cinit..bss.load</name>
         <load_address>0x3858</load_address>
         <run_address>0x3858</run_address>
         <size>0x8</size>
      </object_component>
      <object_component id="oc-4f7">
         <name>__TI_cinit_table</name>
         <load_address>0x3860</load_address>
         <run_address>0x3860</run_address>
         <size>0x10</size>
      </object_component>
      <object_component id="oc-e8">
         <name>.data</name>
         <load_address>0x20000e10</load_address>
         <run_address>0x20000e10</run_address>
         <size>0x29</size>
         <input_file_ref idref="fl-3"/>
      </object_component>
      <object_component id="oc-15b">
         <name>.data</name>
         <load_address>0x20000e70</load_address>
         <run_address>0x20000e70</run_address>
         <size>0x4</size>
         <input_file_ref idref="fl-5"/>
      </object_component>
      <object_component id="oc-1a2">
         <name>.data:GPIO_PORT_TO_BASE</name>
         <load_address>0x20000de0</load_address>
         <run_address>0x20000de0</run_address>
         <size>0x30</size>
         <input_file_ref idref="fl-c"/>
      </object_component>
      <object_component id="oc-1c3">
         <name>.data:$O1$$</name>
         <load_address>0x20000e4c</load_address>
         <run_address>0x20000e4c</run_address>
         <size>0xc</size>
         <input_file_ref idref="fl-ca"/>
      </object_component>
      <object_component id="oc-17d">
         <name>.data:$O1$$</name>
         <load_address>0x20000e64</load_address>
         <run_address>0x20000e64</run_address>
         <size>0x8</size>
         <input_file_ref idref="fl-cb"/>
      </object_component>
      <object_component id="oc-180">
         <name>.data:_ftable</name>
         <load_address>0x20000c28</load_address>
         <run_address>0x20000c28</run_address>
         <size>0xf0</size>
         <input_file_ref idref="fl-d8"/>
      </object_component>
      <object_component id="oc-41c">
         <name>.data</name>
         <load_address>0x20000e3c</load_address>
         <run_address>0x20000e3c</run_address>
         <size>0x10</size>
         <input_file_ref idref="fl-d8"/>
      </object_component>
      <object_component id="oc-3ea">
         <name>.data:_device</name>
         <load_address>0x20000d18</load_address>
         <run_address>0x20000d18</run_address>
         <size>0x78</size>
         <input_file_ref idref="fl-df"/>
      </object_component>
      <object_component id="oc-3a9">
         <name>.data:_stream</name>
         <load_address>0x20000d90</load_address>
         <run_address>0x20000d90</run_address>
         <size>0x50</size>
         <input_file_ref idref="fl-df"/>
      </object_component>
      <object_component id="oc-318">
         <name>.data</name>
         <load_address>0x20000e6c</load_address>
         <run_address>0x20000e6c</run_address>
         <size>0x4</size>
         <input_file_ref idref="fl-eb"/>
      </object_component>
      <object_component id="oc-411">
         <name>.data:$O1$$</name>
         <load_address>0x20000e58</load_address>
         <run_address>0x20000e58</run_address>
         <size>0xc</size>
         <input_file_ref idref="fl-fa"/>
      </object_component>
      <object_component id="oc-494">
         <name>.bss:_CIOBUF_</name>
         <uninitialized>true</uninitialized>
         <run_address>0x20000a58</run_address>
         <size>0x120</size>
         <input_file_ref idref="fl-f8"/>
      </object_component>
      <object_component id="oc-ee">
         <name>.common:dataString</name>
         <uninitialized>true</uninitialized>
         <run_address>0x2000092c</run_address>
         <size>0x12c</size>
      </object_component>
      <object_component id="oc-eb">
         <name>.common:GPSString</name>
         <uninitialized>true</uninitialized>
         <run_address>0x20000800</run_address>
         <size>0x12c</size>
      </object_component>
      <object_component id="oc-162">
         <name>.common:hfxtFreq</name>
         <uninitialized>true</uninitialized>
         <run_address>0x20000c20</run_address>
         <size>0x4</size>
      </object_component>
      <object_component id="oc-15f">
         <name>.common:lfxtFreq</name>
         <uninitialized>true</uninitialized>
         <run_address>0x20000c24</run_address>
         <size>0x4</size>
      </object_component>
      <object_component id="oc-461">
         <name>.common:__TI_tmpnams</name>
         <uninitialized>true</uninitialized>
         <run_address>0x20000b78</run_address>
         <size>0xa0</size>
      </object_component>
      <object_component id="oc-472">
         <name>.common:parmbuf</name>
         <uninitialized>true</uninitialized>
         <run_address>0x20000c18</run_address>
         <size>0x8</size>
      </object_component>
      <object_component id="oc-25">
         <name>.sysmem</name>
         <uninitialized>true</uninitialized>
         <run_address>0x20000000</run_address>
         <size>0x8</size>
         <input_file_ref idref="fl-fa"/>
      </object_component>
      <object_component id="oc-4fb">
         <name>.sysmem</name>
         <uninitialized>true</uninitialized>
         <run_address>0x20000000</run_address>
         <size>0x0</size>
      </object_component>
      <object_component id="oc-22">
         <name>.stack</name>
         <uninitialized>true</uninitialized>
         <run_address>0x2000fe00</run_address>
         <size>0x4</size>
         <input_file_ref idref="fl-c9"/>
      </object_component>
      <object_component id="oc-4fa">
         <name>.stack</name>
         <uninitialized>true</uninitialized>
         <run_address>0x2000fe00</run_address>
         <size>0x0</size>
      </object_component>
      <object_component id="oc-1a1">
         <name>.debug_info</name>
         <load_address>0x0</load_address>
         <run_address>0x0</run_address>
         <size>0x56c</size>
         <input_file_ref idref="fl-2"/>
      </object_component>
      <object_component id="oc-19b">
         <name>.debug_info</name>
         <load_address>0x56c</load_address>
         <run_address>0x56c</run_address>
         <size>0xc9</size>
         <input_file_ref idref="fl-2"/>
      </object_component>
      <object_component id="oc-19e">
         <name>.debug_info</name>
         <load_address>0x635</load_address>
         <run_address>0x635</run_address>
         <size>0xc9</size>
         <input_file_ref idref="fl-2"/>
      </object_component>
      <object_component id="oc-d1">
         <name>.debug_info</name>
         <load_address>0x6fe</load_address>
         <run_address>0x6fe</run_address>
         <size>0x559</size>
         <input_file_ref idref="fl-2"/>
      </object_component>
      <object_component id="oc-fc">
         <name>.debug_info</name>
         <load_address>0xc57</load_address>
         <run_address>0xc57</run_address>
         <size>0x26b</size>
         <input_file_ref idref="fl-2"/>
      </object_component>
      <object_component id="oc-1b3">
         <name>.debug_info</name>
         <load_address>0xec2</load_address>
         <run_address>0xec2</run_address>
         <size>0x1055</size>
         <input_file_ref idref="fl-2"/>
      </object_component>
      <object_component id="oc-280">
         <name>.debug_info</name>
         <load_address>0x1f17</load_address>
         <run_address>0x1f17</run_address>
         <size>0x37e2</size>
         <input_file_ref idref="fl-2"/>
      </object_component>
      <object_component id="oc-f0">
         <name>.debug_info</name>
         <load_address>0x56f9</load_address>
         <run_address>0x56f9</run_address>
         <size>0x8b</size>
         <input_file_ref idref="fl-2"/>
      </object_component>
      <object_component id="oc-1bd">
         <name>.debug_info</name>
         <load_address>0x5784</load_address>
         <run_address>0x5784</run_address>
         <size>0x297</size>
         <input_file_ref idref="fl-2"/>
      </object_component>
      <object_component id="oc-1b8">
         <name>.debug_info</name>
         <load_address>0x5a1b</load_address>
         <run_address>0x5a1b</run_address>
         <size>0xef</size>
         <input_file_ref idref="fl-2"/>
      </object_component>
      <object_component id="oc-f5">
         <name>.debug_info</name>
         <load_address>0x5b0a</load_address>
         <run_address>0x5b0a</run_address>
         <size>0xbb</size>
         <input_file_ref idref="fl-2"/>
      </object_component>
      <object_component id="oc-28a">
         <name>.debug_info</name>
         <load_address>0x5bc5</load_address>
         <run_address>0x5bc5</run_address>
         <size>0xcc</size>
         <input_file_ref idref="fl-2"/>
      </object_component>
      <object_component id="oc-191">
         <name>.debug_info</name>
         <load_address>0x5c91</load_address>
         <run_address>0x5c91</run_address>
         <size>0x2c</size>
         <input_file_ref idref="fl-2"/>
      </object_component>
      <object_component id="oc-285">
         <name>.debug_info</name>
         <load_address>0x5cbd</load_address>
         <run_address>0x5cbd</run_address>
         <size>0xee</size>
         <input_file_ref idref="fl-2"/>
      </object_component>
      <object_component id="oc-ec">
         <name>.debug_info</name>
         <load_address>0x5dab</load_address>
         <run_address>0x5dab</run_address>
         <size>0x905</size>
         <input_file_ref idref="fl-3"/>
      </object_component>
      <object_component id="oc-e9">
         <name>.debug_info</name>
         <load_address>0x66b0</load_address>
         <run_address>0x66b0</run_address>
         <size>0x307</size>
         <input_file_ref idref="fl-3"/>
      </object_component>
      <object_component id="oc-6a">
         <name>.debug_info</name>
         <load_address>0x69b7</load_address>
         <run_address>0x69b7</run_address>
         <size>0x63a</size>
         <input_file_ref idref="fl-3"/>
      </object_component>
      <object_component id="oc-1ae">
         <name>.debug_info</name>
         <load_address>0x6ff1</load_address>
         <run_address>0x6ff1</run_address>
         <size>0x37e2</size>
         <input_file_ref idref="fl-3"/>
      </object_component>
      <object_component id="oc-114">
         <name>.debug_info</name>
         <load_address>0xa7d3</load_address>
         <run_address>0xa7d3</run_address>
         <size>0x2c</size>
         <input_file_ref idref="fl-3"/>
      </object_component>
      <object_component id="oc-71">
         <name>.debug_info</name>
         <load_address>0xa7ff</load_address>
         <run_address>0xa7ff</run_address>
         <size>0x2ec</size>
         <input_file_ref idref="fl-4"/>
      </object_component>
      <object_component id="oc-20">
         <name>.debug_info</name>
         <load_address>0xaaeb</load_address>
         <run_address>0xaaeb</run_address>
         <size>0xeb</size>
         <input_file_ref idref="fl-4"/>
      </object_component>
      <object_component id="oc-64">
         <name>.debug_info</name>
         <load_address>0xabd6</load_address>
         <run_address>0xabd6</run_address>
         <size>0x252</size>
         <input_file_ref idref="fl-4"/>
      </object_component>
      <object_component id="oc-2e">
         <name>.debug_info</name>
         <load_address>0xae28</load_address>
         <run_address>0xae28</run_address>
         <size>0x84</size>
         <input_file_ref idref="fl-4"/>
      </object_component>
      <object_component id="oc-15c">
         <name>.debug_info</name>
         <load_address>0xaeac</load_address>
         <run_address>0xaeac</run_address>
         <size>0xe4</size>
         <input_file_ref idref="fl-5"/>
      </object_component>
      <object_component id="oc-a6">
         <name>.debug_info</name>
         <load_address>0xaf90</load_address>
         <run_address>0xaf90</run_address>
         <size>0x256</size>
         <input_file_ref idref="fl-5"/>
      </object_component>
      <object_component id="oc-160">
         <name>.debug_info</name>
         <load_address>0xb1e6</load_address>
         <run_address>0xb1e6</run_address>
         <size>0x5ef</size>
         <input_file_ref idref="fl-b"/>
      </object_component>
      <object_component id="oc-174">
         <name>.debug_info</name>
         <load_address>0xb7d5</load_address>
         <run_address>0xb7d5</run_address>
         <size>0x21a</size>
         <input_file_ref idref="fl-b"/>
      </object_component>
      <object_component id="oc-bc">
         <name>.debug_info</name>
         <load_address>0xb9ef</load_address>
         <run_address>0xb9ef</run_address>
         <size>0x11c</size>
         <input_file_ref idref="fl-b"/>
      </object_component>
      <object_component id="oc-1fd">
         <name>.debug_info</name>
         <load_address>0xbb0b</load_address>
         <run_address>0xbb0b</run_address>
         <size>0xfc</size>
         <input_file_ref idref="fl-b"/>
      </object_component>
      <object_component id="oc-16d">
         <name>.debug_info</name>
         <load_address>0xbc07</load_address>
         <run_address>0xbc07</run_address>
         <size>0x23c</size>
         <input_file_ref idref="fl-b"/>
      </object_component>
      <object_component id="oc-b6">
         <name>.debug_info</name>
         <load_address>0xbe43</load_address>
         <run_address>0xbe43</run_address>
         <size>0x122</size>
         <input_file_ref idref="fl-b"/>
      </object_component>
      <object_component id="oc-b0">
         <name>.debug_info</name>
         <load_address>0xbf65</load_address>
         <run_address>0xbf65</run_address>
         <size>0x1dd</size>
         <input_file_ref idref="fl-b"/>
      </object_component>
      <object_component id="oc-1e3">
         <name>.debug_info</name>
         <load_address>0xc142</load_address>
         <run_address>0xc142</run_address>
         <size>0x1b5</size>
         <input_file_ref idref="fl-b"/>
      </object_component>
      <object_component id="oc-1e8">
         <name>.debug_info</name>
         <load_address>0xc2f7</load_address>
         <run_address>0xc2f7</run_address>
         <size>0x103e</size>
         <input_file_ref idref="fl-b"/>
      </object_component>
      <object_component id="oc-164">
         <name>.debug_info</name>
         <load_address>0xd335</load_address>
         <run_address>0xd335</run_address>
         <size>0x18b</size>
         <input_file_ref idref="fl-b"/>
      </object_component>
      <object_component id="oc-1a6">
         <name>.debug_info</name>
         <load_address>0xd4c0</load_address>
         <run_address>0xd4c0</run_address>
         <size>0x4a4</size>
         <input_file_ref idref="fl-c"/>
      </object_component>
      <object_component id="oc-1a3">
         <name>.debug_info</name>
         <load_address>0xd964</load_address>
         <run_address>0xd964</run_address>
         <size>0xd0</size>
         <input_file_ref idref="fl-c"/>
      </object_component>
      <object_component id="oc-d7">
         <name>.debug_info</name>
         <load_address>0xda34</load_address>
         <run_address>0xda34</run_address>
         <size>0x183</size>
         <input_file_ref idref="fl-c"/>
      </object_component>
      <object_component id="oc-dd">
         <name>.debug_info</name>
         <load_address>0xdbb7</load_address>
         <run_address>0xdbb7</run_address>
         <size>0x185</size>
         <input_file_ref idref="fl-c"/>
      </object_component>
      <object_component id="oc-2ae">
         <name>.debug_info</name>
         <load_address>0xdd3c</load_address>
         <run_address>0xdd3c</run_address>
         <size>0x379</size>
         <input_file_ref idref="fl-e"/>
      </object_component>
      <object_component id="oc-1ef">
         <name>.debug_info</name>
         <load_address>0xe0b5</load_address>
         <run_address>0xe0b5</run_address>
         <size>0x10f</size>
         <input_file_ref idref="fl-e"/>
      </object_component>
      <object_component id="oc-201">
         <name>.debug_info</name>
         <load_address>0xe1c4</load_address>
         <run_address>0xe1c4</run_address>
         <size>0x12b</size>
         <input_file_ref idref="fl-e"/>
      </object_component>
      <object_component id="oc-1f5">
         <name>.debug_info</name>
         <load_address>0xe2ef</load_address>
         <run_address>0xe2ef</run_address>
         <size>0x12d</size>
         <input_file_ref idref="fl-e"/>
      </object_component>
      <object_component id="oc-199">
         <name>.debug_info</name>
         <load_address>0xe41c</load_address>
         <run_address>0xe41c</run_address>
         <size>0x498</size>
         <input_file_ref idref="fl-f"/>
      </object_component>
      <object_component id="oc-cb">
         <name>.debug_info</name>
         <load_address>0xe8b4</load_address>
         <run_address>0xe8b4</run_address>
         <size>0x181</size>
         <input_file_ref idref="fl-f"/>
      </object_component>
      <object_component id="oc-275">
         <name>.debug_info</name>
         <load_address>0xea35</load_address>
         <run_address>0xea35</run_address>
         <size>0xee</size>
         <input_file_ref idref="fl-f"/>
      </object_component>
      <object_component id="oc-8c">
         <name>.debug_info</name>
         <load_address>0xeb23</load_address>
         <run_address>0xeb23</run_address>
         <size>0x313</size>
         <input_file_ref idref="fl-c6"/>
      </object_component>
      <object_component id="oc-48">
         <name>.debug_info</name>
         <load_address>0xee36</load_address>
         <run_address>0xee36</run_address>
         <size>0x1aa</size>
         <input_file_ref idref="fl-c6"/>
      </object_component>
      <object_component id="oc-87">
         <name>.debug_info</name>
         <load_address>0xefe0</load_address>
         <run_address>0xefe0</run_address>
         <size>0x46</size>
         <input_file_ref idref="fl-c6"/>
      </object_component>
      <object_component id="oc-3e">
         <name>.debug_info</name>
         <load_address>0xf026</load_address>
         <run_address>0xf026</run_address>
         <size>0x29d</size>
         <input_file_ref idref="fl-c7"/>
      </object_component>
      <object_component id="oc-17">
         <name>.debug_info</name>
         <load_address>0xf2c3</load_address>
         <run_address>0xf2c3</run_address>
         <size>0x1df</size>
         <input_file_ref idref="fl-c7"/>
      </object_component>
      <object_component id="oc-39">
         <name>.debug_info</name>
         <load_address>0xf4a2</load_address>
         <run_address>0xf4a2</run_address>
         <size>0x46</size>
         <input_file_ref idref="fl-c7"/>
      </object_component>
      <object_component id="oc-7f">
         <name>.debug_info</name>
         <load_address>0xf4e8</load_address>
         <run_address>0xf4e8</run_address>
         <size>0x2c</size>
         <input_file_ref idref="fl-c7"/>
      </object_component>
      <object_component id="oc-7d">
         <name>.debug_info</name>
         <load_address>0xf514</load_address>
         <run_address>0xf514</run_address>
         <size>0x293</size>
         <input_file_ref idref="fl-c8"/>
      </object_component>
      <object_component id="oc-11">
         <name>.debug_info</name>
         <load_address>0xf7a7</load_address>
         <run_address>0xf7a7</run_address>
         <size>0x245</size>
         <input_file_ref idref="fl-c8"/>
      </object_component>
      <object_component id="oc-29">
         <name>.debug_info</name>
         <load_address>0xf9ec</load_address>
         <run_address>0xf9ec</run_address>
         <size>0x60</size>
         <input_file_ref idref="fl-c8"/>
      </object_component>
      <object_component id="oc-10d">
         <name>.debug_info</name>
         <load_address>0xfa4c</load_address>
         <run_address>0xfa4c</run_address>
         <size>0x46</size>
         <input_file_ref idref="fl-c8"/>
      </object_component>
      <object_component id="oc-78">
         <name>.debug_info</name>
         <load_address>0xfa92</load_address>
         <run_address>0xfa92</run_address>
         <size>0x39</size>
         <input_file_ref idref="fl-c8"/>
      </object_component>
      <object_component id="oc-23">
         <name>.debug_info</name>
         <load_address>0xfacb</load_address>
         <run_address>0xfacb</run_address>
         <size>0x100</size>
         <input_file_ref idref="fl-c9"/>
      </object_component>
      <object_component id="oc-55">
         <name>.debug_info</name>
         <load_address>0xfbcb</load_address>
         <run_address>0xfbcb</run_address>
         <size>0x1a4</size>
         <input_file_ref idref="fl-c9"/>
      </object_component>
      <object_component id="oc-1c7">
         <name>.debug_info</name>
         <load_address>0xfd6f</load_address>
         <run_address>0xfd6f</run_address>
         <size>0x3a2</size>
         <input_file_ref idref="fl-ca"/>
      </object_component>
      <object_component id="oc-1c4">
         <name>.debug_info</name>
         <load_address>0x10111</load_address>
         <run_address>0x10111</run_address>
         <size>0x185</size>
         <input_file_ref idref="fl-ca"/>
      </object_component>
      <object_component id="oc-11f">
         <name>.debug_info</name>
         <load_address>0x10296</load_address>
         <run_address>0x10296</run_address>
         <size>0x117</size>
         <input_file_ref idref="fl-ca"/>
      </object_component>
      <object_component id="oc-126">
         <name>.debug_info</name>
         <load_address>0x103ad</load_address>
         <run_address>0x103ad</run_address>
         <size>0x179</size>
         <input_file_ref idref="fl-ca"/>
      </object_component>
      <object_component id="oc-256">
         <name>.debug_info</name>
         <load_address>0x10526</load_address>
         <run_address>0x10526</run_address>
         <size>0x2be</size>
         <input_file_ref idref="fl-cb"/>
      </object_component>
      <object_component id="oc-17e">
         <name>.debug_info</name>
         <load_address>0x107e4</load_address>
         <run_address>0x107e4</run_address>
         <size>0x113</size>
         <input_file_ref idref="fl-cb"/>
      </object_component>
      <object_component id="oc-24f">
         <name>.debug_info</name>
         <load_address>0x108f7</load_address>
         <run_address>0x108f7</run_address>
         <size>0x123</size>
         <input_file_ref idref="fl-cb"/>
      </object_component>
      <object_component id="oc-190">
         <name>.debug_info</name>
         <load_address>0x10a1a</load_address>
         <run_address>0x10a1a</run_address>
         <size>0x3da</size>
         <input_file_ref idref="fl-cd"/>
      </object_component>
      <object_component id="oc-18a">
         <name>.debug_info</name>
         <load_address>0x10df4</load_address>
         <run_address>0x10df4</run_address>
         <size>0x14c</size>
         <input_file_ref idref="fl-cd"/>
      </object_component>
      <object_component id="oc-186">
         <name>.debug_info</name>
         <load_address>0x10f40</load_address>
         <run_address>0x10f40</run_address>
         <size>0x15b</size>
         <input_file_ref idref="fl-cd"/>
      </object_component>
      <object_component id="oc-c2">
         <name>.debug_info</name>
         <load_address>0x1109b</load_address>
         <run_address>0x1109b</run_address>
         <size>0x1a1</size>
         <input_file_ref idref="fl-cd"/>
      </object_component>
      <object_component id="oc-26c">
         <name>.debug_info</name>
         <load_address>0x1123c</load_address>
         <run_address>0x1123c</run_address>
         <size>0xb2</size>
         <input_file_ref idref="fl-cd"/>
      </object_component>
      <object_component id="oc-197">
         <name>.debug_info</name>
         <load_address>0x112ee</load_address>
         <run_address>0x112ee</run_address>
         <size>0x284</size>
         <input_file_ref idref="fl-ce"/>
      </object_component>
      <object_component id="oc-c5">
         <name>.debug_info</name>
         <load_address>0x11572</load_address>
         <run_address>0x11572</run_address>
         <size>0x22a</size>
         <input_file_ref idref="fl-ce"/>
      </object_component>
      <object_component id="oc-1a9">
         <name>.debug_info</name>
         <load_address>0x1179c</load_address>
         <run_address>0x1179c</run_address>
         <size>0x2a4</size>
         <input_file_ref idref="fl-cf"/>
      </object_component>
      <object_component id="oc-e5">
         <name>.debug_info</name>
         <load_address>0x11a40</load_address>
         <run_address>0x11a40</run_address>
         <size>0x25a</size>
         <input_file_ref idref="fl-cf"/>
      </object_component>
      <object_component id="oc-34">
         <name>.debug_info</name>
         <load_address>0x11c9a</load_address>
         <run_address>0x11c9a</run_address>
         <size>0x111</size>
         <input_file_ref idref="fl-d0"/>
      </object_component>
      <object_component id="oc-90">
         <name>.debug_info</name>
         <load_address>0x11dab</load_address>
         <run_address>0x11dab</run_address>
         <size>0x13f</size>
         <input_file_ref idref="fl-d1"/>
      </object_component>
      <object_component id="oc-1ca">
         <name>.debug_info</name>
         <load_address>0x11eea</load_address>
         <run_address>0x11eea</run_address>
         <size>0x547</size>
         <input_file_ref idref="fl-d2"/>
      </object_component>
      <object_component id="oc-12d">
         <name>.debug_info</name>
         <load_address>0x12431</load_address>
         <run_address>0x12431</run_address>
         <size>0x19b</size>
         <input_file_ref idref="fl-d2"/>
      </object_component>
      <object_component id="oc-29b">
         <name>.debug_info</name>
         <load_address>0x125cc</load_address>
         <run_address>0x125cc</run_address>
         <size>0x39</size>
         <input_file_ref idref="fl-d2"/>
      </object_component>
      <object_component id="oc-34f">
         <name>.debug_info</name>
         <load_address>0x12605</load_address>
         <run_address>0x12605</run_address>
         <size>0x39</size>
         <input_file_ref idref="fl-d2"/>
      </object_component>
      <object_component id="oc-2a0">
         <name>.debug_info</name>
         <load_address>0x1263e</load_address>
         <run_address>0x1263e</run_address>
         <size>0x39</size>
         <input_file_ref idref="fl-d2"/>
      </object_component>
      <object_component id="oc-2a5">
         <name>.debug_info</name>
         <load_address>0x12677</load_address>
         <run_address>0x12677</run_address>
         <size>0xcd</size>
         <input_file_ref idref="fl-d2"/>
      </object_component>
      <object_component id="oc-95">
         <name>.debug_info</name>
         <load_address>0x12744</load_address>
         <run_address>0x12744</run_address>
         <size>0x148</size>
         <input_file_ref idref="fl-d3"/>
      </object_component>
      <object_component id="oc-243">
         <name>.debug_info</name>
         <load_address>0x1288c</load_address>
         <run_address>0x1288c</run_address>
         <size>0x8a6</size>
         <input_file_ref idref="fl-d5"/>
      </object_component>
      <object_component id="oc-20e">
         <name>.debug_info</name>
         <load_address>0x13132</load_address>
         <run_address>0x13132</run_address>
         <size>0x213</size>
         <input_file_ref idref="fl-d5"/>
      </object_component>
      <object_component id="oc-2e2">
         <name>.debug_info</name>
         <load_address>0x13345</load_address>
         <run_address>0x13345</run_address>
         <size>0x1a8</size>
         <input_file_ref idref="fl-d5"/>
      </object_component>
      <object_component id="oc-2e8">
         <name>.debug_info</name>
         <load_address>0x134ed</load_address>
         <run_address>0x134ed</run_address>
         <size>0x210</size>
         <input_file_ref idref="fl-d5"/>
      </object_component>
      <object_component id="oc-219">
         <name>.debug_info</name>
         <load_address>0x136fd</load_address>
         <run_address>0x136fd</run_address>
         <size>0x3b0</size>
         <input_file_ref idref="fl-d5"/>
      </object_component>
      <object_component id="oc-2ef">
         <name>.debug_info</name>
         <load_address>0x13aad</load_address>
         <run_address>0x13aad</run_address>
         <size>0x2fa</size>
         <input_file_ref idref="fl-d5"/>
      </object_component>
      <object_component id="oc-2f5">
         <name>.debug_info</name>
         <load_address>0x13da7</load_address>
         <run_address>0x13da7</run_address>
         <size>0x20a</size>
         <input_file_ref idref="fl-d5"/>
      </object_component>
      <object_component id="oc-21f">
         <name>.debug_info</name>
         <load_address>0x13fb1</load_address>
         <run_address>0x13fb1</run_address>
         <size>0x20a</size>
         <input_file_ref idref="fl-d5"/>
      </object_component>
      <object_component id="oc-225">
         <name>.debug_info</name>
         <load_address>0x141bb</load_address>
         <run_address>0x141bb</run_address>
         <size>0x2f9</size>
         <input_file_ref idref="fl-d5"/>
      </object_component>
      <object_component id="oc-22b">
         <name>.debug_info</name>
         <load_address>0x144b4</load_address>
         <run_address>0x144b4</run_address>
         <size>0x4a5</size>
         <input_file_ref idref="fl-d5"/>
      </object_component>
      <object_component id="oc-178">
         <name>.debug_info</name>
         <load_address>0x14959</load_address>
         <run_address>0x14959</run_address>
         <size>0x5cd</size>
         <input_file_ref idref="fl-d5"/>
      </object_component>
      <object_component id="oc-244">
         <name>.debug_info</name>
         <load_address>0x14f26</load_address>
         <run_address>0x14f26</run_address>
         <size>0x86</size>
         <input_file_ref idref="fl-d5"/>
      </object_component>
      <object_component id="oc-324">
         <name>.debug_info</name>
         <load_address>0x14fac</load_address>
         <run_address>0x14fac</run_address>
         <size>0x39</size>
         <input_file_ref idref="fl-d5"/>
      </object_component>
      <object_component id="oc-392">
         <name>.debug_info</name>
         <load_address>0x14fe5</load_address>
         <run_address>0x14fe5</run_address>
         <size>0xb6</size>
         <input_file_ref idref="fl-d5"/>
      </object_component>
      <object_component id="oc-329">
         <name>.debug_info</name>
         <load_address>0x1509b</load_address>
         <run_address>0x1509b</run_address>
         <size>0x46</size>
         <input_file_ref idref="fl-d5"/>
      </object_component>
      <object_component id="oc-249">
         <name>.debug_info</name>
         <load_address>0x150e1</load_address>
         <run_address>0x150e1</run_address>
         <size>0x46</size>
         <input_file_ref idref="fl-d5"/>
      </object_component>
      <object_component id="oc-31f">
         <name>.debug_info</name>
         <load_address>0x15127</load_address>
         <run_address>0x15127</run_address>
         <size>0x2c</size>
         <input_file_ref idref="fl-d5"/>
      </object_component>
      <object_component id="oc-2b5">
         <name>.debug_info</name>
         <load_address>0x15153</load_address>
         <run_address>0x15153</run_address>
         <size>0x2ae</size>
         <input_file_ref idref="fl-d6"/>
      </object_component>
      <object_component id="oc-20a">
         <name>.debug_info</name>
         <load_address>0x15401</load_address>
         <run_address>0x15401</run_address>
         <size>0x171</size>
         <input_file_ref idref="fl-d6"/>
      </object_component>
      <object_component id="oc-35f">
         <name>.debug_info</name>
         <load_address>0x15572</load_address>
         <run_address>0x15572</run_address>
         <size>0xee</size>
         <input_file_ref idref="fl-d7"/>
      </object_component>
      <object_component id="oc-2b2">
         <name>.debug_info</name>
         <load_address>0x15660</load_address>
         <run_address>0x15660</run_address>
         <size>0xfa</size>
         <input_file_ref idref="fl-d7"/>
      </object_component>
      <object_component id="oc-25a">
         <name>.debug_info</name>
         <load_address>0x1575a</load_address>
         <run_address>0x1575a</run_address>
         <size>0x139</size>
         <input_file_ref idref="fl-d8"/>
      </object_component>
      <object_component id="oc-181">
         <name>.debug_info</name>
         <load_address>0x15893</load_address>
         <run_address>0x15893</run_address>
         <size>0xf7</size>
         <input_file_ref idref="fl-d8"/>
      </object_component>
      <object_component id="oc-41d">
         <name>.debug_info</name>
         <load_address>0x1598a</load_address>
         <run_address>0x1598a</run_address>
         <size>0x184</size>
         <input_file_ref idref="fl-d8"/>
      </object_component>
      <object_component id="oc-34e">
         <name>.debug_info</name>
         <load_address>0x15b0e</load_address>
         <run_address>0x15b0e</run_address>
         <size>0x378</size>
         <input_file_ref idref="fl-d9"/>
      </object_component>
      <object_component id="oc-264">
         <name>.debug_info</name>
         <load_address>0x15e86</load_address>
         <run_address>0x15e86</run_address>
         <size>0x1df</size>
         <input_file_ref idref="fl-d9"/>
      </object_component>
      <object_component id="oc-34c">
         <name>.debug_info</name>
         <load_address>0x16065</load_address>
         <run_address>0x16065</run_address>
         <size>0x3f1</size>
         <input_file_ref idref="fl-da"/>
      </object_component>
      <object_component id="oc-25d">
         <name>.debug_info</name>
         <load_address>0x16456</load_address>
         <run_address>0x16456</run_address>
         <size>0x2d7</size>
         <input_file_ref idref="fl-da"/>
      </object_component>
      <object_component id="oc-36d">
         <name>.debug_info</name>
         <load_address>0x1672d</load_address>
         <run_address>0x1672d</run_address>
         <size>0x290</size>
         <input_file_ref idref="fl-db"/>
      </object_component>
      <object_component id="oc-2d3">
         <name>.debug_info</name>
         <load_address>0x169bd</load_address>
         <run_address>0x169bd</run_address>
         <size>0x1c2</size>
         <input_file_ref idref="fl-db"/>
      </object_component>
[...]
      </symbol>
      <symbol id="sm-fd">
         <name>parrotdelay</name>
         <value>0x12a9</value>
         <object_component_ref idref="oc-69"/>
      </symbol>
      <symbol id="sm-fe">
         <name>GPSStringClassifyGo</name>
         <value>0x20000e30</value>
         <object_component_ref idref="oc-e8"/>
      </symbol>
      <symbol id="sm-ff">
         <name>ClassifyString</name>
         <value>0x1379</value>
         <object_component_ref idref="oc-69"/>
      </symbol>
      <symbol id="sm-100">
         <name>flag</name>
         <value>0x20000e2c</value>
         <object_component_ref idref="oc-e8"/>
      </symbol>
      <symbol id="sm-101">
         <name>initClocks</name>
         <value>0x12f1</value>
         <object_component_ref idref="oc-69"/>
      </symbol>
      <symbol id="sm-123">
         <name>interruptVectors</name>
         <value>0x0</value>
         <object_component_ref idref="oc-1f"/>
      </symbol>
      <symbol id="sm-16a">
         <name>SystemInit</name>
         <value>0x11f5</value>
         <object_component_ref idref="oc-a5"/>
      </symbol>
      <symbol id="sm-16b">
         <name>SystemCoreClockUpdate</name>
         <value>0xf81</value>
         <object_component_ref idref="oc-a5"/>
      </symbol>
      <symbol id="sm-16c">
         <name>SystemCoreClock</name>
         <value>0x20000e70</value>
         <object_component_ref idref="oc-15b"/>
      </symbol>
      <symbol id="sm-1d5">
         <name>CS_startLFXT</name>
         <value>0x3647</value>
         <object_component_ref idref="oc-b8"/>
      </symbol>
      <symbol id="sm-1d6">
         <name>CS_startHFXT</name>
         <value>0x3641</value>
         <object_component_ref idref="oc-b2"/>
      </symbol>
      <symbol id="sm-1d7">
         <name>CS_setExternalClockSourceFrequency</name>
         <value>0x3569</value>
         <object_component_ref idref="oc-ac"/>
      </symbol>
      <symbol id="sm-1d8">
         <name>CS_startHFXTWithTimeout</name>
         <value>0x2441</value>
         <object_component_ref idref="oc-169"/>
      </symbol>
      <symbol id="sm-1d9">
         <name>CS_startLFXTWithTimeout</name>
         <value>0x24dd</value>
         <object_component_ref idref="oc-170"/>
      </symbol>
      <symbol id="sm-1f9">
         <name>GPIO_setOutputHighOnPin</name>
         <value>0x357d</value>
         <object_component_ref idref="oc-dc"/>
      </symbol>
      <symbol id="sm-1fa">
         <name>GPIO_setOutputLowOnPin</name>
         <value>0x3521</value>
         <object_component_ref idref="oc-d6"/>
      </symbol>
      <symbol id="sm-21e">
         <name>SysCtl_getNMISourceStatus</name>
         <value>0x3621</value>
         <object_component_ref idref="oc-1ed"/>
      </symbol>
      <symbol id="sm-21f">
         <name>SysCtl_enableNMISource</name>
         <value>0x3601</value>
         <object_component_ref idref="oc-1ff"/>
      </symbol>
      <symbol id="sm-220">
         <name>SysCtl_disableNMISource</name>
         <value>0x35f1</value>
         <object_component_ref idref="oc-1f3"/>
      </symbol>
      <symbol id="sm-236">
         <name>UART_transmitData</name>
         <value>0x34c1</value>
         <object_component_ref idref="oc-ca"/>
      </symbol>
      <symbol id="sm-249">
         <name>__TI_zero_init</name>
         <value>0x362d</value>
         <object_component_ref idref="oc-45"/>
      </symbol>
      <symbol id="sm-260">
         <name>__TI_decompress_none</name>
         <value>0x3611</value>
         <object_component_ref idref="oc-16"/>
      </symbol>
      <symbol id="sm-283">
         <name>__TI_decompress_lzss</name>
         <value>0x2b5d</value>
         <object_component_ref idref="oc-10"/>
      </symbol>
      <symbol id="sm-296">
         <name>__stack</name>
         <value>0x2000fe00</value>
         <object_component_ref idref="oc-22"/>
      </symbol>
      <symbol id="sm-297">
         <name>_c_int00_noargs</name>
         <value>0x32ad</value>
         <object_component_ref idref="oc-51"/>
      </symbol>
      <symbol id="sm-2bd">
         <name>C$$EXIT</name>
         <value>0x3659</value>
         <object_component_ref idref="oc-11d"/>
      </symbol>
      <symbol id="sm-2be">
         <name>abort</name>
         <value>0x3659</value>
         <object_component_ref idref="oc-11d"/>
      </symbol>
      <symbol id="sm-2bf">
         <name>__TI_dtors_ptr</name>
         <value>0x20000e50</value>
         <object_component_ref idref="oc-1c3"/>
      </symbol>
      <symbol id="sm-2c0">
         <name>__TI_cleanup_ptr</name>
         <value>0x20000e4c</value>
         <object_component_ref idref="oc-1c3"/>
      </symbol>
      <symbol id="sm-2c1">
         <name>__TI_enable_exit_profile_output</name>
         <value>0x20000e54</value>
         <object_component_ref idref="oc-1c3"/>
      </symbol>
      <symbol id="sm-2c2">
         <name>exit</name>
         <value>0x3059</value>
         <object_component_ref idref="oc-123"/>
      </symbol>
      <symbol id="sm-2d7">
         <name>_nop</name>
         <value>0xb9f</value>
         <object_component_ref idref="oc-24e"/>
      </symbol>
      <symbol id="sm-2d8">
         <name>_lock</name>
         <value>0x20000e64</value>
         <object_component_ref idref="oc-17d"/>
      </symbol>
      <symbol id="sm-2d9">
         <name>_unlock</name>
         <value>0x20000e68</value>
         <object_component_ref idref="oc-17d"/>
      </symbol>
      <symbol id="sm-306">
         <name>printf</name>
         <value>0x2bc5</value>
         <object_component_ref idref="oc-be"/>
      </symbol>
      <symbol id="sm-314">
         <name>strlen</name>
         <value>0x35b9</value>
         <object_component_ref idref="oc-c4"/>
      </symbol>
      <symbol id="sm-324">
         <name>strncpy</name>
         <value>0x331d</value>
         <object_component_ref idref="oc-e2"/>
      </symbol>
      <symbol id="sm-33f">
         <name>memcpy</name>
         <value>0x2579</value>
         <object_component_ref idref="oc-33"/>
      </symbol>
      <symbol id="sm-340">
         <name>__aeabi_memcpy</name>
         <value>0x2579</value>
         <object_component_ref idref="oc-33"/>
      </symbol>
      <symbol id="sm-341">
         <name>__aeabi_memcpy8</name>
         <value>0x2579</value>
         <object_component_ref idref="oc-33"/>
      </symbol>
      <symbol id="sm-342">
         <name>__aeabi_memcpy4</name>
         <value>0x2579</value>
         <object_component_ref idref="oc-33"/>
      </symbol>
      <symbol id="sm-351">
         <name>__aeabi_memset</name>
         <value>0x2847</value>
         <object_component_ref idref="oc-8d"/>
      </symbol>
      <symbol id="sm-352">
         <name>memset</name>
         <value>0x284d</value>
         <object_component_ref idref="oc-8d"/>
      </symbol>
      <symbol id="sm-353">
         <name>__aeabi_memset8</name>
         <value>0x2847</value>
         <object_component_ref idref="oc-8d"/>
      </symbol>
      <symbol id="sm-354">
         <name>__aeabi_memset4</name>
         <value>0x2847</value>
         <object_component_ref idref="oc-8d"/>
      </symbol>
      <symbol id="sm-355">
         <name>__aeabi_memclr8</name>
         <value>0x2845</value>
         <object_component_ref idref="oc-8d"/>
      </symbol>
      <symbol id="sm-356">
         <name>__aeabi_memclr4</name>
         <value>0x2845</value>
         <object_component_ref idref="oc-8d"/>
      </symbol>
      <symbol id="sm-357">
         <name>__aeabi_memclr</name>
         <value>0x2845</value>
         <object_component_ref idref="oc-8d"/>
      </symbol>
      <symbol id="sm-37f">
         <name>__TI_auto_init_nobinit_nopinit</name>
         <value>0x3171</value>
         <object_component_ref idref="oc-129"/>
      </symbol>
      <symbol id="sm-389">
         <name>_system_pre_init</name>
         <value>0x3655</value>
         <object_component_ref idref="oc-93"/>
      </symbol>
      <symbol id="sm-4f4">
         <name>__TI_printfi</name>
         <value>0x141</value>
         <object_component_ref idref="oc-177"/>
      </symbol>
      <symbol id="sm-50a">
         <name>atoi</name>
         <value>0x300d</value>
         <object_component_ref idref="oc-207"/>
      </symbol>
      <symbol id="sm-515">
         <name>_ctypes_</name>
         <value>0x365c</value>
         <object_component_ref idref="oc-2b1"/>
      </symbol>
      <symbol id="sm-52a">
         <name>__TI_tmpnams</name>
         <value>0x20000b78</value>
      </symbol>
      <symbol id="sm-52b">
         <name>__aeabi_stdout</name>
         <value>0x20000e44</value>
         <object_component_ref idref="oc-41c"/>
      </symbol>
      <symbol id="sm-52c">
         <name>__aeabi_stderr</name>
         <value>0x20000e48</value>
         <object_component_ref idref="oc-41c"/>
      </symbol>
      <symbol id="sm-52d">
         <name>__aeabi_stdin</name>
         <value>0x20000e40</value>
         <object_component_ref idref="oc-41c"/>
      </symbol>
      <symbol id="sm-52e">
         <name>_ftable</name>
         <value>0x20000c28</value>
         <object_component_ref idref="oc-180"/>
      </symbol>
      <symbol id="sm-52f">
         <name>__TI_ft_end</name>
         <value>0x20000e3c</value>
         <object_component_ref idref="oc-41c"/>
      </symbol>
      <symbol id="sm-544">
         <name>putc</name>
         <value>0x26ad</value>
         <object_component_ref idref="oc-263"/>
      </symbol>
      <symbol id="sm-545">
         <name>fputc</name>
         <value>0x26ad</value>
         <object_component_ref idref="oc-263"/>
      </symbol>
      <symbol id="sm-563">
         <name>fputs</name>
         <value>0x1eb9</value>
         <object_component_ref idref="oc-25c"/>
      </symbol>
      <symbol id="sm-572">
         <name>ltoa</name>
         <value>0x2f1b</value>
         <object_component_ref idref="oc-2d1"/>
      </symbol>
      <symbol id="sm-582">
         <name>memccpy</name>
         <value>0x3505</value>
         <object_component_ref idref="oc-230"/>
      </symbol>
      <symbol id="sm-592">
         <name>memchr</name>
         <value>0x34e5</value>
         <object_component_ref idref="oc-339"/>
      </symbol>
      <symbol id="sm-5a2">
         <name>strchr</name>
         <value>0x3551</value>
         <object_component_ref idref="oc-308"/>
      </symbol>
      <symbol id="sm-5c8">
         <name>_stream</name>
         <value>0x20000d90</value>
         <object_component_ref idref="oc-3a9"/>
      </symbol>
      <symbol id="sm-5c9">
         <name>_device</name>
         <value>0x20000d18</value>
         <object_component_ref idref="oc-3ea"/>
      </symbol>
      <symbol id="sm-5ca">
         <name>write</name>
         <value>0x3499</value>
         <object_component_ref idref="oc-345"/>
      </symbol>
      <symbol id="sm-5ea">
         <name>frexpl</name>
         <value>0x2c2d</value>
         <object_component_ref idref="oc-2fc"/>
      </symbol>
      <symbol id="sm-5eb">
         <name>frexp</name>
         <value>0x2c2d</value>
         <object_component_ref idref="oc-2fc"/>
      </symbol>
      <symbol id="sm-608">
         <name>scalbn</name>
         <value>0x1fcd</value>
         <object_component_ref idref="oc-302"/>
      </symbol>
      <symbol id="sm-609">
         <name>scalbnl</name>
         <value>0x1fcd</value>
         <object_component_ref idref="oc-302"/>
      </symbol>
      <symbol id="sm-60a">
         <name>ldexpl</name>
         <value>0x1fcd</value>
         <object_component_ref idref="oc-302"/>
      </symbol>
      <symbol id="sm-60b">
         <name>ldexp</name>
         <value>0x1fcd</value>
         <object_component_ref idref="oc-302"/>
      </symbol>
      <symbol id="sm-615">
         <name>copysign</name>
         <value>0x3591</value>
         <object_component_ref idref="oc-37b"/>
      </symbol>
      <symbol id="sm-616">
         <name>copysignl</name>
         <value>0x3591</value>
         <object_component_ref idref="oc-37b"/>
      </symbol>
      <symbol id="sm-62f">
         <name>wcslen</name>
         <value>0x35df</value>
         <object_component_ref idref="oc-236"/>
      </symbol>
      <symbol id="sm-646">
         <name>__aeabi_dsub</name>
         <value>0x196d</value>
         <object_component_ref idref="oc-2dc"/>
      </symbol>
      <symbol id="sm-647">
         <name>__aeabi_dadd</name>
         <value>0x1977</value>
         <object_component_ref idref="oc-2dc"/>
      </symbol>
      <symbol id="sm-669">
         <name>__aeabi_cdcmpeq</name>
         <value>0x2739</value>
         <object_component_ref idref="oc-213"/>
      </symbol>
      <symbol id="sm-66a">
         <name>__aeabi_cdcmple</name>
         <value>0x2739</value>
         <object_component_ref idref="oc-213"/>
      </symbol>
      <symbol id="sm-66b">
         <name>__aeabi_cdrcmple</name>
         <value>0x27bf</value>
         <object_component_ref idref="oc-2c7"/>
      </symbol>
      <symbol id="sm-67f">
         <name>__aeabi_ddiv</name>
         <value>0x1c61</value>
         <object_component_ref idref="oc-2c2"/>
      </symbol>
      <symbol id="sm-68a">
         <name>__aeabi_dmul</name>
         <value>0x20dd</value>
         <object_component_ref idref="oc-2bd"/>
      </symbol>
      <symbol id="sm-694">
         <name>__aeabi_d2iz</name>
         <value>0x30a1</value>
         <object_component_ref idref="oc-2cc"/>
      </symbol>
      <symbol id="sm-69e">
         <name>__aeabi_i2d</name>
         <value>0x33ed</value>
         <object_component_ref idref="oc-2d7"/>
      </symbol>
      <symbol id="sm-6ab">
         <name>__aeabi_uldivmod</name>
         <value>0x2615</value>
         <object_component_ref idref="oc-2b6"/>
      </symbol>
      <symbol id="sm-6c1">
         <name>__aeabi_errno_addr</name>
         <value>0x3639</value>
         <object_component_ref idref="oc-23c"/>
      </symbol>
      <symbol id="sm-6c2">
         <name>errno</name>
         <value>0x20000e6c</value>
         <object_component_ref idref="oc-318"/>
      </symbol>
      <symbol id="sm-6da">
         <name>__TI_wrt_ok</name>
         <value>0x2cf5</value>
         <object_component_ref idref="oc-333"/>
      </symbol>
      <symbol id="sm-6ea">
         <name>__TI_doflush</name>
         <value>0x2fc1</value>
         <object_component_ref idref="oc-33f"/>
      </symbol>
      <symbol id="sm-6fc">
         <name>fseek</name>
         <value>0x2c91</value>
         <object_component_ref idref="oc-397"/>
      </symbol>
      <symbol id="sm-70c">
         <name>lseek</name>
         <value>0x3449</value>
         <object_component_ref idref="oc-3c3"/>
      </symbol>
      <symbol id="sm-728">
         <name>setvbuf</name>
         <value>0x21d9</value>
         <object_component_ref idref="oc-39d"/>
      </symbol>
      <symbol id="sm-739">
         <name>HOSTclose</name>
         <value>0x30e9</value>
         <object_component_ref idref="oc-428"/>
      </symbol>
      <symbol id="sm-74a">
         <name>HOSTlseek</name>
         <value>0x2a8d</value>
         <object_component_ref idref="oc-43a"/>
      </symbol>
      <symbol id="sm-75c">
         <name>parmbuf</name>
         <value>0x20000c18</value>
      </symbol>
      <symbol id="sm-75d">
         <name>HOSTopen</name>
         <value>0x2d59</value>
         <object_component_ref idref="oc-422"/>
      </symbol>
      <symbol id="sm-76e">
         <name>HOSTread</name>
         <value>0x2e15</value>
         <object_component_ref idref="oc-42e"/>
      </symbol>
      <symbol id="sm-77f">
         <name>HOSTrename</name>
         <value>0x2af5</value>
         <object_component_ref idref="oc-446"/>
      </symbol>
      <symbol id="sm-790">
         <name>HOSTunlink</name>
         <value>0x312d</value>
         <object_component_ref idref="oc-440"/>
      </symbol>
      <symbol id="sm-7a1">
         <name>HOSTwrite</name>
         <value>0x2e6d</value>
         <object_component_ref idref="oc-434"/>
      </symbol>
      <symbol id="sm-7c5">
         <name>__TI_readmsg</name>
         <value>0x3389</value>
         <object_component_ref idref="oc-46c"/>
      </symbol>
      <symbol id="sm-7c6">
         <name>C$$IO$$</name>
         <value>0x32a3</value>
         <object_component_ref idref="oc-466"/>
      </symbol>
      <symbol id="sm-7c7">
         <name>__CIOBUF_</name>
         <value>0x20000a58</value>
         <object_component_ref idref="oc-494"/>
      </symbol>
      <symbol id="sm-7c8">
         <name>__TI_writemsg</name>
         <value>0x3275</value>
         <object_component_ref idref="oc-466"/>
      </symbol>
      <symbol id="sm-7d2">
         <name>__aeabi_idiv0</name>
         <value>0x1b23</value>
         <object_component_ref idref="oc-362"/>
      </symbol>
      <symbol id="sm-7d3">
         <name>__aeabi_ldiv0</name>
         <value>0x1b23</value>
         <object_component_ref idref="oc-362"/>
      </symbol>
      <symbol id="sm-84e">
         <name>_sys_memory</name>
         <value>0x20000000</value>
         <object_component_ref idref="oc-25"/>
      </symbol>
      <symbol id="sm-84f">
         <name>free</name>
         <value>0x22b5</value>
         <object_component_ref idref="oc-3cb"/>
      </symbol>
      <symbol id="sm-850">
         <name>malloc</name>
         <value>0x28c1</value>
         <object_component_ref idref="oc-3d1"/>
      </symbol>
      <symbol id="sm-851">
         <name>minit</name>
         <value>0x32e5</value>
         <object_component_ref idref="oc-3ff"/>
      </symbol>
      <symbol id="sm-861">
         <name>__TI_cleanup</name>
         <value>0x3355</value>
         <object_component_ref idref="oc-3d7"/>
      </symbol>
      <symbol id="sm-870">
         <name>strcpy</name>
         <value>0x35a5</value>
         <object_component_ref idref="oc-480"/>
      </symbol>
      <symbol id="sm-885">
         <name>__TI_closefile</name>
         <value>0x2939</value>
         <object_component_ref idref="oc-416"/>
      </symbol>
      <symbol id="sm-8a8">
         <name>finddevice</name>
         <value>0x33bd</value>
         <object_component_ref idref="oc-4ac"/>
      </symbol>
      <symbol id="sm-8a9">
         <name>getdevice</name>
         <value>0x31b5</value>
         <object_component_ref idref="oc-48a"/>
      </symbol>
      <symbol id="sm-8b9">
         <name>strcmp</name>
         <value>0x3539</value>
         <object_component_ref idref="oc-4c1"/>
      </symbol>
      <symbol id="sm-8c9">
         <name>unlink</name>
         <value>0x341d</value>
         <object_component_ref idref="oc-45b"/>
      </symbol>
      <symbol id="sm-8dd">
         <name>close</name>
         <value>0x2db9</value>
         <object_component_ref idref="oc-455"/>
      </symbol>
      <symbol id="sm-8de">
         <name>__TI_static_base__</name>
         <value>0x0</value>
      </symbol>
      <symbol id="sm-8e1">
         <name>__mpu_init</name>
         <value>0x0</value>
      </symbol>
      <symbol id="sm-8e2">
         <name>_system_post_cinit</name>
         <value>0x0</value>
      </symbol>
      <symbol id="sm-8e3">
         <name>remove</name>
         <value>0x341d</value>
      </symbol>
   </symbol_table>
   <title>Link successful</title>
</link_info>
